[INFO] Scanning for projects...
[INFO] 
[INFO] -----------------------< com.finsight:finsight >------------------------
[INFO] Building FinSight 1.0.0
[INFO]   from pom.xml
[INFO] --------------------------------[ jar ]---------------------------------
[INFO] 
[INFO] --- resources:3.3.1:resources (default-resources) @ finsight ---
[INFO] Copying 3 resources from src/main/resources to target/classes
[INFO] Copying 13 resources from src/main/resources to target/classes
[INFO] 
[INFO] --- compiler:3.14.1:compile (default-compile) @ finsight ---
[INFO] Nothing to compile - all classes are up to date.
[INFO] 
[INFO] --- resources:3.3.1:testResources (default-testResources) @ finsight ---
[INFO] Copying 1 resource from src/test/resources to target/test-classes
[INFO] 
[INFO] --- compiler:3.14.1:testCompile (default-testCompile) @ finsight ---
[INFO] Nothing to compile - all classes are up to date.
[INFO] 
[INFO] --- surefire:3.5.5:test (default-test) @ finsight ---
[INFO] Using auto detected provider org.apache.maven.surefire.junitplatform.JUnitPlatformProvider
[INFO] 
[INFO] -------------------------------------------------------
[INFO]  T E S T S
[INFO] -------------------------------------------------------
[INFO] Running com.finsight.repository.TransactionRepositoryTest
19:23:15.420 [main] INFO org.springframework.test.context.support.AnnotationConfigContextLoaderUtils -- Could not detect default configuration classes for test class [com.finsight.repository.TransactionRepositoryTest]: TransactionRepositoryTest does not declare any static, non-private, non-final, nested classes annotated with @Configuration.
19:23:15.518 [main] INFO org.springframework.boot.test.context.SpringBootTestContextBootstrapper -- Found @SpringBootConfiguration com.finsight.FinSightApplication for test class com.finsight.repository.TransactionRepositoryTest
19:23:15.568 [main] INFO org.springframework.boot.devtools.restart.RestartApplicationListener -- Restart disabled due to context in which it is running

  .   ____          _            __ _ _
 /\\ / ___'_ __ _ _(_)_ __  __ _ \ \ \ \
( ( )\___ | '_ | '_| | '_ \/ _` | \ \ \ \
 \\/  ___)| |_)| | | | | || (_| |  ) ) ) )
  '  |____| .__|_| |_|_| |_\__, | / / / /
 =========|_|==============|___/=/_/_/_/

 :: Spring Boot ::               (v3.5.12)

2026-05-17 19:23:16.063 [background-preinit] INFO  o.h.validator.internal.util.Version - HV000001: Hibernate Validator 8.0.3.Final
2026-05-17 19:23:16.090 [main] INFO  c.f.r.TransactionRepositoryTest - Starting TransactionRepositoryTest using Java 17.0.18 with PID 86553 (started by shashi in /Users/shashi/FinSight)
2026-05-17 19:23:16.091 [main] DEBUG c.f.r.TransactionRepositoryTest - Running with Spring Boot v3.5.12, Spring v6.2.17
2026-05-17 19:23:16.091 [main] INFO  c.f.r.TransactionRepositoryTest - The following 1 profile is active: "test"
2026-05-17 19:23:16.358 [main] INFO  o.s.d.r.c.RepositoryConfigurationDelegate - Multiple Spring Data modules found, entering strict repository configuration mode
2026-05-17 19:23:16.359 [main] INFO  o.s.d.r.c.RepositoryConfigurationDelegate - Bootstrapping Spring Data JPA repositories in DEFAULT mode.
2026-05-17 19:23:16.484 [main] INFO  o.s.d.r.c.RepositoryConfigurationDelegate - Finished Spring Data repository scanning in 121 ms. Found 20 JPA repository interfaces.
2026-05-17 19:23:16.518 [main] INFO  o.s.b.t.a.j.TestDatabaseAutoConfiguration$EmbeddedDataSourceBeanFactoryPostProcessor - Replacing 'dataSource' DataSource bean with embedded version
2026-05-17 19:23:16.562 [main] INFO  o.s.j.d.e.EmbeddedDatabaseFactory - Starting embedded database: url='jdbc:h2:mem:ba34e7f5-edcf-4af3-bb81-5215ed837e52;DB_CLOSE_DELAY=-1;DB_CLOSE_ON_EXIT=false', username='sa'
2026-05-17 19:23:16.697 [main] INFO  o.h.jpa.internal.util.LogHelper - HHH000204: Processing PersistenceUnitInfo [name: default]
2026-05-17 19:23:16.735 [main] INFO  org.hibernate.Version - HHH000412: Hibernate ORM core version 6.6.44.Final
2026-05-17 19:23:16.754 [main] INFO  o.h.c.i.RegionFactoryInitiator - HHH000026: Second-level cache disabled
2026-05-17 19:23:16.897 [main] INFO  o.s.o.j.p.SpringPersistenceUnitInfo - No LoadTimeWeaver setup: ignoring JPA class transformer
2026-05-17 19:23:16.948 [main] INFO  o.hibernate.orm.connections.pooling - HHH10001005: Database info:
	Database JDBC URL [Connecting through datasource 'org.springframework.jdbc.datasource.embedded.EmbeddedDatabaseFactory$EmbeddedDataSourceProxy@30b9728f']
	Database driver: undefined/unknown
	Database version: 2.3.232
	Autocommit mode: undefined/unknown
	Isolation level: undefined/unknown
	Minimum pool size: undefined/unknown
	Maximum pool size: undefined/unknown
2026-05-17 19:23:17.609 [main] INFO  o.h.e.t.j.p.i.JtaPlatformInitiator - HHH000489: No JTA platform available (set 'hibernate.transaction.jta.platform' to enable JTA platform integration)
2026-05-17 19:23:17.616 [main] DEBUG org.hibernate.SQL - 
    drop table if exists budgets cascade 
Hibernate: 
    drop table if exists budgets cascade 
2026-05-17 19:23:17.617 [main] DEBUG org.hibernate.SQL - 
    drop table if exists categories cascade 
Hibernate: 
    drop table if exists categories cascade 
2026-05-17 19:23:17.617 [main] DEBUG org.hibernate.SQL - 
    drop table if exists currencies cascade 
Hibernate: 
    drop table if exists currencies cascade 
2026-05-17 19:23:17.618 [main] DEBUG org.hibernate.SQL - 
    drop table if exists exchange_rates cascade 
Hibernate: 
    drop table if exists exchange_rates cascade 
2026-05-17 19:23:17.618 [main] DEBUG org.hibernate.SQL - 
    drop table if exists external_transactions cascade 
Hibernate: 
    drop table if exists external_transactions cascade 
2026-05-17 19:23:17.618 [main] DEBUG org.hibernate.SQL - 
    drop table if exists idempotency_keys cascade 
Hibernate: 
    drop table if exists idempotency_keys cascade 
2026-05-17 19:23:17.618 [main] DEBUG org.hibernate.SQL - 
    drop table if exists kafka_outbox_events cascade 
Hibernate: 
    drop table if exists kafka_outbox_events cascade 
2026-05-17 19:23:17.618 [main] DEBUG org.hibernate.SQL - 
    drop table if exists notification_deliveries cascade 
Hibernate: 
    drop table if exists notification_deliveries cascade 
2026-05-17 19:23:17.618 [main] DEBUG org.hibernate.SQL - 
    drop table if exists notification_preferences cascade 
Hibernate: 
    drop table if exists notification_preferences cascade 
2026-05-17 19:23:17.618 [main] DEBUG org.hibernate.SQL - 
    drop table if exists notifications cascade 
Hibernate: 
    drop table if exists notifications cascade 
2026-05-17 19:23:17.619 [main] DEBUG org.hibernate.SQL - 
    drop table if exists reconciliation_batches cascade 
Hibernate: 
    drop table if exists reconciliation_batches cascade 
2026-05-17 19:23:17.619 [main] DEBUG org.hibernate.SQL - 
    drop table if exists reconciliation_schedule_preferences cascade 
Hibernate: 
    drop table if exists reconciliation_schedule_preferences cascade 
2026-05-17 19:23:17.619 [main] DEBUG org.hibernate.SQL - 
    drop table if exists recurring_transactions cascade 
Hibernate: 
    drop table if exists recurring_transactions cascade 
2026-05-17 19:23:17.619 [main] DEBUG org.hibernate.SQL - 
    drop table if exists transaction_audit_log cascade 
Hibernate: 
    drop table if exists transaction_audit_log cascade 
2026-05-17 19:23:17.619 [main] DEBUG org.hibernate.SQL - 
    drop table if exists transaction_matches cascade 
Hibernate: 
    drop table if exists transaction_matches cascade 
2026-05-17 19:23:17.619 [main] DEBUG org.hibernate.SQL - 
    drop table if exists transactions cascade 
Hibernate: 
    drop table if exists transactions cascade 
2026-05-17 19:23:17.619 [main] DEBUG org.hibernate.SQL - 
    drop table if exists user_wallets cascade 
Hibernate: 
    drop table if exists user_wallets cascade 
2026-05-17 19:23:17.619 [main] DEBUG org.hibernate.SQL - 
    drop table if exists users cascade 
Hibernate: 
    drop table if exists users cascade 
2026-05-17 19:23:17.620 [main] DEBUG org.hibernate.SQL - 
    drop table if exists webhook_deliveries cascade 
Hibernate: 
    drop table if exists webhook_deliveries cascade 
2026-05-17 19:23:17.620 [main] DEBUG org.hibernate.SQL - 
    drop table if exists webhooks cascade 
Hibernate: 
    drop table if exists webhooks cascade 
2026-05-17 19:23:17.623 [main] DEBUG org.hibernate.SQL - 
    create table budgets (
        budget_month integer not null,
        budget_year integer not null,
        monthly_limit numeric(15,2) not null,
        category_id bigint not null,
        id bigint generated by default as identity,
        user_id bigint not null,
        primary key (id),
        unique (user_id, category_id, budget_month, budget_year)
    )
Hibernate: 
    create table budgets (
        budget_month integer not null,
        budget_year integer not null,
        monthly_limit numeric(15,2) not null,
        category_id bigint not null,
        id bigint generated by default as identity,
        user_id bigint not null,
        primary key (id),
        unique (user_id, category_id, budget_month, budget_year)
    )
2026-05-17 19:23:17.629 [main] DEBUG org.hibernate.SQL - 
    create table categories (
        id bigint generated by default as identity,
        name varchar(100) not null,
        type enum ('EXPENSE','INCOME') not null,
        primary key (id),
        unique (name, type)
    )
Hibernate: 
    create table categories (
        id bigint generated by default as identity,
        name varchar(100) not null,
        type enum ('EXPENSE','INCOME') not null,
        primary key (id),
        unique (name, type)
    )
2026-05-17 19:23:17.630 [main] DEBUG org.hibernate.SQL - 
    create table currencies (
        active boolean not null,
        code varchar(3) not null unique,
        created_at timestamp(6) not null,
        id bigint generated by default as identity,
        symbol varchar(10) not null,
        name varchar(100) not null,
        primary key (id)
    )
Hibernate: 
    create table currencies (
        active boolean not null,
        code varchar(3) not null unique,
        created_at timestamp(6) not null,
        id bigint generated by default as identity,
        symbol varchar(10) not null,
        name varchar(100) not null,
        primary key (id)
    )
2026-05-17 19:23:17.630 [main] DEBUG org.hibernate.SQL - 
    create table exchange_rates (
        effective_date date not null,
        rate numeric(18,8) not null,
        from_currency_id bigint not null,
        id bigint generated by default as identity,
        to_currency_id bigint not null,
        source varchar(50) not null,
        primary key (id),
        unique (from_currency_id, to_currency_id, effective_date)
    )
Hibernate: 
    create table exchange_rates (
        effective_date date not null,
        rate numeric(18,8) not null,
        from_currency_id bigint not null,
        id bigint generated by default as identity,
        to_currency_id bigint not null,
        source varchar(50) not null,
        primary key (id),
        unique (from_currency_id, to_currency_id, effective_date)
    )
2026-05-17 19:23:17.631 [main] DEBUG org.hibernate.SQL - 
    create table external_transactions (
        amount numeric(15,2) not null,
        transaction_date date not null,
        id bigint generated by default as identity,
        imported_at timestamp(6) not null,
        user_id bigint not null,
        source varchar(100) not null,
        description varchar(500),
        external_id varchar(255) not null,
        primary key (id)
    )
Hibernate: 
    create table external_transactions (
        amount numeric(15,2) not null,
        transaction_date date not null,
        id bigint generated by default as identity,
        imported_at timestamp(6) not null,
        user_id bigint not null,
        source varchar(100) not null,
        description varchar(500),
        external_id varchar(255) not null,
        primary key (id)
    )
2026-05-17 19:23:17.632 [main] DEBUG org.hibernate.SQL - 
    create table idempotency_keys (
        status_code integer not null,
        created_at timestamp(6) not null,
        id bigint generated by default as identity,
        user_id bigint not null,
        endpoint varchar(255) not null,
        idempotency_key varchar(255) not null,
        response_body TEXT,
        primary key (id),
        unique (idempotency_key, user_id, endpoint)
    )
Hibernate: 
    create table idempotency_keys (
        status_code integer not null,
        created_at timestamp(6) not null,
        id bigint generated by default as identity,
        user_id bigint not null,
        endpoint varchar(255) not null,
        idempotency_key varchar(255) not null,
        response_body TEXT,
        primary key (id),
        unique (idempotency_key, user_id, endpoint)
    )
2026-05-17 19:23:17.633 [main] DEBUG org.hibernate.SQL - 
    create table kafka_outbox_events (
        attempts integer not null,
        created_at timestamp(6) not null,
        id bigint generated by default as identity,
        published_at timestamp(6),
        updated_at timestamp(6) not null,
        user_id bigint,
        event_id varchar(36) not null,
        event_type varchar(120) not null,
        event_key varchar(200),
        topic varchar(200) not null,
        last_error TEXT,
        payload TEXT not null,
        status enum ('FAILED','PENDING','PUBLISHED') not null,
        primary key (id)
    )
Hibernate: 
    create table kafka_outbox_events (
        attempts integer not null,
        created_at timestamp(6) not null,
        id bigint generated by default as identity,
        published_at timestamp(6),
        updated_at timestamp(6) not null,
        user_id bigint,
        event_id varchar(36) not null,
        event_type varchar(120) not null,
        event_key varchar(200),
        topic varchar(200) not null,
        last_error TEXT,
        payload TEXT not null,
        status enum ('FAILED','PENDING','PUBLISHED') not null,
        primary key (id)
    )
2026-05-17 19:23:17.633 [main] DEBUG org.hibernate.SQL - 
    create table notification_deliveries (
        attempt_count integer not null,
        created_at timestamp(6) not null,
        id bigint generated by default as identity,
        next_retry timestamp(6),
        notification_id bigint not null,
        sent_at timestamp(6),
        last_error varchar(500),
        channel enum ('EMAIL','IN_APP','WEBHOOK') not null,
        status enum ('FAILED','PENDING','RETRYING','SENT') not null,
        primary key (id)
    )
Hibernate: 
    create table notification_deliveries (
        attempt_count integer not null,
        created_at timestamp(6) not null,
        id bigint generated by default as identity,
        next_retry timestamp(6),
        notification_id bigint not null,
        sent_at timestamp(6),
        last_error varchar(500),
        channel enum ('EMAIL','IN_APP','WEBHOOK') not null,
        status enum ('FAILED','PENDING','RETRYING','SENT') not null,
        primary key (id)
    )
2026-05-17 19:23:17.634 [main] DEBUG org.hibernate.SQL - 
    create table notification_preferences (
        alert_email boolean not null,
        alert_in_app boolean not null,
        budget_alert_threshold integer not null,
        budget_alerts_enabled boolean not null,
        created_at timestamp(6) not null,
        id bigint generated by default as identity,
        updated_at timestamp(6) not null,
        user_id bigint not null unique,
        alert_frequency enum ('DAILY','REAL_TIME','WEEKLY') not null,
        primary key (id)
    )
Hibernate: 
    create table notification_preferences (
        alert_email boolean not null,
        alert_in_app boolean not null,
        budget_alert_threshold integer not null,
        budget_alerts_enabled boolean not null,
        created_at timestamp(6) not null,
        id bigint generated by default as identity,
        updated_at timestamp(6) not null,
        user_id bigint not null unique,
        alert_frequency enum ('DAILY','REAL_TIME','WEEKLY') not null,
        primary key (id)
    )
2026-05-17 19:23:17.636 [main] DEBUG org.hibernate.SQL - 
    create table notifications (
        read boolean not null,
        created_at timestamp(6) not null,
        id bigint generated by default as identity,
        read_at timestamp(6),
        user_id bigint not null,
        message TEXT not null,
        metadata JSON,
        title varchar(255) not null,
        type enum ('ANOMALY_ALERT','BUDGET_ALERT','RECONCILIATION_ALERT','SYSTEM') not null,
        primary key (id)
    )
Hibernate: 
    create table notifications (
        read boolean not null,
        created_at timestamp(6) not null,
        id bigint generated by default as identity,
        read_at timestamp(6),
        user_id bigint not null,
        message TEXT not null,
        metadata JSON,
        title varchar(255) not null,
        type enum ('ANOMALY_ALERT','BUDGET_ALERT','RECONCILIATION_ALERT','SYSTEM') not null,
        primary key (id)
    )
2026-05-17 19:23:17.636 [main] DEBUG org.hibernate.SQL - 
    create table reconciliation_batches (
        batch_date date not null,
        discrepancy_amount numeric(15,2),
        matched_transactions integer not null,
        total_transactions integer not null,
        unmatched_transactions integer not null,
        created_at timestamp(6) not null,
        id bigint generated by default as identity,
        updated_at timestamp(6) not null,
        user_id bigint not null,
        status enum ('COMPLETED','FAILED','IN_PROGRESS','PENDING') not null,
        primary key (id)
    )
Hibernate: 
    create table reconciliation_batches (
        batch_date date not null,
        discrepancy_amount numeric(15,2),
        matched_transactions integer not null,
        total_transactions integer not null,
        unmatched_transactions integer not null,
        created_at timestamp(6) not null,
        id bigint generated by default as identity,
        updated_at timestamp(6) not null,
        user_id bigint not null,
        status enum ('COMPLETED','FAILED','IN_PROGRESS','PENDING') not null,
        primary key (id)
    )
2026-05-17 19:23:17.638 [main] DEBUG org.hibernate.SQL - 
    create table reconciliation_schedule_preferences (
        enabled boolean not null,
        created_at timestamp(6) not null,
        id bigint generated by default as identity,
        updated_at timestamp(6) not null,
        user_id bigint not null unique,
        primary key (id)
    )
Hibernate: 
    create table reconciliation_schedule_preferences (
        enabled boolean not null,
        created_at timestamp(6) not null,
        id bigint generated by default as identity,
        updated_at timestamp(6) not null,
        user_id bigint not null unique,
        primary key (id)
    )
2026-05-17 19:23:17.639 [main] DEBUG org.hibernate.SQL - 
    create table recurring_transactions (
        active boolean not null,
        amount numeric(15,2) not null,
        end_date date,
        next_occurrence date not null,
        start_date date not null,
        category_id bigint not null,
        id bigint generated by default as identity,
        user_id bigint not null,
        description varchar(500),
        amount_encrypted LONGBLOB,
        frequency enum ('DAILY','MONTHLY','WEEKLY','YEARLY') not null,
        type enum ('EXPENSE','INCOME') not null,
        primary key (id)
    )
Hibernate: 
    create table recurring_transactions (
        active boolean not null,
        amount numeric(15,2) not null,
        end_date date,
        next_occurrence date not null,
        start_date date not null,
        category_id bigint not null,
        id bigint generated by default as identity,
        user_id bigint not null,
        description varchar(500),
        amount_encrypted LONGBLOB,
        frequency enum ('DAILY','MONTHLY','WEEKLY','YEARLY') not null,
        type enum ('EXPENSE','INCOME') not null,
        primary key (id)
    )
2026-05-17 19:23:17.640 [main] DEBUG org.hibernate.SQL - 
    create table transaction_audit_log (
        new_amount numeric(15,2),
        old_amount numeric(15,2),
        id bigint generated by default as identity,
        performed_at timestamp(6) not null,
        transaction_id bigint,
        user_id bigint not null,
        new_type varchar(10),
        old_type varchar(10),
        new_category varchar(100),
        old_category varchar(100),
        new_description varchar(500),
        old_description varchar(500),
        performed_by varchar(255) not null,
        action enum ('CREATE','DELETE','UPDATE') not null,
        primary key (id)
    )
Hibernate: 
    create table transaction_audit_log (
        new_amount numeric(15,2),
        old_amount numeric(15,2),
        id bigint generated by default as identity,
        performed_at timestamp(6) not null,
        transaction_id bigint,
        user_id bigint not null,
        new_type varchar(10),
        old_type varchar(10),
        new_category varchar(100),
        old_category varchar(100),
        new_description varchar(500),
        old_description varchar(500),
        performed_by varchar(255) not null,
        action enum ('CREATE','DELETE','UPDATE') not null,
        primary key (id)
    )
2026-05-17 19:23:17.640 [main] DEBUG org.hibernate.SQL - 
    create table transaction_matches (
        external_amount numeric(15,2) not null,
        internal_amount numeric(15,2) not null,
        match_confidence numeric(5,2),
        variance_amount numeric(15,2),
        created_at timestamp(6) not null,
        id bigint generated by default as identity,
        internal_transaction_id bigint not null,
        matched_at timestamp(6),
        reconciliation_batch_id bigint not null,
        notes varchar(500),
        external_transaction_id varchar(255),
        match_status enum ('EXACT_MATCH','NO_MATCH','PARTIAL_MATCH') not null,
        primary key (id)
    )
Hibernate: 
    create table transaction_matches (
        external_amount numeric(15,2) not null,
        internal_amount numeric(15,2) not null,
        match_confidence numeric(5,2),
        variance_amount numeric(15,2),
        created_at timestamp(6) not null,
        id bigint generated by default as identity,
        internal_transaction_id bigint not null,
        matched_at timestamp(6),
        reconciliation_batch_id bigint not null,
        notes varchar(500),
        external_transaction_id varchar(255),
        match_status enum ('EXACT_MATCH','NO_MATCH','PARTIAL_MATCH') not null,
        primary key (id)
    )
2026-05-17 19:23:17.641 [main] DEBUG org.hibernate.SQL - 
    create table transactions (
        amount numeric(15,2) not null,
        date date not null,
        category_id bigint not null,
        created_at timestamp(6) not null,
        id bigint generated by default as identity,
        user_id bigint not null,
        description varchar(500),
        amount_encrypted LONGBLOB,
        description_encrypted LONGBLOB,
        type enum ('EXPENSE','INCOME') not null,
        primary key (id)
    )
Hibernate: 
    create table transactions (
        amount numeric(15,2) not null,
        date date not null,
        category_id bigint not null,
        created_at timestamp(6) not null,
        id bigint generated by default as identity,
        user_id bigint not null,
        description varchar(500),
        amount_encrypted LONGBLOB,
        description_encrypted LONGBLOB,
        type enum ('EXPENSE','INCOME') not null,
        primary key (id)
    )
2026-05-17 19:23:17.642 [main] DEBUG org.hibernate.SQL - 
    create table user_wallets (
        balance numeric(20,8) not null,
        primary_wallet boolean not null,
        created_at timestamp(6) not null,
        currency_id bigint not null,
        id bigint generated by default as identity,
        updated_at timestamp(6) not null,
        user_id bigint not null,
        wallet_name varchar(100),
        primary key (id)
    )
Hibernate: 
    create table user_wallets (
        balance numeric(20,8) not null,
        primary_wallet boolean not null,
        created_at timestamp(6) not null,
        currency_id bigint not null,
        id bigint generated by default as identity,
        updated_at timestamp(6) not null,
        user_id bigint not null,
        wallet_name varchar(100),
        primary key (id)
    )
2026-05-17 19:23:17.642 [main] DEBUG org.hibernate.SQL - 
    create table users (
        is_deleted BOOLEAN DEFAULT FALSE not null,
        created_at timestamp(6) not null,
        deletion_requested_at timestamp(6),
        hard_delete_scheduled_at timestamp(6),
        id bigint generated by default as identity,
        last_login timestamp(6),
        name varchar(100) not null,
        email varchar(150) not null unique,
        deletion_reason varchar(255),
        password varchar(255) not null,
        role enum ('ADMIN','USER') not null,
        primary key (id)
    )
Hibernate: 
    create table users (
        is_deleted BOOLEAN DEFAULT FALSE not null,
        created_at timestamp(6) not null,
        deletion_requested_at timestamp(6),
        hard_delete_scheduled_at timestamp(6),
        id bigint generated by default as identity,
        last_login timestamp(6),
        name varchar(100) not null,
        email varchar(150) not null unique,
        deletion_reason varchar(255),
        password varchar(255) not null,
        role enum ('ADMIN','USER') not null,
        primary key (id)
    )
2026-05-17 19:23:17.643 [main] DEBUG org.hibernate.SQL - 
    create table webhook_deliveries (
        attempt_count integer not null,
        response_status_code integer,
        created_at timestamp(6) not null,
        delivered_at timestamp(6),
        id bigint generated by default as identity,
        next_retry timestamp(6),
        webhook_id bigint not null,
        event_type varchar(100) not null,
        payload JSON not null,
        response_body TEXT,
        status enum ('DELIVERED','FAILED','PENDING') not null,
        primary key (id)
    )
Hibernate: 
    create table webhook_deliveries (
        attempt_count integer not null,
        response_status_code integer,
        created_at timestamp(6) not null,
        delivered_at timestamp(6),
        id bigint generated by default as identity,
        next_retry timestamp(6),
        webhook_id bigint not null,
        event_type varchar(100) not null,
        payload JSON not null,
        response_body TEXT,
        status enum ('DELIVERED','FAILED','PENDING') not null,
        primary key (id)
    )
2026-05-17 19:23:17.644 [main] DEBUG org.hibernate.SQL - 
    create table webhooks (
        active boolean not null,
        retry_count integer not null,
        created_at timestamp(6) not null,
        id bigint generated by default as identity,
        updated_at timestamp(6) not null,
        user_id bigint not null,
        secret varchar(256) not null,
        url varchar(500) not null,
        event_types varchar(1000) not null,
        primary key (id)
    )
Hibernate: 
    create table webhooks (
        active boolean not null,
        retry_count integer not null,
        created_at timestamp(6) not null,
        id bigint generated by default as identity,
        updated_at timestamp(6) not null,
        user_id bigint not null,
        secret varchar(256) not null,
        url varchar(500) not null,
        event_types varchar(1000) not null,
        primary key (id)
    )
2026-05-17 19:23:17.644 [main] DEBUG org.hibernate.SQL - 
    create index idx_external_user_date 
       on external_transactions (user_id, transaction_date)
Hibernate: 
    create index idx_external_user_date 
       on external_transactions (user_id, transaction_date)
2026-05-17 19:23:17.645 [main] DEBUG org.hibernate.SQL - 
    create index idx_external_source 
       on external_transactions (source)
Hibernate: 
    create index idx_external_source 
       on external_transactions (source)
2026-05-17 19:23:17.645 [main] DEBUG org.hibernate.SQL - 
    create index idx_outbox_status_created 
       on kafka_outbox_events (status, created_at)
Hibernate: 
    create index idx_outbox_status_created 
       on kafka_outbox_events (status, created_at)
2026-05-17 19:23:17.645 [main] DEBUG org.hibernate.SQL - 
    create index idx_delivery_status 
       on notification_deliveries (status)
Hibernate: 
    create index idx_delivery_status 
       on notification_deliveries (status)
2026-05-17 19:23:17.646 [main] DEBUG org.hibernate.SQL - 
    create index idx_delivery_next_retry 
       on notification_deliveries (next_retry)
Hibernate: 
    create index idx_delivery_next_retry 
       on notification_deliveries (next_retry)
2026-05-17 19:23:17.646 [main] DEBUG org.hibernate.SQL - 
    create index idx_notification_user_read 
       on notifications (user_id, read)
Hibernate: 
    create index idx_notification_user_read 
       on notifications (user_id, read)
2026-05-17 19:23:17.646 [main] DEBUG org.hibernate.SQL - 
    create index idx_notification_created 
       on notifications (created_at)
Hibernate: 
    create index idx_notification_created 
       on notifications (created_at)
2026-05-17 19:23:17.646 [main] DEBUG org.hibernate.SQL - 
    create index idx_reconciliation_user_date 
       on reconciliation_batches (user_id, batch_date)
Hibernate: 
    create index idx_reconciliation_user_date 
       on reconciliation_batches (user_id, batch_date)
2026-05-17 19:23:17.647 [main] DEBUG org.hibernate.SQL - 
    create index idx_reconciliation_status 
       on reconciliation_batches (status)
Hibernate: 
    create index idx_reconciliation_status 
       on reconciliation_batches (status)
2026-05-17 19:23:17.647 [main] DEBUG org.hibernate.SQL - 
    create index idx_audit_transaction 
       on transaction_audit_log (transaction_id)
Hibernate: 
    create index idx_audit_transaction 
       on transaction_audit_log (transaction_id)
2026-05-17 19:23:17.647 [main] DEBUG org.hibernate.SQL - 
    create index idx_audit_user 
       on transaction_audit_log (user_id)
Hibernate: 
    create index idx_audit_user 
       on transaction_audit_log (user_id)
2026-05-17 19:23:17.647 [main] DEBUG org.hibernate.SQL - 
    create index idx_audit_performed_at 
       on transaction_audit_log (performed_at)
Hibernate: 
    create index idx_audit_performed_at 
       on transaction_audit_log (performed_at)
2026-05-17 19:23:17.648 [main] DEBUG org.hibernate.SQL - 
    create index idx_match_batch 
       on transaction_matches (reconciliation_batch_id)
Hibernate: 
    create index idx_match_batch 
       on transaction_matches (reconciliation_batch_id)
2026-05-17 19:23:17.648 [main] DEBUG org.hibernate.SQL - 
    create index idx_match_status 
       on transaction_matches (match_status)
Hibernate: 
    create index idx_match_status 
       on transaction_matches (match_status)
2026-05-17 19:23:17.648 [main] DEBUG org.hibernate.SQL - 
    create index idx_transaction_user_date 
       on transactions (user_id, date)
Hibernate: 
    create index idx_transaction_user_date 
       on transactions (user_id, date)
2026-05-17 19:23:17.648 [main] DEBUG org.hibernate.SQL - 
    create index idx_transaction_user_category 
       on transactions (user_id, category_id)
Hibernate: 
    create index idx_transaction_user_category 
       on transactions (user_id, category_id)
2026-05-17 19:23:17.649 [main] DEBUG org.hibernate.SQL - 
    create index idx_webhook_delivery_status 
       on webhook_deliveries (status)
Hibernate: 
    create index idx_webhook_delivery_status 
       on webhook_deliveries (status)
2026-05-17 19:23:17.649 [main] DEBUG org.hibernate.SQL - 
    create index idx_webhook_delivery_next_retry 
       on webhook_deliveries (next_retry)
Hibernate: 
    create index idx_webhook_delivery_next_retry 
       on webhook_deliveries (next_retry)
2026-05-17 19:23:17.649 [main] DEBUG org.hibernate.SQL - 
    alter table if exists budgets 
       add constraint FKn7qib00712y8dwelmqfwis6ka 
       foreign key (category_id) 
       references categories
Hibernate: 
    alter table if exists budgets 
       add constraint FKn7qib00712y8dwelmqfwis6ka 
       foreign key (category_id) 
       references categories
2026-05-17 19:23:17.656 [main] DEBUG org.hibernate.SQL - 
    alter table if exists budgets 
       add constraint FKln0tm5tgf3f9q3sp9sa5m8m7b 
       foreign key (user_id) 
       references users
Hibernate: 
    alter table if exists budgets 
       add constraint FKln0tm5tgf3f9q3sp9sa5m8m7b 
       foreign key (user_id) 
       references users
2026-05-17 19:23:17.657 [main] DEBUG org.hibernate.SQL - 
    alter table if exists exchange_rates 
       add constraint FKhkch9xmcqrklukbwkv5q3jf7p 
       foreign key (from_currency_id) 
       references currencies
Hibernate: 
    alter table if exists exchange_rates 
       add constraint FKhkch9xmcqrklukbwkv5q3jf7p 
       foreign key (from_currency_id) 
       references currencies
2026-05-17 19:23:17.657 [main] DEBUG org.hibernate.SQL - 
    alter table if exists exchange_rates 
       add constraint FK7mxjkyobm460mictds6935plq 
       foreign key (to_currency_id) 
       references currencies
Hibernate: 
    alter table if exists exchange_rates 
       add constraint FK7mxjkyobm460mictds6935plq 
       foreign key (to_currency_id) 
       references currencies
2026-05-17 19:23:17.658 [main] DEBUG org.hibernate.SQL - 
    alter table if exists external_transactions 
       add constraint FKblyu19aj4gct89w9k2thkbs0w 
       foreign key (user_id) 
       references users
Hibernate: 
    alter table if exists external_transactions 
       add constraint FKblyu19aj4gct89w9k2thkbs0w 
       foreign key (user_id) 
       references users
2026-05-17 19:23:17.659 [main] DEBUG org.hibernate.SQL - 
    alter table if exists notification_deliveries 
       add constraint FK7wuwttjtl6k3gh24n8erl562y 
       foreign key (notification_id) 
       references notifications
Hibernate: 
    alter table if exists notification_deliveries 
       add constraint FK7wuwttjtl6k3gh24n8erl562y 
       foreign key (notification_id) 
       references notifications
2026-05-17 19:23:17.660 [main] DEBUG org.hibernate.SQL - 
    alter table if exists notification_preferences 
       add constraint FKt9qjvmcl36i14utm5uptyqg84 
       foreign key (user_id) 
       references users
Hibernate: 
    alter table if exists notification_preferences 
       add constraint FKt9qjvmcl36i14utm5uptyqg84 
       foreign key (user_id) 
       references users
2026-05-17 19:23:17.660 [main] DEBUG org.hibernate.SQL - 
    alter table if exists notifications 
       add constraint FK9y21adhxn0ayjhfocscqox7bh 
       foreign key (user_id) 
       references users
Hibernate: 
    alter table if exists notifications 
       add constraint FK9y21adhxn0ayjhfocscqox7bh 
       foreign key (user_id) 
       references users
2026-05-17 19:23:17.661 [main] DEBUG org.hibernate.SQL - 
    alter table if exists reconciliation_batches 
       add constraint FKqpn4xc962on3h06asnl3dl0cn 
       foreign key (user_id) 
       references users
Hibernate: 
    alter table if exists reconciliation_batches 
       add constraint FKqpn4xc962on3h06asnl3dl0cn 
       foreign key (user_id) 
       references users
2026-05-17 19:23:17.662 [main] DEBUG org.hibernate.SQL - 
    alter table if exists reconciliation_schedule_preferences 
       add constraint FKmna4ggwc2242yv7r4bjjomhmu 
       foreign key (user_id) 
       references users
Hibernate: 
    alter table if exists reconciliation_schedule_preferences 
       add constraint FKmna4ggwc2242yv7r4bjjomhmu 
       foreign key (user_id) 
       references users
2026-05-17 19:23:17.662 [main] DEBUG org.hibernate.SQL - 
    alter table if exists recurring_transactions 
       add constraint FKf1byxnna01ws6w75pqc652kvj 
       foreign key (category_id) 
       references categories
Hibernate: 
    alter table if exists recurring_transactions 
       add constraint FKf1byxnna01ws6w75pqc652kvj 
       foreign key (category_id) 
       references categories
2026-05-17 19:23:17.663 [main] DEBUG org.hibernate.SQL - 
    alter table if exists recurring_transactions 
       add constraint FK59dmexrjod697u8j37s0nhyhd 
       foreign key (user_id) 
       references users
Hibernate: 
    alter table if exists recurring_transactions 
       add constraint FK59dmexrjod697u8j37s0nhyhd 
       foreign key (user_id) 
       references users
2026-05-17 19:23:17.664 [main] DEBUG org.hibernate.SQL - 
    alter table if exists transaction_matches 
       add constraint FKlmnynefki8v8nk505ld75lpig 
       foreign key (internal_transaction_id) 
       references transactions
Hibernate: 
    alter table if exists transaction_matches 
       add constraint FKlmnynefki8v8nk505ld75lpig 
       foreign key (internal_transaction_id) 
       references transactions
2026-05-17 19:23:17.666 [main] DEBUG org.hibernate.SQL - 
    alter table if exists transaction_matches 
       add constraint FKldg3x4d01dn2wiwf3yaxyrqi6 
       foreign key (reconciliation_batch_id) 
       references reconciliation_batches
Hibernate: 
    alter table if exists transaction_matches 
       add constraint FKldg3x4d01dn2wiwf3yaxyrqi6 
       foreign key (reconciliation_batch_id) 
       references reconciliation_batches
2026-05-17 19:23:17.667 [main] DEBUG org.hibernate.SQL - 
    alter table if exists transactions 
       add constraint FKsqqi7sneo04kast0o138h19mv 
       foreign key (category_id) 
       references categories
Hibernate: 
    alter table if exists transactions 
       add constraint FKsqqi7sneo04kast0o138h19mv 
       foreign key (category_id) 
       references categories
2026-05-17 19:23:17.668 [main] DEBUG org.hibernate.SQL - 
    alter table if exists transactions 
       add constraint FKqwv7rmvc8va8rep7piikrojds 
       foreign key (user_id) 
       references users
Hibernate: 
    alter table if exists transactions 
       add constraint FKqwv7rmvc8va8rep7piikrojds 
       foreign key (user_id) 
       references users
2026-05-17 19:23:17.669 [main] DEBUG org.hibernate.SQL - 
    alter table if exists user_wallets 
       add constraint FKj46a6ljs7oe7cj2rd42o001rp 
       foreign key (currency_id) 
       references currencies
Hibernate: 
    alter table if exists user_wallets 
       add constraint FKj46a6ljs7oe7cj2rd42o001rp 
       foreign key (currency_id) 
       references currencies
2026-05-17 19:23:17.670 [main] DEBUG org.hibernate.SQL - 
    alter table if exists user_wallets 
       add constraint FK423n8ap6gdudl8fcab7ugv3qt 
       foreign key (user_id) 
       references users
Hibernate: 
    alter table if exists user_wallets 
       add constraint FK423n8ap6gdudl8fcab7ugv3qt 
       foreign key (user_id) 
       references users
2026-05-17 19:23:17.672 [main] DEBUG org.hibernate.SQL - 
    alter table if exists webhook_deliveries 
       add constraint FKmlt1l0yp2hoejx1be6qw10u5n 
       foreign key (webhook_id) 
       references webhooks
Hibernate: 
    alter table if exists webhook_deliveries 
       add constraint FKmlt1l0yp2hoejx1be6qw10u5n 
       foreign key (webhook_id) 
       references webhooks
2026-05-17 19:23:17.674 [main] DEBUG org.hibernate.SQL - 
    alter table if exists webhooks 
       add constraint FKa6h59mek9bcdkqgmnt7lc06ip 
       foreign key (user_id) 
       references users
Hibernate: 
    alter table if exists webhooks 
       add constraint FKa6h59mek9bcdkqgmnt7lc06ip 
       foreign key (user_id) 
       references users
2026-05-17 19:23:17.677 [main] INFO  o.s.o.j.LocalContainerEntityManagerFactoryBean - Initialized JPA EntityManagerFactory for persistence unit 'default'
2026-05-17 19:23:17.930 [main] INFO  o.s.d.j.r.query.QueryEnhancerFactory - Hibernate is in classpath; If applicable, HQL parser will be used.
2026-05-17 19:23:18.661 [main] INFO  c.f.r.TransactionRepositoryTest - Started TransactionRepositoryTest in 3.098 seconds (process running for 3.828)
2026-05-17 19:23:18.994 [main] DEBUG org.hibernate.SQL - 
    insert 
    into
        users
        (created_at, deletion_reason, deletion_requested_at, email, hard_delete_scheduled_at, is_deleted, last_login, name, password, role, id) 
    values
        (?, ?, ?, ?, ?, ?, ?, ?, ?, ?, default)
Hibernate: 
    insert 
    into
        users
        (created_at, deletion_reason, deletion_requested_at, email, hard_delete_scheduled_at, is_deleted, last_login, name, password, role, id) 
    values
        (?, ?, ?, ?, ?, ?, ?, ?, ?, ?, default)
2026-05-17 19:23:19.021 [main] DEBUG org.hibernate.SQL - 
    insert 
    into
        categories
        (name, type, id) 
    values
        (?, ?, default)
Hibernate: 
    insert 
    into
        categories
        (name, type, id) 
    values
        (?, ?, default)
2026-05-17 19:23:19.022 [main] DEBUG org.hibernate.SQL - 
    insert 
    into
        categories
        (name, type, id) 
    values
        (?, ?, default)
Hibernate: 
    insert 
    into
        categories
        (name, type, id) 
    values
        (?, ?, default)
2026-05-17 19:23:19.025 [main] DEBUG org.hibernate.SQL - 
    insert 
    into
        transactions
        (amount, amount_encrypted, category_id, created_at, date, description, description_encrypted, type, user_id, id) 
    values
        (?, ?, ?, ?, ?, ?, ?, ?, ?, default)
Hibernate: 
    insert 
    into
        transactions
        (amount, amount_encrypted, category_id, created_at, date, description, description_encrypted, type, user_id, id) 
    values
        (?, ?, ?, ?, ?, ?, ?, ?, ?, default)
2026-05-17 19:23:19.100 [main] DEBUG org.hibernate.SQL - 
    select
        c1_0.name,
        sum(t1_0.amount),
        count(t1_0.id) 
    from
        transactions t1_0 
    join
        categories c1_0 
            on c1_0.id=t1_0.category_id 
    where
        t1_0.user_id=? 
        and t1_0.type='EXPENSE' 
        and t1_0.date between ? and ? 
    group by
        c1_0.name 
    order by
        sum(t1_0.amount) desc
Hibernate: 
    select
        c1_0.name,
        sum(t1_0.amount),
        count(t1_0.id) 
    from
        transactions t1_0 
    join
        categories c1_0 
            on c1_0.id=t1_0.category_id 
    where
        t1_0.user_id=? 
        and t1_0.type='EXPENSE' 
        and t1_0.date between ? and ? 
    group by
        c1_0.name 
    order by
        sum(t1_0.amount) desc
2026-05-17 19:23:19.221 [main] DEBUG org.hibernate.SQL - 
    insert 
    into
        users
        (created_at, deletion_reason, deletion_requested_at, email, hard_delete_scheduled_at, is_deleted, last_login, name, password, role, id) 
    values
        (?, ?, ?, ?, ?, ?, ?, ?, ?, ?, default)
Hibernate: 
    insert 
    into
        users
        (created_at, deletion_reason, deletion_requested_at, email, hard_delete_scheduled_at, is_deleted, last_login, name, password, role, id) 
    values
        (?, ?, ?, ?, ?, ?, ?, ?, ?, ?, default)
2026-05-17 19:23:19.224 [main] DEBUG org.hibernate.SQL - 
    insert 
    into
        categories
        (name, type, id) 
    values
        (?, ?, default)
Hibernate: 
    insert 
    into
        categories
        (name, type, id) 
    values
        (?, ?, default)
2026-05-17 19:23:19.230 [main] DEBUG org.hibernate.SQL - 
    insert 
    into
        categories
        (name, type, id) 
    values
        (?, ?, default)
Hibernate: 
    insert 
    into
        categories
        (name, type, id) 
    values
        (?, ?, default)
2026-05-17 19:23:19.232 [main] DEBUG org.hibernate.SQL - 
    insert 
    into
        transactions
        (amount, amount_encrypted, category_id, created_at, date, description, description_encrypted, type, user_id, id) 
    values
        (?, ?, ?, ?, ?, ?, ?, ?, ?, default)
Hibernate: 
    insert 
    into
        transactions
        (amount, amount_encrypted, category_id, created_at, date, description, description_encrypted, type, user_id, id) 
    values
        (?, ?, ?, ?, ?, ?, ?, ?, ?, default)
2026-05-17 19:23:19.233 [main] DEBUG org.hibernate.SQL - 
    insert 
    into
        transactions
        (amount, amount_encrypted, category_id, created_at, date, description, description_encrypted, type, user_id, id) 
    values
        (?, ?, ?, ?, ?, ?, ?, ?, ?, default)
Hibernate: 
    insert 
    into
        transactions
        (amount, amount_encrypted, category_id, created_at, date, description, description_encrypted, type, user_id, id) 
    values
        (?, ?, ?, ?, ?, ?, ?, ?, ?, default)
2026-05-17 19:23:19.240 [main] DEBUG org.hibernate.SQL - 
    select
        coalesce(sum(t1_0.amount), 0) 
    from
        transactions t1_0 
    where
        t1_0.user_id=? 
        and t1_0.type=? 
        and t1_0.date between ? and ?
Hibernate: 
    select
        coalesce(sum(t1_0.amount), 0) 
    from
        transactions t1_0 
    where
        t1_0.user_id=? 
        and t1_0.type=? 
        and t1_0.date between ? and ?
2026-05-17 19:23:19.253 [main] DEBUG org.hibernate.SQL - 
    insert 
    into
        users
        (created_at, deletion_reason, deletion_requested_at, email, hard_delete_scheduled_at, is_deleted, last_login, name, password, role, id) 
    values
        (?, ?, ?, ?, ?, ?, ?, ?, ?, ?, default)
Hibernate: 
    insert 
    into
        users
        (created_at, deletion_reason, deletion_requested_at, email, hard_delete_scheduled_at, is_deleted, last_login, name, password, role, id) 
    values
        (?, ?, ?, ?, ?, ?, ?, ?, ?, ?, default)
2026-05-17 19:23:19.255 [main] DEBUG org.hibernate.SQL - 
    insert 
    into
        categories
        (name, type, id) 
    values
        (?, ?, default)
Hibernate: 
    insert 
    into
        categories
        (name, type, id) 
    values
        (?, ?, default)
2026-05-17 19:23:19.256 [main] DEBUG org.hibernate.SQL - 
    insert 
    into
        categories
        (name, type, id) 
    values
        (?, ?, default)
Hibernate: 
    insert 
    into
        categories
        (name, type, id) 
    values
        (?, ?, default)
2026-05-17 19:23:19.259 [main] DEBUG org.hibernate.SQL - 
    select
        coalesce(sum(t1_0.amount), 0) 
    from
        transactions t1_0 
    where
        t1_0.user_id=? 
        and t1_0.type=? 
        and t1_0.date between ? and ?
Hibernate: 
    select
        coalesce(sum(t1_0.amount), 0) 
    from
        transactions t1_0 
    where
        t1_0.user_id=? 
        and t1_0.type=? 
        and t1_0.date between ? and ?
2026-05-17 19:23:19.274 [main] DEBUG org.hibernate.SQL - 
    insert 
    into
        users
        (created_at, deletion_reason, deletion_requested_at, email, hard_delete_scheduled_at, is_deleted, last_login, name, password, role, id) 
    values
        (?, ?, ?, ?, ?, ?, ?, ?, ?, ?, default)
Hibernate: 
    insert 
    into
        users
        (created_at, deletion_reason, deletion_requested_at, email, hard_delete_scheduled_at, is_deleted, last_login, name, password, role, id) 
    values
        (?, ?, ?, ?, ?, ?, ?, ?, ?, ?, default)
2026-05-17 19:23:19.276 [main] DEBUG org.hibernate.SQL - 
    insert 
    into
        categories
        (name, type, id) 
    values
        (?, ?, default)
Hibernate: 
    insert 
    into
        categories
        (name, type, id) 
    values
        (?, ?, default)
2026-05-17 19:23:19.277 [main] DEBUG org.hibernate.SQL - 
    insert 
    into
        categories
        (name, type, id) 
    values
        (?, ?, default)
Hibernate: 
    insert 
    into
        categories
        (name, type, id) 
    values
        (?, ?, default)
2026-05-17 19:23:19.279 [main] DEBUG org.hibernate.SQL - 
    insert 
    into
        transactions
        (amount, amount_encrypted, category_id, created_at, date, description, description_encrypted, type, user_id, id) 
    values
        (?, ?, ?, ?, ?, ?, ?, ?, ?, default)
Hibernate: 
    insert 
    into
        transactions
        (amount, amount_encrypted, category_id, created_at, date, description, description_encrypted, type, user_id, id) 
    values
        (?, ?, ?, ?, ?, ?, ?, ?, ?, default)
2026-05-17 19:23:19.292 [main] DEBUG org.hibernate.SQL - 
    select
        t1_0.id,
        t1_0.amount,
        t1_0.amount_encrypted,
        t1_0.category_id,
        t1_0.created_at,
        t1_0.date,
        t1_0.description,
        t1_0.description_encrypted,
        t1_0.type,
        t1_0.user_id 
    from
        transactions t1_0 
    left join
        users u1_0 
            on u1_0.id=t1_0.user_id 
    where
        t1_0.id=? 
        and u1_0.id=?
Hibernate: 
    select
        t1_0.id,
        t1_0.amount,
        t1_0.amount_encrypted,
        t1_0.category_id,
        t1_0.created_at,
        t1_0.date,
        t1_0.description,
        t1_0.description_encrypted,
        t1_0.type,
        t1_0.user_id 
    from
        transactions t1_0 
    left join
        users u1_0 
            on u1_0.id=t1_0.user_id 
    where
        t1_0.id=? 
        and u1_0.id=?
2026-05-17 19:23:19.302 [main] DEBUG org.hibernate.SQL - 
    select
        t1_0.id,
        t1_0.amount,
        t1_0.amount_encrypted,
        t1_0.category_id,
        t1_0.created_at,
        t1_0.date,
        t1_0.description,
        t1_0.description_encrypted,
        t1_0.type,
        t1_0.user_id 
    from
        transactions t1_0 
    left join
        users u1_0 
            on u1_0.id=t1_0.user_id 
    where
        t1_0.id=? 
        and u1_0.id=?
Hibernate: 
    select
        t1_0.id,
        t1_0.amount,
        t1_0.amount_encrypted,
        t1_0.category_id,
        t1_0.created_at,
        t1_0.date,
        t1_0.description,
        t1_0.description_encrypted,
        t1_0.type,
        t1_0.user_id 
    from
        transactions t1_0 
    left join
        users u1_0 
            on u1_0.id=t1_0.user_id 
    where
        t1_0.id=? 
        and u1_0.id=?
[INFO] Tests run: 4, Failures: 0, Errors: 0, Skipped: 0, Time elapsed: 3.958 s -- in com.finsight.repository.TransactionRepositoryTest
[INFO] Running com.finsight.FinSightApplicationTests
2026-05-17 19:23:19.316 [main] INFO  o.s.t.c.s.AnnotationConfigContextLoaderUtils - Could not detect default configuration classes for test class [com.finsight.FinSightApplicationTests]: FinSightApplicationTests does not declare any static, non-private, non-final, nested classes annotated with @Configuration.
2026-05-17 19:23:19.334 [main] INFO  o.s.b.t.c.SpringBootTestContextBootstrapper - Found @SpringBootConfiguration com.finsight.FinSightApplication for test class com.finsight.FinSightApplicationTests
2026-05-17 19:23:19.377 [main] INFO  o.s.b.d.r.RestartApplicationListener - Restart disabled due to context in which it is running

  .   ____          _            __ _ _
 /\\ / ___'_ __ _ _(_)_ __  __ _ \ \ \ \
( ( )\___ | '_ | '_| | '_ \/ _` | \ \ \ \
 \\/  ___)| |_)| | | | | || (_| |  ) ) ) )
  '  |____| .__|_| |_|_| |_\__, | / / / /
 =========|_|==============|___/=/_/_/_/

 :: Spring Boot ::               (v3.5.12)

2026-05-17 19:23:19.419 [main] INFO  c.finsight.FinSightApplicationTests - Starting FinSightApplicationTests using Java 17.0.18 with PID 86553 (started by shashi in /Users/shashi/FinSight)
2026-05-17 19:23:19.419 [main] DEBUG c.finsight.FinSightApplicationTests - Running with Spring Boot v3.5.12, Spring v6.2.17
2026-05-17 19:23:19.419 [main] INFO  c.finsight.FinSightApplicationTests - The following 1 profile is active: "test"
2026-05-17 19:23:20.286 [main] INFO  o.s.d.r.c.RepositoryConfigurationDelegate - Multiple Spring Data modules found, entering strict repository configuration mode
2026-05-17 19:23:20.286 [main] INFO  o.s.d.r.c.RepositoryConfigurationDelegate - Bootstrapping Spring Data JPA repositories in DEFAULT mode.
2026-05-17 19:23:20.306 [main] INFO  o.s.d.r.c.RepositoryConfigurationDelegate - Finished Spring Data repository scanning in 16 ms. Found 20 JPA repository interfaces.
2026-05-17 19:23:20.472 [main] INFO  c.u.j.c.EnableEncryptablePropertiesBeanFactoryPostProcessor - Post-processing PropertySource instances
2026-05-17 19:23:20.473 [main] INFO  c.u.j.EncryptablePropertySourceConverter - Skipping PropertySource configurationProperties [class org.springframework.boot.context.properties.source.ConfigurationPropertySourcesPropertySource
2026-05-17 19:23:20.474 [main] INFO  c.u.j.EncryptablePropertySourceConverter - Converting PropertySource test [org.springframework.core.env.MapPropertySource] to EncryptableMapPropertySourceWrapper
2026-05-17 19:23:20.474 [main] INFO  c.u.j.EncryptablePropertySourceConverter - Converting PropertySource Inlined Test Properties [org.springframework.core.env.MapPropertySource] to EncryptableMapPropertySourceWrapper
2026-05-17 19:23:20.474 [main] INFO  c.u.j.EncryptablePropertySourceConverter - Converting PropertySource active-test-profiles [org.springframework.core.env.MapPropertySource] to EncryptableMapPropertySourceWrapper
2026-05-17 19:23:20.474 [main] INFO  c.u.j.EncryptablePropertySourceConverter - Skipping PropertySource servletConfigInitParams [class org.springframework.core.env.PropertySource$StubPropertySource
2026-05-17 19:23:20.474 [main] INFO  c.u.j.EncryptablePropertySourceConverter - Converting PropertySource servletContextInitParams [org.springframework.web.context.support.ServletContextPropertySource] to EncryptableEnumerablePropertySourceWrapper
2026-05-17 19:23:20.474 [main] INFO  c.u.j.EncryptablePropertySourceConverter - Converting PropertySource systemProperties [org.springframework.core.env.PropertiesPropertySource] to EncryptableMapPropertySourceWrapper
2026-05-17 19:23:20.474 [main] INFO  c.u.j.EncryptablePropertySourceConverter - Converting PropertySource systemEnvironment [org.springframework.boot.env.SystemEnvironmentPropertySourceEnvironmentPostProcessor$OriginAwareSystemEnvironmentPropertySource] to EncryptableSystemEnvironmentPropertySourceWrapper
2026-05-17 19:23:20.474 [main] INFO  c.u.j.EncryptablePropertySourceConverter - Converting PropertySource random [org.springframework.boot.env.RandomValuePropertySource] to EncryptablePropertySourceWrapper
2026-05-17 19:23:20.474 [main] INFO  c.u.j.EncryptablePropertySourceConverter - Converting PropertySource Config resource 'class path resource [application-test.properties]' via location 'optional:classpath:/' [org.springframework.boot.env.OriginTrackedMapPropertySource] to EncryptableMapPropertySourceWrapper
2026-05-17 19:23:20.474 [main] INFO  c.u.j.EncryptablePropertySourceConverter - Converting PropertySource Config resource 'class path resource [application.properties]' via location 'optional:classpath:/' [org.springframework.boot.env.OriginTrackedMapPropertySource] to EncryptableMapPropertySourceWrapper
2026-05-17 19:23:20.474 [main] INFO  c.u.j.EncryptablePropertySourceConverter - Converting PropertySource applicationInfo [org.springframework.boot.ApplicationInfoPropertySource] to EncryptableMapPropertySourceWrapper
2026-05-17 19:23:20.729 [main] INFO  c.u.j.f.DefaultLazyPropertyFilter - Property Filter custom Bean not found with name 'encryptablePropertyFilter'. Initializing Default Property Filter
2026-05-17 19:23:20.734 [main] INFO  c.u.j.r.DefaultLazyPropertyResolver - Property Resolver custom Bean not found with name 'encryptablePropertyResolver'. Initializing Default Property Resolver
2026-05-17 19:23:20.735 [main] INFO  c.u.j.d.DefaultLazyPropertyDetector - Property Detector custom Bean not found with name 'encryptablePropertyDetector'. Initializing Default Property Detector
2026-05-17 19:23:20.808 [main] INFO  o.h.jpa.internal.util.LogHelper - HHH000204: Processing PersistenceUnitInfo [name: default]
2026-05-17 19:23:20.810 [main] INFO  o.h.c.i.RegionFactoryInitiator - HHH000026: Second-level cache disabled
2026-05-17 19:23:20.819 [main] INFO  o.s.o.j.p.SpringPersistenceUnitInfo - No LoadTimeWeaver setup: ignoring JPA class transformer
2026-05-17 19:23:20.820 [main] INFO  com.zaxxer.hikari.HikariDataSource - HikariPool-1 - Starting...
2026-05-17 19:23:20.830 [main] INFO  com.zaxxer.hikari.pool.HikariPool - HikariPool-1 - Added connection conn8: url=jdbc:h2:mem:finsight_test user=SA
2026-05-17 19:23:20.831 [main] INFO  com.zaxxer.hikari.HikariDataSource - HikariPool-1 - Start completed.
2026-05-17 19:23:20.837 [main] INFO  o.hibernate.orm.connections.pooling - HHH10001005: Database info:
	Database JDBC URL [Connecting through datasource 'HikariDataSource (HikariPool-1)']
	Database driver: undefined/unknown
	Database version: 2.3.232
	Autocommit mode: undefined/unknown
	Isolation level: undefined/unknown
	Minimum pool size: undefined/unknown
	Maximum pool size: undefined/unknown
2026-05-17 19:23:20.928 [main] INFO  o.h.e.t.j.p.i.JtaPlatformInitiator - HHH000489: No JTA platform available (set 'hibernate.transaction.jta.platform' to enable JTA platform integration)
2026-05-17 19:23:20.928 [main] DEBUG org.hibernate.SQL - 
    drop table if exists budgets cascade 
2026-05-17 19:23:20.929 [main] DEBUG org.hibernate.SQL - 
    drop table if exists categories cascade 
2026-05-17 19:23:20.929 [main] DEBUG org.hibernate.SQL - 
    drop table if exists currencies cascade 
2026-05-17 19:23:20.929 [main] DEBUG org.hibernate.SQL - 
    drop table if exists exchange_rates cascade 
2026-05-17 19:23:20.929 [main] DEBUG org.hibernate.SQL - 
    drop table if exists external_transactions cascade 
2026-05-17 19:23:20.929 [main] DEBUG org.hibernate.SQL - 
    drop table if exists idempotency_keys cascade 
2026-05-17 19:23:20.929 [main] DEBUG org.hibernate.SQL - 
    drop table if exists kafka_outbox_events cascade 
2026-05-17 19:23:20.929 [main] DEBUG org.hibernate.SQL - 
    drop table if exists notification_deliveries cascade 
2026-05-17 19:23:20.929 [main] DEBUG org.hibernate.SQL - 
    drop table if exists notification_preferences cascade 
2026-05-17 19:23:20.929 [main] DEBUG org.hibernate.SQL - 
    drop table if exists notifications cascade 
2026-05-17 19:23:20.929 [main] DEBUG org.hibernate.SQL - 
    drop table if exists reconciliation_batches cascade 
2026-05-17 19:23:20.930 [main] DEBUG org.hibernate.SQL - 
    drop table if exists reconciliation_schedule_preferences cascade 
2026-05-17 19:23:20.930 [main] DEBUG org.hibernate.SQL - 
    drop table if exists recurring_transactions cascade 
2026-05-17 19:23:20.930 [main] DEBUG org.hibernate.SQL - 
    drop table if exists transaction_audit_log cascade 
2026-05-17 19:23:20.930 [main] DEBUG org.hibernate.SQL - 
    drop table if exists transaction_matches cascade 
2026-05-17 19:23:20.930 [main] DEBUG org.hibernate.SQL - 
    drop table if exists transactions cascade 
2026-05-17 19:23:20.930 [main] DEBUG org.hibernate.SQL - 
    drop table if exists user_wallets cascade 
2026-05-17 19:23:20.930 [main] DEBUG org.hibernate.SQL - 
    drop table if exists users cascade 
2026-05-17 19:23:20.930 [main] DEBUG org.hibernate.SQL - 
    drop table if exists webhook_deliveries cascade 
2026-05-17 19:23:20.930 [main] DEBUG org.hibernate.SQL - 
    drop table if exists webhooks cascade 
2026-05-17 19:23:20.930 [main] DEBUG org.hibernate.SQL - 
    create table budgets (
        budget_month integer not null,
        budget_year integer not null,
        monthly_limit numeric(15,2) not null,
        category_id bigint not null,
        id bigint generated by default as identity,
        user_id bigint not null,
        primary key (id),
        unique (user_id, category_id, budget_month, budget_year)
    )
2026-05-17 19:23:20.931 [main] DEBUG org.hibernate.SQL - 
    create table categories (
        id bigint generated by default as identity,
        name varchar(100) not null,
        type enum ('EXPENSE','INCOME') not null,
        primary key (id),
        unique (name, type)
    )
2026-05-17 19:23:20.932 [main] DEBUG org.hibernate.SQL - 
    create table currencies (
        active boolean not null,
        code varchar(3) not null unique,
        created_at timestamp(6) not null,
        id bigint generated by default as identity,
        symbol varchar(10) not null,
        name varchar(100) not null,
        primary key (id)
    )
2026-05-17 19:23:20.932 [main] DEBUG org.hibernate.SQL - 
    create table exchange_rates (
        effective_date date not null,
        rate numeric(18,8) not null,
        from_currency_id bigint not null,
        id bigint generated by default as identity,
        to_currency_id bigint not null,
        source varchar(50) not null,
        primary key (id),
        unique (from_currency_id, to_currency_id, effective_date)
    )
2026-05-17 19:23:20.933 [main] DEBUG org.hibernate.SQL - 
    create table external_transactions (
        amount numeric(15,2) not null,
        transaction_date date not null,
        id bigint generated by default as identity,
        imported_at timestamp(6) not null,
        user_id bigint not null,
        source varchar(100) not null,
        description varchar(500),
        external_id varchar(255) not null,
        primary key (id)
    )
2026-05-17 19:23:20.933 [main] DEBUG org.hibernate.SQL - 
    create table idempotency_keys (
        status_code integer not null,
        created_at timestamp(6) not null,
        id bigint generated by default as identity,
        user_id bigint not null,
        endpoint varchar(255) not null,
        idempotency_key varchar(255) not null,
        response_body TEXT,
        primary key (id),
        unique (idempotency_key, user_id, endpoint)
    )
2026-05-17 19:23:20.934 [main] DEBUG org.hibernate.SQL - 
    create table kafka_outbox_events (
        attempts integer not null,
        created_at timestamp(6) not null,
        id bigint generated by default as identity,
        published_at timestamp(6),
        updated_at timestamp(6) not null,
        user_id bigint,
        event_id varchar(36) not null,
        event_type varchar(120) not null,
        event_key varchar(200),
        topic varchar(200) not null,
        last_error TEXT,
        payload TEXT not null,
        status enum ('FAILED','PENDING','PUBLISHED') not null,
        primary key (id)
    )
2026-05-17 19:23:20.935 [main] DEBUG org.hibernate.SQL - 
    create table notification_deliveries (
        attempt_count integer not null,
        created_at timestamp(6) not null,
        id bigint generated by default as identity,
        next_retry timestamp(6),
        notification_id bigint not null,
        sent_at timestamp(6),
        last_error varchar(500),
        channel enum ('EMAIL','IN_APP','WEBHOOK') not null,
        status enum ('FAILED','PENDING','RETRYING','SENT') not null,
        primary key (id)
    )
2026-05-17 19:23:20.935 [main] DEBUG org.hibernate.SQL - 
    create table notification_preferences (
        alert_email boolean not null,
        alert_in_app boolean not null,
        budget_alert_threshold integer not null,
        budget_alerts_enabled boolean not null,
        created_at timestamp(6) not null,
        id bigint generated by default as identity,
        updated_at timestamp(6) not null,
        user_id bigint not null unique,
        alert_frequency enum ('DAILY','REAL_TIME','WEEKLY') not null,
        primary key (id)
    )
2026-05-17 19:23:20.937 [main] DEBUG org.hibernate.SQL - 
    create table notifications (
        read boolean not null,
        created_at timestamp(6) not null,
        id bigint generated by default as identity,
        read_at timestamp(6),
        user_id bigint not null,
        message TEXT not null,
        metadata JSON,
        title varchar(255) not null,
        type enum ('ANOMALY_ALERT','BUDGET_ALERT','RECONCILIATION_ALERT','SYSTEM') not null,
        primary key (id)
    )
2026-05-17 19:23:20.937 [main] DEBUG org.hibernate.SQL - 
    create table reconciliation_batches (
        batch_date date not null,
        discrepancy_amount numeric(15,2),
        matched_transactions integer not null,
        total_transactions integer not null,
        unmatched_transactions integer not null,
        created_at timestamp(6) not null,
        id bigint generated by default as identity,
        updated_at timestamp(6) not null,
        user_id bigint not null,
        status enum ('COMPLETED','FAILED','IN_PROGRESS','PENDING') not null,
        primary key (id)
    )
2026-05-17 19:23:20.938 [main] DEBUG org.hibernate.SQL - 
    create table reconciliation_schedule_preferences (
        enabled boolean not null,
        created_at timestamp(6) not null,
        id bigint generated by default as identity,
        updated_at timestamp(6) not null,
        user_id bigint not null unique,
        primary key (id)
    )
2026-05-17 19:23:20.938 [main] DEBUG org.hibernate.SQL - 
    create table recurring_transactions (
        active boolean not null,
        amount numeric(15,2) not null,
        end_date date,
        next_occurrence date not null,
        start_date date not null,
        category_id bigint not null,
        id bigint generated by default as identity,
        user_id bigint not null,
        description varchar(500),
        amount_encrypted LONGBLOB,
        frequency enum ('DAILY','MONTHLY','WEEKLY','YEARLY') not null,
        type enum ('EXPENSE','INCOME') not null,
        primary key (id)
    )
2026-05-17 19:23:20.939 [main] DEBUG org.hibernate.SQL - 
    create table transaction_audit_log (
        new_amount numeric(15,2),
        old_amount numeric(15,2),
        id bigint generated by default as identity,
        performed_at timestamp(6) not null,
        transaction_id bigint,
        user_id bigint not null,
        new_type varchar(10),
        old_type varchar(10),
        new_category varchar(100),
        old_category varchar(100),
        new_description varchar(500),
        old_description varchar(500),
        performed_by varchar(255) not null,
        action enum ('CREATE','DELETE','UPDATE') not null,
        primary key (id)
    )
2026-05-17 19:23:20.939 [main] DEBUG org.hibernate.SQL - 
    create table transaction_matches (
        external_amount numeric(15,2) not null,
        internal_amount numeric(15,2) not null,
        match_confidence numeric(5,2),
        variance_amount numeric(15,2),
        created_at timestamp(6) not null,
        id bigint generated by default as identity,
        internal_transaction_id bigint not null,
        matched_at timestamp(6),
        reconciliation_batch_id bigint not null,
        notes varchar(500),
        external_transaction_id varchar(255),
        match_status enum ('EXACT_MATCH','NO_MATCH','PARTIAL_MATCH') not null,
        primary key (id)
    )
2026-05-17 19:23:20.940 [main] DEBUG org.hibernate.SQL - 
    create table transactions (
        amount numeric(15,2) not null,
        date date not null,
        category_id bigint not null,
        created_at timestamp(6) not null,
        id bigint generated by default as identity,
        user_id bigint not null,
        description varchar(500),
        amount_encrypted LONGBLOB,
        description_encrypted LONGBLOB,
        type enum ('EXPENSE','INCOME') not null,
        primary key (id)
    )
2026-05-17 19:23:20.940 [main] DEBUG org.hibernate.SQL - 
    create table user_wallets (
        balance numeric(20,8) not null,
        primary_wallet boolean not null,
        created_at timestamp(6) not null,
        currency_id bigint not null,
        id bigint generated by default as identity,
        updated_at timestamp(6) not null,
        user_id bigint not null,
        wallet_name varchar(100),
        primary key (id)
    )
2026-05-17 19:23:20.940 [main] DEBUG org.hibernate.SQL - 
    create table users (
        is_deleted BOOLEAN DEFAULT FALSE not null,
        created_at timestamp(6) not null,
        deletion_requested_at timestamp(6),
        hard_delete_scheduled_at timestamp(6),
        id bigint generated by default as identity,
        last_login timestamp(6),
        name varchar(100) not null,
        email varchar(150) not null unique,
        deletion_reason varchar(255),
        password varchar(255) not null,
        role enum ('ADMIN','USER') not null,
        primary key (id)
    )
2026-05-17 19:23:20.941 [main] DEBUG org.hibernate.SQL - 
    create table webhook_deliveries (
        attempt_count integer not null,
        response_status_code integer,
        created_at timestamp(6) not null,
        delivered_at timestamp(6),
        id bigint generated by default as identity,
        next_retry timestamp(6),
        webhook_id bigint not null,
        event_type varchar(100) not null,
        payload JSON not null,
        response_body TEXT,
        status enum ('DELIVERED','FAILED','PENDING') not null,
        primary key (id)
    )
2026-05-17 19:23:20.941 [main] DEBUG org.hibernate.SQL - 
    create table webhooks (
        active boolean not null,
        retry_count integer not null,
        created_at timestamp(6) not null,
        id bigint generated by default as identity,
        updated_at timestamp(6) not null,
        user_id bigint not null,
        secret varchar(256) not null,
        url varchar(500) not null,
        event_types varchar(1000) not null,
        primary key (id)
    )
2026-05-17 19:23:20.942 [main] DEBUG org.hibernate.SQL - 
    create index idx_external_user_date 
       on external_transactions (user_id, transaction_date)
2026-05-17 19:23:20.942 [main] DEBUG org.hibernate.SQL - 
    create index idx_external_source 
       on external_transactions (source)
2026-05-17 19:23:20.942 [main] DEBUG org.hibernate.SQL - 
    create index idx_outbox_status_created 
       on kafka_outbox_events (status, created_at)
2026-05-17 19:23:20.942 [main] DEBUG org.hibernate.SQL - 
    create index idx_delivery_status 
       on notification_deliveries (status)
2026-05-17 19:23:20.942 [main] DEBUG org.hibernate.SQL - 
    create index idx_delivery_next_retry 
       on notification_deliveries (next_retry)
2026-05-17 19:23:20.943 [main] DEBUG org.hibernate.SQL - 
    create index idx_notification_user_read 
       on notifications (user_id, read)
2026-05-17 19:23:20.943 [main] DEBUG org.hibernate.SQL - 
    create index idx_notification_created 
       on notifications (created_at)
2026-05-17 19:23:20.943 [main] DEBUG org.hibernate.SQL - 
    create index idx_reconciliation_user_date 
       on reconciliation_batches (user_id, batch_date)
2026-05-17 19:23:20.943 [main] DEBUG org.hibernate.SQL - 
    create index idx_reconciliation_status 
       on reconciliation_batches (status)
2026-05-17 19:23:20.943 [main] DEBUG org.hibernate.SQL - 
    create index idx_audit_transaction 
       on transaction_audit_log (transaction_id)
2026-05-17 19:23:20.943 [main] DEBUG org.hibernate.SQL - 
    create index idx_audit_user 
       on transaction_audit_log (user_id)
2026-05-17 19:23:20.944 [main] DEBUG org.hibernate.SQL - 
    create index idx_audit_performed_at 
       on transaction_audit_log (performed_at)
2026-05-17 19:23:20.944 [main] DEBUG org.hibernate.SQL - 
    create index idx_match_batch 
       on transaction_matches (reconciliation_batch_id)
2026-05-17 19:23:20.944 [main] DEBUG org.hibernate.SQL - 
    create index idx_match_status 
       on transaction_matches (match_status)
2026-05-17 19:23:20.944 [main] DEBUG org.hibernate.SQL - 
    create index idx_transaction_user_date 
       on transactions (user_id, date)
2026-05-17 19:23:20.944 [main] DEBUG org.hibernate.SQL - 
    create index idx_transaction_user_category 
       on transactions (user_id, category_id)
2026-05-17 19:23:20.944 [main] DEBUG org.hibernate.SQL - 
    create index idx_webhook_delivery_status 
       on webhook_deliveries (status)
2026-05-17 19:23:20.944 [main] DEBUG org.hibernate.SQL - 
    create index idx_webhook_delivery_next_retry 
       on webhook_deliveries (next_retry)
2026-05-17 19:23:20.945 [main] DEBUG org.hibernate.SQL - 
    alter table if exists budgets 
       add constraint FKn7qib00712y8dwelmqfwis6ka 
       foreign key (category_id) 
       references categories
2026-05-17 19:23:20.946 [main] DEBUG org.hibernate.SQL - 
    alter table if exists budgets 
       add constraint FKln0tm5tgf3f9q3sp9sa5m8m7b 
       foreign key (user_id) 
       references users
2026-05-17 19:23:20.947 [main] DEBUG org.hibernate.SQL - 
    alter table if exists exchange_rates 
       add constraint FKhkch9xmcqrklukbwkv5q3jf7p 
       foreign key (from_currency_id) 
       references currencies
2026-05-17 19:23:20.947 [main] DEBUG org.hibernate.SQL - 
    alter table if exists exchange_rates 
       add constraint FK7mxjkyobm460mictds6935plq 
       foreign key (to_currency_id) 
       references currencies
2026-05-17 19:23:20.948 [main] DEBUG org.hibernate.SQL - 
    alter table if exists external_transactions 
       add constraint FKblyu19aj4gct89w9k2thkbs0w 
       foreign key (user_id) 
       references users
2026-05-17 19:23:20.948 [main] DEBUG org.hibernate.SQL - 
    alter table if exists notification_deliveries 
       add constraint FK7wuwttjtl6k3gh24n8erl562y 
       foreign key (notification_id) 
       references notifications
2026-05-17 19:23:20.949 [main] DEBUG org.hibernate.SQL - 
    alter table if exists notification_preferences 
       add constraint FKt9qjvmcl36i14utm5uptyqg84 
       foreign key (user_id) 
       references users
2026-05-17 19:23:20.949 [main] DEBUG org.hibernate.SQL - 
    alter table if exists notifications 
       add constraint FK9y21adhxn0ayjhfocscqox7bh 
       foreign key (user_id) 
       references users
2026-05-17 19:23:20.950 [main] DEBUG org.hibernate.SQL - 
    alter table if exists reconciliation_batches 
       add constraint FKqpn4xc962on3h06asnl3dl0cn 
       foreign key (user_id) 
       references users
2026-05-17 19:23:20.951 [main] DEBUG org.hibernate.SQL - 
    alter table if exists reconciliation_schedule_preferences 
       add constraint FKmna4ggwc2242yv7r4bjjomhmu 
       foreign key (user_id) 
       references users
2026-05-17 19:23:20.951 [main] DEBUG org.hibernate.SQL - 
    alter table if exists recurring_transactions 
       add constraint FKf1byxnna01ws6w75pqc652kvj 
       foreign key (category_id) 
       references categories
2026-05-17 19:23:20.952 [main] DEBUG org.hibernate.SQL - 
    alter table if exists recurring_transactions 
       add constraint FK59dmexrjod697u8j37s0nhyhd 
       foreign key (user_id) 
       references users
2026-05-17 19:23:20.953 [main] DEBUG org.hibernate.SQL - 
    alter table if exists transaction_matches 
       add constraint FKlmnynefki8v8nk505ld75lpig 
       foreign key (internal_transaction_id) 
       references transactions
2026-05-17 19:23:20.954 [main] DEBUG org.hibernate.SQL - 
    alter table if exists transaction_matches 
       add constraint FKldg3x4d01dn2wiwf3yaxyrqi6 
       foreign key (reconciliation_batch_id) 
       references reconciliation_batches
2026-05-17 19:23:20.955 [main] DEBUG org.hibernate.SQL - 
    alter table if exists transactions 
       add constraint FKsqqi7sneo04kast0o138h19mv 
       foreign key (category_id) 
       references categories
2026-05-17 19:23:20.955 [main] DEBUG org.hibernate.SQL - 
    alter table if exists transactions 
       add constraint FKqwv7rmvc8va8rep7piikrojds 
       foreign key (user_id) 
       references users
2026-05-17 19:23:20.956 [main] DEBUG org.hibernate.SQL - 
    alter table if exists user_wallets 
       add constraint FKj46a6ljs7oe7cj2rd42o001rp 
       foreign key (currency_id) 
       references currencies
2026-05-17 19:23:20.956 [main] DEBUG org.hibernate.SQL - 
    alter table if exists user_wallets 
       add constraint FK423n8ap6gdudl8fcab7ugv3qt 
       foreign key (user_id) 
       references users
2026-05-17 19:23:20.957 [main] DEBUG org.hibernate.SQL - 
    alter table if exists webhook_deliveries 
       add constraint FKmlt1l0yp2hoejx1be6qw10u5n 
       foreign key (webhook_id) 
       references webhooks
2026-05-17 19:23:20.957 [main] DEBUG org.hibernate.SQL - 
    alter table if exists webhooks 
       add constraint FKa6h59mek9bcdkqgmnt7lc06ip 
       foreign key (user_id) 
       references users
2026-05-17 19:23:20.958 [main] INFO  o.s.o.j.LocalContainerEntityManagerFactoryBean - Initialized JPA EntityManagerFactory for persistence unit 'default'
2026-05-17 19:23:21.332 [main] INFO  o.s.s.c.a.a.c.InitializeUserDetailsBeanManagerConfigurer$InitializeUserDetailsManagerConfigurer - Global AuthenticationManager configured with UserDetailsService bean with name customUserDetailsService
2026-05-17 19:23:23.006 [main] INFO  o.s.b.a.e.web.EndpointLinksResolver - Exposing 5 endpoints beneath base path '/actuator'
2026-05-17 19:23:23.142 [main] DEBUG o.s.s.web.DefaultSecurityFilterChain - Will secure any request with filters: DisableEncodeUrlFilter, WebAsyncManagerIntegrationFilter, SecurityContextHolderFilter, HeaderWriterFilter, CorsFilter, LogoutFilter, RateLimitingFilter, JwtAuthenticationFilter, AuditLogFilter, IdempotencyFilter, RequestCacheAwareFilter, SecurityContextHolderAwareRequestFilter, AnonymousAuthenticationFilter, SessionManagementFilter, ExceptionTranslationFilter, AuthorizationFilter
2026-05-17 19:23:24.025 [main] INFO  c.finsight.FinSightApplicationTests - Started FinSightApplicationTests in 4.648 seconds (process running for 9.193)
[INFO] Tests run: 1, Failures: 0, Errors: 0, Skipped: 0, Time elapsed: 4.753 s -- in com.finsight.FinSightApplicationTests
[INFO] Running com.finsight.scheduler.ScheduledReconciliationTaskTest
2026-05-17 19:23:24.402 [main] INFO  c.f.s.ScheduledReconciliationTask - Scheduled reconciliation started for date=2026-05-16
2026-05-17 19:23:24.408 [main] INFO  c.f.s.ScheduledReconciliationTask - Scheduled reconciliation completed for user=1 date=2026-05-16
2026-05-17 19:23:24.408 [main] INFO  c.f.s.ScheduledReconciliationTask - Scheduled reconciliation completed for user=2 date=2026-05-16
2026-05-17 19:23:24.408 [main] INFO  c.f.s.ScheduledReconciliationTask - Scheduled reconciliation finished for date=2026-05-16
[INFO] Tests run: 1, Failures: 0, Errors: 0, Skipped: 0, Time elapsed: 0.348 s -- in com.finsight.scheduler.ScheduledReconciliationTaskTest
[INFO] Running com.finsight.controller.WebhookIntegrationTest
2026-05-17 19:23:24.432 [main] INFO  o.s.t.c.s.AnnotationConfigContextLoaderUtils - Could not detect default configuration classes for test class [com.finsight.controller.WebhookIntegrationTest]: WebhookIntegrationTest does not declare any static, non-private, non-final, nested classes annotated with @Configuration.
2026-05-17 19:23:24.465 [main] INFO  o.s.b.t.c.SpringBootTestContextBootstrapper - Found @SpringBootConfiguration com.finsight.FinSightApplication for test class com.finsight.controller.WebhookIntegrationTest
2026-05-17 19:23:24.469 [main] INFO  o.s.b.d.r.RestartApplicationListener - Restart disabled due to context in which it is running

  .   ____          _            __ _ _
 /\\ / ___'_ __ _ _(_)_ __  __ _ \ \ \ \
( ( )\___ | '_ | '_| | '_ \/ _` | \ \ \ \
 \\/  ___)| |_)| | | | | || (_| |  ) ) ) )
  '  |____| .__|_| |_|_| |_\__, | / / / /
 =========|_|==============|___/=/_/_/_/

 :: Spring Boot ::               (v3.5.12)

2026-05-17 19:23:24.500 [main] INFO  c.f.c.WebhookIntegrationTest - Starting WebhookIntegrationTest using Java 17.0.18 with PID 86553 (started by shashi in /Users/shashi/FinSight)
2026-05-17 19:23:24.500 [main] DEBUG c.f.c.WebhookIntegrationTest - Running with Spring Boot v3.5.12, Spring v6.2.17
2026-05-17 19:23:24.500 [main] INFO  c.f.c.WebhookIntegrationTest - The following 1 profile is active: "test"
2026-05-17 19:23:24.920 [main] INFO  o.s.d.r.c.RepositoryConfigurationDelegate - Multiple Spring Data modules found, entering strict repository configuration mode
2026-05-17 19:23:24.921 [main] INFO  o.s.d.r.c.RepositoryConfigurationDelegate - Bootstrapping Spring Data JPA repositories in DEFAULT mode.
2026-05-17 19:23:24.949 [main] INFO  o.s.d.r.c.RepositoryConfigurationDelegate - Finished Spring Data repository scanning in 26 ms. Found 20 JPA repository interfaces.
2026-05-17 19:23:25.029 [main] INFO  c.u.j.c.EnableEncryptablePropertiesBeanFactoryPostProcessor - Post-processing PropertySource instances
2026-05-17 19:23:25.029 [main] INFO  c.u.j.EncryptablePropertySourceConverter - Converting PropertySource Annotations [org.springframework.boot.test.autoconfigure.properties.AnnotationsPropertySource] to EncryptableEnumerablePropertySourceWrapper
2026-05-17 19:23:25.029 [main] INFO  c.u.j.EncryptablePropertySourceConverter - Skipping PropertySource configurationProperties [class org.springframework.boot.context.properties.source.ConfigurationPropertySourcesPropertySource
2026-05-17 19:23:25.029 [main] INFO  c.u.j.EncryptablePropertySourceConverter - Converting PropertySource test [org.springframework.core.env.MapPropertySource] to EncryptableMapPropertySourceWrapper
2026-05-17 19:23:25.029 [main] INFO  c.u.j.EncryptablePropertySourceConverter - Converting PropertySource Inlined Test Properties [org.springframework.core.env.MapPropertySource] to EncryptableMapPropertySourceWrapper
2026-05-17 19:23:25.029 [main] INFO  c.u.j.EncryptablePropertySourceConverter - Converting PropertySource active-test-profiles [org.springframework.core.env.MapPropertySource] to EncryptableMapPropertySourceWrapper
2026-05-17 19:23:25.029 [main] INFO  c.u.j.EncryptablePropertySourceConverter - Skipping PropertySource servletConfigInitParams [class org.springframework.core.env.PropertySource$StubPropertySource
2026-05-17 19:23:25.029 [main] INFO  c.u.j.EncryptablePropertySourceConverter - Converting PropertySource servletContextInitParams [org.springframework.web.context.support.ServletContextPropertySource] to EncryptableEnumerablePropertySourceWrapper
2026-05-17 19:23:25.029 [main] INFO  c.u.j.EncryptablePropertySourceConverter - Converting PropertySource systemProperties [org.springframework.core.env.PropertiesPropertySource] to EncryptableMapPropertySourceWrapper
2026-05-17 19:23:25.029 [main] INFO  c.u.j.EncryptablePropertySourceConverter - Converting PropertySource systemEnvironment [org.springframework.boot.env.SystemEnvironmentPropertySourceEnvironmentPostProcessor$OriginAwareSystemEnvironmentPropertySource] to EncryptableSystemEnvironmentPropertySourceWrapper
2026-05-17 19:23:25.029 [main] INFO  c.u.j.EncryptablePropertySourceConverter - Converting PropertySource random [org.springframework.boot.env.RandomValuePropertySource] to EncryptablePropertySourceWrapper
2026-05-17 19:23:25.029 [main] INFO  c.u.j.EncryptablePropertySourceConverter - Converting PropertySource Config resource 'class path resource [application-test.properties]' via location 'optional:classpath:/' [org.springframework.boot.env.OriginTrackedMapPropertySource] to EncryptableMapPropertySourceWrapper
2026-05-17 19:23:25.029 [main] INFO  c.u.j.EncryptablePropertySourceConverter - Converting PropertySource Config resource 'class path resource [application.properties]' via location 'optional:classpath:/' [org.springframework.boot.env.OriginTrackedMapPropertySource] to EncryptableMapPropertySourceWrapper
2026-05-17 19:23:25.029 [main] INFO  c.u.j.EncryptablePropertySourceConverter - Converting PropertySource applicationInfo [org.springframework.boot.ApplicationInfoPropertySource] to EncryptableMapPropertySourceWrapper
2026-05-17 19:23:25.229 [main] INFO  c.u.j.f.DefaultLazyPropertyFilter - Property Filter custom Bean not found with name 'encryptablePropertyFilter'. Initializing Default Property Filter
2026-05-17 19:23:25.231 [main] INFO  c.u.j.r.DefaultLazyPropertyResolver - Property Resolver custom Bean not found with name 'encryptablePropertyResolver'. Initializing Default Property Resolver
2026-05-17 19:23:25.232 [main] INFO  c.u.j.d.DefaultLazyPropertyDetector - Property Detector custom Bean not found with name 'encryptablePropertyDetector'. Initializing Default Property Detector
2026-05-17 19:23:25.336 [main] INFO  o.h.jpa.internal.util.LogHelper - HHH000204: Processing PersistenceUnitInfo [name: default]
2026-05-17 19:23:25.340 [main] INFO  o.h.c.i.RegionFactoryInitiator - HHH000026: Second-level cache disabled
2026-05-17 19:23:25.347 [main] INFO  o.s.o.j.p.SpringPersistenceUnitInfo - No LoadTimeWeaver setup: ignoring JPA class transformer
2026-05-17 19:23:25.348 [main] INFO  com.zaxxer.hikari.HikariDataSource - HikariPool-2 - Starting...
2026-05-17 19:23:25.349 [main] INFO  com.zaxxer.hikari.pool.HikariPool - HikariPool-2 - Added connection conn18: url=jdbc:h2:mem:finsight_test user=SA
2026-05-17 19:23:25.349 [main] INFO  com.zaxxer.hikari.HikariDataSource - HikariPool-2 - Start completed.
2026-05-17 19:23:25.350 [main] INFO  o.hibernate.orm.connections.pooling - HHH10001005: Database info:
	Database JDBC URL [Connecting through datasource 'HikariDataSource (HikariPool-2)']
	Database driver: undefined/unknown
	Database version: 2.3.232
	Autocommit mode: undefined/unknown
	Isolation level: undefined/unknown
	Minimum pool size: undefined/unknown
	Maximum pool size: undefined/unknown
2026-05-17 19:23:25.477 [main] INFO  o.h.e.t.j.p.i.JtaPlatformInitiator - HHH000489: No JTA platform available (set 'hibernate.transaction.jta.platform' to enable JTA platform integration)
2026-05-17 19:23:25.477 [main] DEBUG org.hibernate.SQL - 
    drop table if exists budgets cascade 
2026-05-17 19:23:25.479 [main] DEBUG org.hibernate.SQL - 
    drop table if exists categories cascade 
2026-05-17 19:23:25.480 [main] DEBUG org.hibernate.SQL - 
    drop table if exists currencies cascade 
2026-05-17 19:23:25.481 [main] DEBUG org.hibernate.SQL - 
    drop table if exists exchange_rates cascade 
2026-05-17 19:23:25.481 [main] DEBUG org.hibernate.SQL - 
    drop table if exists external_transactions cascade 
2026-05-17 19:23:25.482 [main] DEBUG org.hibernate.SQL - 
    drop table if exists idempotency_keys cascade 
2026-05-17 19:23:25.482 [main] DEBUG org.hibernate.SQL - 
    drop table if exists kafka_outbox_events cascade 
2026-05-17 19:23:25.483 [main] DEBUG org.hibernate.SQL - 
    drop table if exists notification_deliveries cascade 
2026-05-17 19:23:25.483 [main] DEBUG org.hibernate.SQL - 
    drop table if exists notification_preferences cascade 
2026-05-17 19:23:25.484 [main] DEBUG org.hibernate.SQL - 
    drop table if exists notifications cascade 
2026-05-17 19:23:25.484 [main] DEBUG org.hibernate.SQL - 
    drop table if exists reconciliation_batches cascade 
2026-05-17 19:23:25.485 [main] DEBUG org.hibernate.SQL - 
    drop table if exists reconciliation_schedule_preferences cascade 
2026-05-17 19:23:25.485 [main] DEBUG org.hibernate.SQL - 
    drop table if exists recurring_transactions cascade 
2026-05-17 19:23:25.487 [main] DEBUG org.hibernate.SQL - 
    drop table if exists transaction_audit_log cascade 
2026-05-17 19:23:25.488 [main] DEBUG org.hibernate.SQL - 
    drop table if exists transaction_matches cascade 
2026-05-17 19:23:25.488 [main] DEBUG org.hibernate.SQL - 
    drop table if exists transactions cascade 
2026-05-17 19:23:25.489 [main] DEBUG org.hibernate.SQL - 
    drop table if exists user_wallets cascade 
2026-05-17 19:23:25.489 [main] DEBUG org.hibernate.SQL - 
    drop table if exists users cascade 
2026-05-17 19:23:25.490 [main] DEBUG org.hibernate.SQL - 
    drop table if exists webhook_deliveries cascade 
2026-05-17 19:23:25.490 [main] DEBUG org.hibernate.SQL - 
    drop table if exists webhooks cascade 
2026-05-17 19:23:25.490 [main] DEBUG org.hibernate.SQL - 
    create table budgets (
        budget_month integer not null,
        budget_year integer not null,
        monthly_limit numeric(15,2) not null,
        category_id bigint not null,
        id bigint generated by default as identity,
        user_id bigint not null,
        primary key (id),
        unique (user_id, category_id, budget_month, budget_year)
    )
2026-05-17 19:23:25.491 [main] DEBUG org.hibernate.SQL - 
    create table categories (
        id bigint generated by default as identity,
        name varchar(100) not null,
        type enum ('EXPENSE','INCOME') not null,
        primary key (id),
        unique (name, type)
    )
2026-05-17 19:23:25.492 [main] DEBUG org.hibernate.SQL - 
    create table currencies (
        active boolean not null,
        code varchar(3) not null unique,
        created_at timestamp(6) not null,
        id bigint generated by default as identity,
        symbol varchar(10) not null,
        name varchar(100) not null,
        primary key (id)
    )
2026-05-17 19:23:25.493 [main] DEBUG org.hibernate.SQL - 
    create table exchange_rates (
        effective_date date not null,
        rate numeric(18,8) not null,
        from_currency_id bigint not null,
        id bigint generated by default as identity,
        to_currency_id bigint not null,
        source varchar(50) not null,
        primary key (id),
        unique (from_currency_id, to_currency_id, effective_date)
    )
2026-05-17 19:23:25.493 [main] DEBUG org.hibernate.SQL - 
    create table external_transactions (
        amount numeric(15,2) not null,
        transaction_date date not null,
        id bigint generated by default as identity,
        imported_at timestamp(6) not null,
        user_id bigint not null,
        source varchar(100) not null,
        description varchar(500),
        external_id varchar(255) not null,
        primary key (id)
    )
2026-05-17 19:23:25.494 [main] DEBUG org.hibernate.SQL - 
    create table idempotency_keys (
        status_code integer not null,
        created_at timestamp(6) not null,
        id bigint generated by default as identity,
        user_id bigint not null,
        endpoint varchar(255) not null,
        idempotency_key varchar(255) not null,
        response_body TEXT,
        primary key (id),
        unique (idempotency_key, user_id, endpoint)
    )
2026-05-17 19:23:25.494 [main] DEBUG org.hibernate.SQL - 
    create table kafka_outbox_events (
        attempts integer not null,
        created_at timestamp(6) not null,
        id bigint generated by default as identity,
        published_at timestamp(6),
        updated_at timestamp(6) not null,
        user_id bigint,
        event_id varchar(36) not null,
        event_type varchar(120) not null,
        event_key varchar(200),
        topic varchar(200) not null,
        last_error TEXT,
        payload TEXT not null,
        status enum ('FAILED','PENDING','PUBLISHED') not null,
        primary key (id)
    )
2026-05-17 19:23:25.495 [main] DEBUG org.hibernate.SQL - 
    create table notification_deliveries (
        attempt_count integer not null,
        created_at timestamp(6) not null,
        id bigint generated by default as identity,
        next_retry timestamp(6),
        notification_id bigint not null,
        sent_at timestamp(6),
        last_error varchar(500),
        channel enum ('EMAIL','IN_APP','WEBHOOK') not null,
        status enum ('FAILED','PENDING','RETRYING','SENT') not null,
        primary key (id)
    )
2026-05-17 19:23:25.495 [main] DEBUG org.hibernate.SQL - 
    create table notification_preferences (
        alert_email boolean not null,
        alert_in_app boolean not null,
        budget_alert_threshold integer not null,
        budget_alerts_enabled boolean not null,
        created_at timestamp(6) not null,
        id bigint generated by default as identity,
        updated_at timestamp(6) not null,
        user_id bigint not null unique,
        alert_frequency enum ('DAILY','REAL_TIME','WEEKLY') not null,
        primary key (id)
    )
2026-05-17 19:23:25.496 [main] DEBUG org.hibernate.SQL - 
    create table notifications (
        read boolean not null,
        created_at timestamp(6) not null,
        id bigint generated by default as identity,
        read_at timestamp(6),
        user_id bigint not null,
        message TEXT not null,
        metadata JSON,
        title varchar(255) not null,
        type enum ('ANOMALY_ALERT','BUDGET_ALERT','RECONCILIATION_ALERT','SYSTEM') not null,
        primary key (id)
    )
2026-05-17 19:23:25.496 [main] DEBUG org.hibernate.SQL - 
    create table reconciliation_batches (
        batch_date date not null,
        discrepancy_amount numeric(15,2),
        matched_transactions integer not null,
        total_transactions integer not null,
        unmatched_transactions integer not null,
        created_at timestamp(6) not null,
        id bigint generated by default as identity,
        updated_at timestamp(6) not null,
        user_id bigint not null,
        status enum ('COMPLETED','FAILED','IN_PROGRESS','PENDING') not null,
        primary key (id)
    )
2026-05-17 19:23:25.497 [main] DEBUG org.hibernate.SQL - 
    create table reconciliation_schedule_preferences (
        enabled boolean not null,
        created_at timestamp(6) not null,
        id bigint generated by default as identity,
        updated_at timestamp(6) not null,
        user_id bigint not null unique,
        primary key (id)
    )
2026-05-17 19:23:25.498 [main] DEBUG org.hibernate.SQL - 
    create table recurring_transactions (
        active boolean not null,
        amount numeric(15,2) not null,
        end_date date,
        next_occurrence date not null,
        start_date date not null,
        category_id bigint not null,
        id bigint generated by default as identity,
        user_id bigint not null,
        description varchar(500),
        amount_encrypted LONGBLOB,
        frequency enum ('DAILY','MONTHLY','WEEKLY','YEARLY') not null,
        type enum ('EXPENSE','INCOME') not null,
        primary key (id)
    )
2026-05-17 19:23:25.498 [main] DEBUG org.hibernate.SQL - 
    create table transaction_audit_log (
        new_amount numeric(15,2),
        old_amount numeric(15,2),
        id bigint generated by default as identity,
        performed_at timestamp(6) not null,
        transaction_id bigint,
        user_id bigint not null,
        new_type varchar(10),
        old_type varchar(10),
        new_category varchar(100),
        old_category varchar(100),
        new_description varchar(500),
        old_description varchar(500),
        performed_by varchar(255) not null,
        action enum ('CREATE','DELETE','UPDATE') not null,
        primary key (id)
    )
2026-05-17 19:23:25.499 [main] DEBUG org.hibernate.SQL - 
    create table transaction_matches (
        external_amount numeric(15,2) not null,
        internal_amount numeric(15,2) not null,
        match_confidence numeric(5,2),
        variance_amount numeric(15,2),
        created_at timestamp(6) not null,
        id bigint generated by default as identity,
        internal_transaction_id bigint not null,
        matched_at timestamp(6),
        reconciliation_batch_id bigint not null,
        notes varchar(500),
        external_transaction_id varchar(255),
        match_status enum ('EXACT_MATCH','NO_MATCH','PARTIAL_MATCH') not null,
        primary key (id)
    )
2026-05-17 19:23:25.499 [main] DEBUG org.hibernate.SQL - 
    create table transactions (
        amount numeric(15,2) not null,
        date date not null,
        category_id bigint not null,
        created_at timestamp(6) not null,
        id bigint generated by default as identity,
        user_id bigint not null,
        description varchar(500),
        amount_encrypted LONGBLOB,
        description_encrypted LONGBLOB,
        type enum ('EXPENSE','INCOME') not null,
        primary key (id)
    )
2026-05-17 19:23:25.500 [main] DEBUG org.hibernate.SQL - 
    create table user_wallets (
        balance numeric(20,8) not null,
        primary_wallet boolean not null,
        created_at timestamp(6) not null,
        currency_id bigint not null,
        id bigint generated by default as identity,
        updated_at timestamp(6) not null,
        user_id bigint not null,
        wallet_name varchar(100),
        primary key (id)
    )
2026-05-17 19:23:25.501 [main] DEBUG org.hibernate.SQL - 
    create table users (
        is_deleted BOOLEAN DEFAULT FALSE not null,
        created_at timestamp(6) not null,
        deletion_requested_at timestamp(6),
        hard_delete_scheduled_at timestamp(6),
        id bigint generated by default as identity,
        last_login timestamp(6),
        name varchar(100) not null,
        email varchar(150) not null unique,
        deletion_reason varchar(255),
        password varchar(255) not null,
        role enum ('ADMIN','USER') not null,
        primary key (id)
    )
2026-05-17 19:23:25.501 [main] DEBUG org.hibernate.SQL - 
    create table webhook_deliveries (
        attempt_count integer not null,
        response_status_code integer,
        created_at timestamp(6) not null,
        delivered_at timestamp(6),
        id bigint generated by default as identity,
        next_retry timestamp(6),
        webhook_id bigint not null,
        event_type varchar(100) not null,
        payload JSON not null,
        response_body TEXT,
        status enum ('DELIVERED','FAILED','PENDING') not null,
        primary key (id)
    )
2026-05-17 19:23:25.502 [main] DEBUG org.hibernate.SQL - 
    create table webhooks (
        active boolean not null,
        retry_count integer not null,
        created_at timestamp(6) not null,
        id bigint generated by default as identity,
        updated_at timestamp(6) not null,
        user_id bigint not null,
        secret varchar(256) not null,
        url varchar(500) not null,
        event_types varchar(1000) not null,
        primary key (id)
    )
2026-05-17 19:23:25.503 [main] DEBUG org.hibernate.SQL - 
    create index idx_external_user_date 
       on external_transactions (user_id, transaction_date)
2026-05-17 19:23:25.504 [main] DEBUG org.hibernate.SQL - 
    create index idx_external_source 
       on external_transactions (source)
2026-05-17 19:23:25.504 [main] DEBUG org.hibernate.SQL - 
    create index idx_outbox_status_created 
       on kafka_outbox_events (status, created_at)
2026-05-17 19:23:25.504 [main] DEBUG org.hibernate.SQL - 
    create index idx_delivery_status 
       on notification_deliveries (status)
2026-05-17 19:23:25.505 [main] DEBUG org.hibernate.SQL - 
    create index idx_delivery_next_retry 
       on notification_deliveries (next_retry)
2026-05-17 19:23:25.505 [main] DEBUG org.hibernate.SQL - 
    create index idx_notification_user_read 
       on notifications (user_id, read)
2026-05-17 19:23:25.505 [main] DEBUG org.hibernate.SQL - 
    create index idx_notification_created 
       on notifications (created_at)
2026-05-17 19:23:25.505 [main] DEBUG org.hibernate.SQL - 
    create index idx_reconciliation_user_date 
       on reconciliation_batches (user_id, batch_date)
2026-05-17 19:23:25.505 [main] DEBUG org.hibernate.SQL - 
    create index idx_reconciliation_status 
       on reconciliation_batches (status)
2026-05-17 19:23:25.506 [main] DEBUG org.hibernate.SQL - 
    create index idx_audit_transaction 
       on transaction_audit_log (transaction_id)
2026-05-17 19:23:25.506 [main] DEBUG org.hibernate.SQL - 
    create index idx_audit_user 
       on transaction_audit_log (user_id)
2026-05-17 19:23:25.506 [main] DEBUG org.hibernate.SQL - 
    create index idx_audit_performed_at 
       on transaction_audit_log (performed_at)
2026-05-17 19:23:25.506 [main] DEBUG org.hibernate.SQL - 
    create index idx_match_batch 
       on transaction_matches (reconciliation_batch_id)
2026-05-17 19:23:25.507 [main] DEBUG org.hibernate.SQL - 
    create index idx_match_status 
       on transaction_matches (match_status)
2026-05-17 19:23:25.507 [main] DEBUG org.hibernate.SQL - 
    create index idx_transaction_user_date 
       on transactions (user_id, date)
2026-05-17 19:23:25.507 [main] DEBUG org.hibernate.SQL - 
    create index idx_transaction_user_category 
       on transactions (user_id, category_id)
2026-05-17 19:23:25.507 [main] DEBUG org.hibernate.SQL - 
    create index idx_webhook_delivery_status 
       on webhook_deliveries (status)
2026-05-17 19:23:25.508 [main] DEBUG org.hibernate.SQL - 
    create index idx_webhook_delivery_next_retry 
       on webhook_deliveries (next_retry)
2026-05-17 19:23:25.508 [main] DEBUG org.hibernate.SQL - 
    alter table if exists budgets 
       add constraint FKn7qib00712y8dwelmqfwis6ka 
       foreign key (category_id) 
       references categories
2026-05-17 19:23:25.509 [main] DEBUG org.hibernate.SQL - 
    alter table if exists budgets 
       add constraint FKln0tm5tgf3f9q3sp9sa5m8m7b 
       foreign key (user_id) 
       references users
2026-05-17 19:23:25.509 [main] DEBUG org.hibernate.SQL - 
    alter table if exists exchange_rates 
       add constraint FKhkch9xmcqrklukbwkv5q3jf7p 
       foreign key (from_currency_id) 
       references currencies
2026-05-17 19:23:25.510 [main] DEBUG org.hibernate.SQL - 
    alter table if exists exchange_rates 
       add constraint FK7mxjkyobm460mictds6935plq 
       foreign key (to_currency_id) 
       references currencies
2026-05-17 19:23:25.511 [main] DEBUG org.hibernate.SQL - 
    alter table if exists external_transactions 
       add constraint FKblyu19aj4gct89w9k2thkbs0w 
       foreign key (user_id) 
       references users
2026-05-17 19:23:25.511 [main] DEBUG org.hibernate.SQL - 
    alter table if exists notification_deliveries 
       add constraint FK7wuwttjtl6k3gh24n8erl562y 
       foreign key (notification_id) 
       references notifications
2026-05-17 19:23:25.512 [main] DEBUG org.hibernate.SQL - 
    alter table if exists notification_preferences 
       add constraint FKt9qjvmcl36i14utm5uptyqg84 
       foreign key (user_id) 
       references users
2026-05-17 19:23:25.513 [main] DEBUG org.hibernate.SQL - 
    alter table if exists notifications 
       add constraint FK9y21adhxn0ayjhfocscqox7bh 
       foreign key (user_id) 
       references users
2026-05-17 19:23:25.514 [main] DEBUG org.hibernate.SQL - 
    alter table if exists reconciliation_batches 
       add constraint FKqpn4xc962on3h06asnl3dl0cn 
       foreign key (user_id) 
       references users
2026-05-17 19:23:25.514 [main] DEBUG org.hibernate.SQL - 
    alter table if exists reconciliation_schedule_preferences 
       add constraint FKmna4ggwc2242yv7r4bjjomhmu 
       foreign key (user_id) 
       references users
2026-05-17 19:23:25.515 [main] DEBUG org.hibernate.SQL - 
    alter table if exists recurring_transactions 
       add constraint FKf1byxnna01ws6w75pqc652kvj 
       foreign key (category_id) 
       references categories
2026-05-17 19:23:25.515 [main] DEBUG org.hibernate.SQL - 
    alter table if exists recurring_transactions 
       add constraint FK59dmexrjod697u8j37s0nhyhd 
       foreign key (user_id) 
       references users
2026-05-17 19:23:25.516 [main] DEBUG org.hibernate.SQL - 
    alter table if exists transaction_matches 
       add constraint FKlmnynefki8v8nk505ld75lpig 
       foreign key (internal_transaction_id) 
       references transactions
2026-05-17 19:23:25.517 [main] DEBUG org.hibernate.SQL - 
    alter table if exists transaction_matches 
       add constraint FKldg3x4d01dn2wiwf3yaxyrqi6 
       foreign key (reconciliation_batch_id) 
       references reconciliation_batches
2026-05-17 19:23:25.517 [main] DEBUG org.hibernate.SQL - 
    alter table if exists transactions 
       add constraint FKsqqi7sneo04kast0o138h19mv 
       foreign key (category_id) 
       references categories
2026-05-17 19:23:25.518 [main] DEBUG org.hibernate.SQL - 
    alter table if exists transactions 
       add constraint FKqwv7rmvc8va8rep7piikrojds 
       foreign key (user_id) 
       references users
2026-05-17 19:23:25.518 [main] DEBUG org.hibernate.SQL - 
    alter table if exists user_wallets 
       add constraint FKj46a6ljs7oe7cj2rd42o001rp 
       foreign key (currency_id) 
       references currencies
2026-05-17 19:23:25.520 [main] DEBUG org.hibernate.SQL - 
    alter table if exists user_wallets 
       add constraint FK423n8ap6gdudl8fcab7ugv3qt 
       foreign key (user_id) 
       references users
2026-05-17 19:23:25.521 [main] DEBUG org.hibernate.SQL - 
    alter table if exists webhook_deliveries 
       add constraint FKmlt1l0yp2hoejx1be6qw10u5n 
       foreign key (webhook_id) 
       references webhooks
2026-05-17 19:23:25.522 [main] DEBUG org.hibernate.SQL - 
    alter table if exists webhooks 
       add constraint FKa6h59mek9bcdkqgmnt7lc06ip 
       foreign key (user_id) 
       references users
2026-05-17 19:23:25.523 [main] INFO  o.s.o.j.LocalContainerEntityManagerFactoryBean - Initialized JPA EntityManagerFactory for persistence unit 'default'
2026-05-17 19:23:26.213 [main] INFO  o.s.s.c.a.a.c.InitializeUserDetailsBeanManagerConfigurer$InitializeUserDetailsManagerConfigurer - Global AuthenticationManager configured with UserDetailsService bean with name customUserDetailsService
2026-05-17 19:23:27.850 [main] INFO  o.s.b.a.e.web.EndpointLinksResolver - Exposing 5 endpoints beneath base path '/actuator'
2026-05-17 19:23:28.011 [main] DEBUG o.s.s.web.DefaultSecurityFilterChain - Will secure any request with filters: DisableEncodeUrlFilter, WebAsyncManagerIntegrationFilter, SecurityContextHolderFilter, HeaderWriterFilter, CorsFilter, LogoutFilter, RateLimitingFilter, JwtAuthenticationFilter, AuditLogFilter, IdempotencyFilter, RequestCacheAwareFilter, SecurityContextHolderAwareRequestFilter, AnonymousAuthenticationFilter, SessionManagementFilter, ExceptionTranslationFilter, AuthorizationFilter
2026-05-17 19:23:28.980 [main] INFO  o.s.b.t.m.w.SpringBootMockServletContext - Initializing Spring TestDispatcherServlet ''
2026-05-17 19:23:28.980 [main] INFO  o.s.t.w.s.TestDispatcherServlet - Initializing Servlet ''
2026-05-17 19:23:28.982 [main] INFO  o.s.t.w.s.TestDispatcherServlet - Completed initialization in 2 ms
2026-05-17 19:23:29.065 [main] INFO  c.f.c.WebhookIntegrationTest - Started WebhookIntegrationTest in 4.596 seconds (process running for 14.233)
2026-05-17 19:23:29.079 [main] DEBUG org.hibernate.SQL - 
    select
        w1_0.id,
        w1_0.active,
        w1_0.created_at,
        w1_0.event_types,
        w1_0.retry_count,
        w1_0.secret,
        w1_0.updated_at,
        w1_0.url,
        w1_0.user_id 
    from
        webhooks w1_0
2026-05-17 19:23:29.089 [main] DEBUG org.hibernate.SQL - 
    select
        u1_0.id,
        u1_0.created_at,
        u1_0.deletion_reason,
        u1_0.deletion_requested_at,
        u1_0.email,
        u1_0.hard_delete_scheduled_at,
        u1_0.is_deleted,
        u1_0.last_login,
        u1_0.name,
        u1_0.password,
        u1_0.role 
    from
        users u1_0
2026-05-17 19:23:29.092 [main] DEBUG org.hibernate.SQL - 
    insert 
    into
        users
        (created_at, deletion_reason, deletion_requested_at, email, hard_delete_scheduled_at, is_deleted, last_login, name, password, role, id) 
    values
        (?, ?, ?, ?, ?, ?, ?, ?, ?, ?, default)
2026-05-17 19:23:29.206 [main] DEBUG org.hibernate.SQL - 
    select
        u1_0.id,
        u1_0.created_at,
        u1_0.deletion_reason,
        u1_0.deletion_requested_at,
        u1_0.email,
        u1_0.hard_delete_scheduled_at,
        u1_0.is_deleted,
        u1_0.last_login,
        u1_0.name,
        u1_0.password,
        u1_0.role 
    from
        users u1_0 
    where
        u1_0.id=?
2026-05-17 19:23:29.210 [main] DEBUG org.hibernate.SQL - 
    insert 
    into
        webhooks
        (active, created_at, event_types, retry_count, secret, updated_at, url, user_id, id) 
    values
        (?, ?, ?, ?, ?, ?, ?, ?, default)
2026-05-17 19:23:29.211 [main] INFO  com.finsight.service.WebhookService - Created webhook for user 1 at URL https://example.com/webhook1
2026-05-17 19:23:29.230 [main] DEBUG org.hibernate.SQL - 
    select
        u1_0.id,
        u1_0.created_at,
        u1_0.deletion_reason,
        u1_0.deletion_requested_at,
        u1_0.email,
        u1_0.hard_delete_scheduled_at,
        u1_0.is_deleted,
        u1_0.last_login,
        u1_0.name,
        u1_0.password,
        u1_0.role 
    from
        users u1_0 
    where
        u1_0.id=?
2026-05-17 19:23:29.231 [main] DEBUG org.hibernate.SQL - 
    insert 
    into
        webhooks
        (active, created_at, event_types, retry_count, secret, updated_at, url, user_id, id) 
    values
        (?, ?, ?, ?, ?, ?, ?, ?, default)
2026-05-17 19:23:29.232 [main] INFO  com.finsight.service.WebhookService - Created webhook for user 1 at URL https://example.com/webhook2
2026-05-17 19:23:29.235 [main] DEBUG org.hibernate.SQL - 
    select
        w1_0.id,
        w1_0.active,
        w1_0.created_at,
        w1_0.event_types,
        w1_0.retry_count,
        w1_0.secret,
        w1_0.updated_at,
        w1_0.url,
        w1_0.user_id 
    from
        webhooks w1_0 
    where
        w1_0.user_id=?
2026-05-17 19:23:29.277 [main] DEBUG org.hibernate.SQL - 
    select
        w1_0.id,
        w1_0.active,
        w1_0.created_at,
        w1_0.event_types,
        w1_0.retry_count,
        w1_0.secret,
        w1_0.updated_at,
        w1_0.url,
        w1_0.user_id 
    from
        webhooks w1_0
2026-05-17 19:23:29.283 [main] DEBUG org.hibernate.SQL - 
    delete 
    from
        webhooks 
    where
        id=?
2026-05-17 19:23:29.284 [main] DEBUG org.hibernate.SQL - 
    delete 
    from
        webhooks 
    where
        id=?
2026-05-17 19:23:29.286 [main] DEBUG org.hibernate.SQL - 
    select
        u1_0.id,
        u1_0.created_at,
        u1_0.deletion_reason,
        u1_0.deletion_requested_at,
        u1_0.email,
        u1_0.hard_delete_scheduled_at,
        u1_0.is_deleted,
        u1_0.last_login,
        u1_0.name,
        u1_0.password,
        u1_0.role 
    from
        users u1_0
2026-05-17 19:23:29.288 [main] DEBUG org.hibernate.SQL - 
    select
        b1_0.user_id,
        b1_0.id,
        b1_0.category_id,
        b1_0.budget_month,
        b1_0.monthly_limit,
        b1_0.budget_year 
    from
        budgets b1_0 
    where
        b1_0.user_id=?
2026-05-17 19:23:29.290 [main] DEBUG org.hibernate.SQL - 
    select
        t1_0.user_id,
        t1_0.id,
        t1_0.amount,
        t1_0.amount_encrypted,
        t1_0.category_id,
        t1_0.created_at,
        t1_0.date,
        t1_0.description,
        t1_0.description_encrypted,
        t1_0.type 
    from
        transactions t1_0 
    where
        t1_0.user_id=?
2026-05-17 19:23:29.292 [main] DEBUG org.hibernate.SQL - 
    delete 
    from
        users 
    where
        id=?
2026-05-17 19:23:29.293 [main] DEBUG org.hibernate.SQL - 
    insert 
    into
        users
        (created_at, deletion_reason, deletion_requested_at, email, hard_delete_scheduled_at, is_deleted, last_login, name, password, role, id) 
    values
        (?, ?, ?, ?, ?, ?, ?, ?, ?, ?, default)
2026-05-17 19:23:29.295 [main] DEBUG org.hibernate.SQL - 
    select
        u1_0.id,
        u1_0.created_at,
        u1_0.deletion_reason,
        u1_0.deletion_requested_at,
        u1_0.email,
        u1_0.hard_delete_scheduled_at,
        u1_0.is_deleted,
        u1_0.last_login,
        u1_0.name,
        u1_0.password,
        u1_0.role 
    from
        users u1_0 
    where
        u1_0.id=?
2026-05-17 19:23:29.296 [main] DEBUG org.hibernate.SQL - 
    insert 
    into
        webhooks
        (active, created_at, event_types, retry_count, secret, updated_at, url, user_id, id) 
    values
        (?, ?, ?, ?, ?, ?, ?, ?, default)
2026-05-17 19:23:29.297 [main] INFO  com.finsight.service.WebhookService - Created webhook for user 2 at URL https://example.com/webhook
2026-05-17 19:23:29.302 [main] DEBUG org.hibernate.SQL - 
    select
        w1_0.id,
        w1_0.active,
        w1_0.created_at,
        w1_0.event_types,
        w1_0.retry_count,
        w1_0.secret,
        w1_0.updated_at,
        w1_0.url,
        w1_0.user_id 
    from
        webhooks w1_0 
    where
        w1_0.user_id=?
2026-05-17 19:23:29.315 [main] DEBUG org.hibernate.SQL - 
    select
        w1_0.id,
        w1_0.active,
        w1_0.created_at,
        w1_0.event_types,
        w1_0.retry_count,
        w1_0.secret,
        w1_0.updated_at,
        w1_0.url,
        w1_0.user_id 
    from
        webhooks w1_0
2026-05-17 19:23:29.316 [main] DEBUG org.hibernate.SQL - 
    delete 
    from
        webhooks 
    where
        id=?
2026-05-17 19:23:29.317 [main] DEBUG org.hibernate.SQL - 
    select
        u1_0.id,
        u1_0.created_at,
        u1_0.deletion_reason,
        u1_0.deletion_requested_at,
        u1_0.email,
        u1_0.hard_delete_scheduled_at,
        u1_0.is_deleted,
        u1_0.last_login,
        u1_0.name,
        u1_0.password,
        u1_0.role 
    from
        users u1_0
2026-05-17 19:23:29.318 [main] DEBUG org.hibernate.SQL - 
    select
        b1_0.user_id,
        b1_0.id,
        b1_0.category_id,
        b1_0.budget_month,
        b1_0.monthly_limit,
        b1_0.budget_year 
    from
        budgets b1_0 
    where
        b1_0.user_id=?
2026-05-17 19:23:29.318 [main] DEBUG org.hibernate.SQL - 
    select
        t1_0.user_id,
        t1_0.id,
        t1_0.amount,
        t1_0.amount_encrypted,
        t1_0.category_id,
        t1_0.created_at,
        t1_0.date,
        t1_0.description,
        t1_0.description_encrypted,
        t1_0.type 
    from
        transactions t1_0 
    where
        t1_0.user_id=?
2026-05-17 19:23:29.319 [main] DEBUG org.hibernate.SQL - 
    delete 
    from
        users 
    where
        id=?
2026-05-17 19:23:29.320 [main] DEBUG org.hibernate.SQL - 
    insert 
    into
        users
        (created_at, deletion_reason, deletion_requested_at, email, hard_delete_scheduled_at, is_deleted, last_login, name, password, role, id) 
    values
        (?, ?, ?, ?, ?, ?, ?, ?, ?, ?, default)
2026-05-17 19:23:29.323 [main] DEBUG org.hibernate.SQL - 
    select
        u1_0.id,
        u1_0.created_at,
        u1_0.deletion_reason,
        u1_0.deletion_requested_at,
        u1_0.email,
        u1_0.hard_delete_scheduled_at,
        u1_0.is_deleted,
        u1_0.last_login,
        u1_0.name,
        u1_0.password,
        u1_0.role 
    from
        users u1_0 
    where
        u1_0.id=?
2026-05-17 19:23:29.324 [main] DEBUG org.hibernate.SQL - 
    insert 
    into
        webhooks
        (active, created_at, event_types, retry_count, secret, updated_at, url, user_id, id) 
    values
        (?, ?, ?, ?, ?, ?, ?, ?, default)
2026-05-17 19:23:29.324 [main] INFO  com.finsight.service.WebhookService - Created webhook for user 3 at URL https://example.com/webhook
2026-05-17 19:23:29.327 [main] DEBUG org.hibernate.SQL - 
    select
        w1_0.id,
        w1_0.active,
        w1_0.created_at,
        w1_0.event_types,
        w1_0.retry_count,
        w1_0.secret,
        w1_0.updated_at,
        w1_0.url,
        w1_0.user_id 
    from
        webhooks w1_0 
    where
        w1_0.id=?
2026-05-17 19:23:29.328 [main] INFO  com.finsight.service.WebhookService - Deleted webhook 4 for user 3
2026-05-17 19:23:29.328 [main] DEBUG org.hibernate.SQL - 
    delete 
    from
        webhooks 
    where
        id=?
2026-05-17 19:23:29.339 [main] DEBUG org.hibernate.SQL - 
    select
        w1_0.id,
        w1_0.active,
        w1_0.created_at,
        w1_0.event_types,
        w1_0.retry_count,
        w1_0.secret,
        w1_0.updated_at,
        w1_0.url,
        w1_0.user_id 
    from
        webhooks w1_0
2026-05-17 19:23:29.340 [main] DEBUG org.hibernate.SQL - 
    select
        u1_0.id,
        u1_0.created_at,
        u1_0.deletion_reason,
        u1_0.deletion_requested_at,
        u1_0.email,
        u1_0.hard_delete_scheduled_at,
        u1_0.is_deleted,
        u1_0.last_login,
        u1_0.name,
        u1_0.password,
        u1_0.role 
    from
        users u1_0
2026-05-17 19:23:29.341 [main] DEBUG org.hibernate.SQL - 
    select
        b1_0.user_id,
        b1_0.id,
        b1_0.category_id,
        b1_0.budget_month,
        b1_0.monthly_limit,
        b1_0.budget_year 
    from
        budgets b1_0 
    where
        b1_0.user_id=?
2026-05-17 19:23:29.341 [main] DEBUG org.hibernate.SQL - 
    select
        t1_0.user_id,
        t1_0.id,
        t1_0.amount,
        t1_0.amount_encrypted,
        t1_0.category_id,
        t1_0.created_at,
        t1_0.date,
        t1_0.description,
        t1_0.description_encrypted,
        t1_0.type 
    from
        transactions t1_0 
    where
        t1_0.user_id=?
2026-05-17 19:23:29.342 [main] DEBUG org.hibernate.SQL - 
    delete 
    from
        users 
    where
        id=?
2026-05-17 19:23:29.343 [main] DEBUG org.hibernate.SQL - 
    insert 
    into
        users
        (created_at, deletion_reason, deletion_requested_at, email, hard_delete_scheduled_at, is_deleted, last_login, name, password, role, id) 
    values
        (?, ?, ?, ?, ?, ?, ?, ?, ?, ?, default)
2026-05-17 19:23:29.345 [main] DEBUG org.hibernate.SQL - 
    select
        u1_0.id,
        u1_0.created_at,
        u1_0.deletion_reason,
        u1_0.deletion_requested_at,
        u1_0.email,
        u1_0.hard_delete_scheduled_at,
        u1_0.is_deleted,
        u1_0.last_login,
        u1_0.name,
        u1_0.password,
        u1_0.role 
    from
        users u1_0 
    where
        u1_0.id=?
2026-05-17 19:23:29.346 [main] DEBUG org.hibernate.SQL - 
    insert 
    into
        webhooks
        (active, created_at, event_types, retry_count, secret, updated_at, url, user_id, id) 
    values
        (?, ?, ?, ?, ?, ?, ?, ?, default)
2026-05-17 19:23:29.347 [main] INFO  com.finsight.service.WebhookService - Created webhook for user 4 at URL https://example.com/webhook
2026-05-17 19:23:29.372 [main] DEBUG org.hibernate.SQL - 
    select
        w1_0.id,
        w1_0.active,
        w1_0.created_at,
        w1_0.event_types,
        w1_0.retry_count,
        w1_0.secret,
        w1_0.updated_at,
        w1_0.url,
        w1_0.user_id 
    from
        webhooks w1_0 
    where
        w1_0.user_id=?
2026-05-17 19:23:29.381 [main] DEBUG org.hibernate.SQL - 
    select
        w1_0.id,
        w1_0.active,
        w1_0.created_at,
        w1_0.event_types,
        w1_0.retry_count,
        w1_0.secret,
        w1_0.updated_at,
        w1_0.url,
        w1_0.user_id 
    from
        webhooks w1_0
2026-05-17 19:23:29.382 [main] DEBUG org.hibernate.SQL - 
    delete 
    from
        webhooks 
    where
        id=?
2026-05-17 19:23:29.383 [main] DEBUG org.hibernate.SQL - 
    select
        u1_0.id,
        u1_0.created_at,
        u1_0.deletion_reason,
        u1_0.deletion_requested_at,
        u1_0.email,
        u1_0.hard_delete_scheduled_at,
        u1_0.is_deleted,
        u1_0.last_login,
        u1_0.name,
        u1_0.password,
        u1_0.role 
    from
        users u1_0
2026-05-17 19:23:29.384 [main] DEBUG org.hibernate.SQL - 
    select
        b1_0.user_id,
        b1_0.id,
        b1_0.category_id,
        b1_0.budget_month,
        b1_0.monthly_limit,
        b1_0.budget_year 
    from
        budgets b1_0 
    where
        b1_0.user_id=?
2026-05-17 19:23:29.385 [main] DEBUG org.hibernate.SQL - 
    select
        t1_0.user_id,
        t1_0.id,
        t1_0.amount,
        t1_0.amount_encrypted,
        t1_0.category_id,
        t1_0.created_at,
        t1_0.date,
        t1_0.description,
        t1_0.description_encrypted,
        t1_0.type 
    from
        transactions t1_0 
    where
        t1_0.user_id=?
2026-05-17 19:23:29.385 [main] DEBUG org.hibernate.SQL - 
    delete 
    from
        users 
    where
        id=?
2026-05-17 19:23:29.387 [main] DEBUG org.hibernate.SQL - 
    insert 
    into
        users
        (created_at, deletion_reason, deletion_requested_at, email, hard_delete_scheduled_at, is_deleted, last_login, name, password, role, id) 
    values
        (?, ?, ?, ?, ?, ?, ?, ?, ?, ?, default)
2026-05-17 19:23:29.390 [main] DEBUG org.hibernate.SQL - 
    select
        u1_0.id,
        u1_0.created_at,
        u1_0.deletion_reason,
        u1_0.deletion_requested_at,
        u1_0.email,
        u1_0.hard_delete_scheduled_at,
        u1_0.is_deleted,
        u1_0.last_login,
        u1_0.name,
        u1_0.password,
        u1_0.role 
    from
        users u1_0 
    where
        u1_0.id=?
2026-05-17 19:23:29.392 [main] DEBUG org.hibernate.SQL - 
    insert 
    into
        webhooks
        (active, created_at, event_types, retry_count, secret, updated_at, url, user_id, id) 
    values
        (?, ?, ?, ?, ?, ?, ?, ?, default)
2026-05-17 19:23:29.392 [main] INFO  com.finsight.service.WebhookService - Created webhook for user 5 at URL https://api.example.com/events
2026-05-17 19:23:29.394 [main] DEBUG org.hibernate.SQL - 
    select
        w1_0.id,
        w1_0.active,
        w1_0.created_at,
        w1_0.event_types,
        w1_0.retry_count,
        w1_0.secret,
        w1_0.updated_at,
        w1_0.url,
        w1_0.user_id 
    from
        webhooks w1_0 
    where
        w1_0.user_id=?
2026-05-17 19:23:29.398 [main] DEBUG org.hibernate.SQL - 
    select
        w1_0.id,
        w1_0.active,
        w1_0.created_at,
        w1_0.event_types,
        w1_0.retry_count,
        w1_0.secret,
        w1_0.updated_at,
        w1_0.url,
        w1_0.user_id 
    from
        webhooks w1_0 
    where
        w1_0.id=?
2026-05-17 19:23:29.408 [main] DEBUG org.hibernate.SQL - 
    update
        webhooks 
    set
        active=?,
        event_types=?,
        retry_count=?,
        secret=?,
        updated_at=?,
        url=?,
        user_id=? 
    where
        id=?
2026-05-17 19:23:29.414 [main] DEBUG org.hibernate.SQL - 
    select
        w1_0.id,
        w1_0.active,
        w1_0.created_at,
        w1_0.event_types,
        w1_0.retry_count,
        w1_0.secret,
        w1_0.updated_at,
        w1_0.url,
        w1_0.user_id 
    from
        webhooks w1_0 
    where
        w1_0.id=?
2026-05-17 19:23:29.415 [main] INFO  com.finsight.service.WebhookService - Deleted webhook 6 for user 5
2026-05-17 19:23:29.415 [main] DEBUG org.hibernate.SQL - 
    delete 
    from
        webhooks 
    where
        id=?
2026-05-17 19:23:29.417 [main] DEBUG org.hibernate.SQL - 
    select
        w1_0.id,
        w1_0.active,
        w1_0.created_at,
        w1_0.event_types,
        w1_0.retry_count,
        w1_0.secret,
        w1_0.updated_at,
        w1_0.url,
        w1_0.user_id 
    from
        webhooks w1_0 
    where
        w1_0.user_id=?
2026-05-17 19:23:29.428 [main] DEBUG org.hibernate.SQL - 
    select
        w1_0.id,
        w1_0.active,
        w1_0.created_at,
        w1_0.event_types,
        w1_0.retry_count,
        w1_0.secret,
        w1_0.updated_at,
        w1_0.url,
        w1_0.user_id 
    from
        webhooks w1_0
2026-05-17 19:23:29.429 [main] DEBUG org.hibernate.SQL - 
    select
        u1_0.id,
        u1_0.created_at,
        u1_0.deletion_reason,
        u1_0.deletion_requested_at,
        u1_0.email,
        u1_0.hard_delete_scheduled_at,
        u1_0.is_deleted,
        u1_0.last_login,
        u1_0.name,
        u1_0.password,
        u1_0.role 
    from
        users u1_0
2026-05-17 19:23:29.430 [main] DEBUG org.hibernate.SQL - 
    select
        b1_0.user_id,
        b1_0.id,
        b1_0.category_id,
        b1_0.budget_month,
        b1_0.monthly_limit,
        b1_0.budget_year 
    from
        budgets b1_0 
    where
        b1_0.user_id=?
2026-05-17 19:23:29.430 [main] DEBUG org.hibernate.SQL - 
    select
        t1_0.user_id,
        t1_0.id,
        t1_0.amount,
        t1_0.amount_encrypted,
        t1_0.category_id,
        t1_0.created_at,
        t1_0.date,
        t1_0.description,
        t1_0.description_encrypted,
        t1_0.type 
    from
        transactions t1_0 
    where
        t1_0.user_id=?
2026-05-17 19:23:29.431 [main] DEBUG org.hibernate.SQL - 
    delete 
    from
        users 
    where
        id=?
2026-05-17 19:23:29.432 [main] DEBUG org.hibernate.SQL - 
    insert 
    into
        users
        (created_at, deletion_reason, deletion_requested_at, email, hard_delete_scheduled_at, is_deleted, last_login, name, password, role, id) 
    values
        (?, ?, ?, ?, ?, ?, ?, ?, ?, ?, default)
2026-05-17 19:23:29.435 [main] DEBUG org.hibernate.SQL - 
    select
        u1_0.id,
        u1_0.created_at,
        u1_0.deletion_reason,
        u1_0.deletion_requested_at,
        u1_0.email,
        u1_0.hard_delete_scheduled_at,
        u1_0.is_deleted,
        u1_0.last_login,
        u1_0.name,
        u1_0.password,
        u1_0.role 
    from
        users u1_0 
    where
        u1_0.id=?
2026-05-17 19:23:29.436 [main] DEBUG org.hibernate.SQL - 
    insert 
    into
        webhooks
        (active, created_at, event_types, retry_count, secret, updated_at, url, user_id, id) 
    values
        (?, ?, ?, ?, ?, ?, ?, ?, default)
2026-05-17 19:23:29.436 [main] INFO  com.finsight.service.WebhookService - Created webhook for user 6 at URL https://example.com/webhook
2026-05-17 19:23:29.439 [main] DEBUG org.hibernate.SQL - 
    select
        w1_0.id,
        w1_0.active,
        w1_0.created_at,
        w1_0.event_types,
        w1_0.retry_count,
        w1_0.secret,
        w1_0.updated_at,
        w1_0.url,
        w1_0.user_id 
    from
        webhooks w1_0 
    where
        w1_0.id=?
2026-05-17 19:23:29.440 [main] DEBUG org.hibernate.SQL - 
    update
        webhooks 
    set
        active=?,
        event_types=?,
        retry_count=?,
        secret=?,
        updated_at=?,
        url=?,
        user_id=? 
    where
        id=?
2026-05-17 19:23:29.441 [main] DEBUG org.hibernate.SQL - 
    select
        w1_0.id,
        w1_0.active,
        w1_0.created_at,
        w1_0.event_types,
        w1_0.retry_count,
        w1_0.secret,
        w1_0.updated_at,
        w1_0.url,
        w1_0.user_id 
    from
        webhooks w1_0 
    where
        w1_0.user_id=?
[INFO] Tests run: 6, Failures: 0, Errors: 0, Skipped: 0, Time elapsed: 5.021 s -- in com.finsight.controller.WebhookIntegrationTest
[INFO] Running com.finsight.controller.CurrencyIntegrationTest
2026-05-17 19:23:29.449 [main] INFO  o.s.t.c.s.AnnotationConfigContextLoaderUtils - Could not detect default configuration classes for test class [com.finsight.controller.CurrencyIntegrationTest]: CurrencyIntegrationTest does not declare any static, non-private, non-final, nested classes annotated with @Configuration.
2026-05-17 19:23:29.451 [main] INFO  o.s.b.t.c.SpringBootTestContextBootstrapper - Found @SpringBootConfiguration com.finsight.FinSightApplication for test class com.finsight.controller.CurrencyIntegrationTest
2026-05-17 19:23:29.459 [main] DEBUG org.hibernate.SQL - 
    select
        w1_0.id,
        w1_0.active,
        w1_0.created_at,
        w1_0.event_types,
        w1_0.retry_count,
        w1_0.secret,
        w1_0.updated_at,
        w1_0.url,
        w1_0.user_id 
    from
        webhooks w1_0
2026-05-17 19:23:29.460 [main] DEBUG org.hibernate.SQL - 
    delete 
    from
        webhooks 
    where
        id=?
2026-05-17 19:23:29.462 [main] DEBUG org.hibernate.SQL - 
    select
        uw1_0.id,
        uw1_0.balance,
        uw1_0.created_at,
        uw1_0.currency_id,
        uw1_0.primary_wallet,
        uw1_0.updated_at,
        uw1_0.user_id,
        uw1_0.wallet_name 
    from
        user_wallets uw1_0
2026-05-17 19:23:29.465 [main] DEBUG org.hibernate.SQL - 
    select
        u1_0.id,
        u1_0.created_at,
        u1_0.deletion_reason,
        u1_0.deletion_requested_at,
        u1_0.email,
        u1_0.hard_delete_scheduled_at,
        u1_0.is_deleted,
        u1_0.last_login,
        u1_0.name,
        u1_0.password,
        u1_0.role 
    from
        users u1_0
2026-05-17 19:23:29.466 [main] DEBUG org.hibernate.SQL - 
    select
        b1_0.user_id,
        b1_0.id,
        b1_0.category_id,
        b1_0.budget_month,
        b1_0.monthly_limit,
        b1_0.budget_year 
    from
        budgets b1_0 
    where
        b1_0.user_id=?
2026-05-17 19:23:29.466 [main] DEBUG org.hibernate.SQL - 
    select
        t1_0.user_id,
        t1_0.id,
        t1_0.amount,
        t1_0.amount_encrypted,
        t1_0.category_id,
        t1_0.created_at,
        t1_0.date,
        t1_0.description,
        t1_0.description_encrypted,
        t1_0.type 
    from
        transactions t1_0 
    where
        t1_0.user_id=?
2026-05-17 19:23:29.467 [main] DEBUG org.hibernate.SQL - 
    delete 
    from
        users 
    where
        id=?
2026-05-17 19:23:29.468 [main] DEBUG org.hibernate.SQL - 
    select
        c1_0.id,
        c1_0.active,
        c1_0.code,
        c1_0.created_at,
        c1_0.name,
        c1_0.symbol 
    from
        currencies c1_0
2026-05-17 19:23:29.469 [main] DEBUG org.hibernate.SQL - 
    insert 
    into
        currencies
        (active, code, created_at, name, symbol, id) 
    values
        (?, ?, ?, ?, ?, default)
2026-05-17 19:23:29.472 [main] DEBUG org.hibernate.SQL - 
    insert 
    into
        currencies
        (active, code, created_at, name, symbol, id) 
    values
        (?, ?, ?, ?, ?, default)
2026-05-17 19:23:29.473 [main] DEBUG org.hibernate.SQL - 
    insert 
    into
        currencies
        (active, code, created_at, name, symbol, id) 
    values
        (?, ?, ?, ?, ?, default)
2026-05-17 19:23:29.474 [main] DEBUG org.hibernate.SQL - 
    insert 
    into
        users
        (created_at, deletion_reason, deletion_requested_at, email, hard_delete_scheduled_at, is_deleted, last_login, name, password, role, id) 
    values
        (?, ?, ?, ?, ?, ?, ?, ?, ?, ?, default)
2026-05-17 19:23:29.484 [main] DEBUG org.hibernate.SQL - 
    select
        u1_0.id,
        u1_0.created_at,
        u1_0.deletion_reason,
        u1_0.deletion_requested_at,
        u1_0.email,
        u1_0.hard_delete_scheduled_at,
        u1_0.is_deleted,
        u1_0.last_login,
        u1_0.name,
        u1_0.password,
        u1_0.role 
    from
        users u1_0 
    where
        u1_0.id=?
2026-05-17 19:23:29.485 [main] DEBUG org.hibernate.SQL - 
    select
        c1_0.id,
        c1_0.active,
        c1_0.code,
        c1_0.created_at,
        c1_0.name,
        c1_0.symbol 
    from
        currencies c1_0 
    where
        c1_0.code=?
2026-05-17 19:23:29.488 [main] DEBUG org.hibernate.SQL - 
    select
        uw1_0.id,
        uw1_0.balance,
        uw1_0.created_at,
        uw1_0.currency_id,
        uw1_0.primary_wallet,
        uw1_0.updated_at,
        uw1_0.user_id,
        uw1_0.wallet_name 
    from
        user_wallets uw1_0 
    left join
        users u1_0 
            on u1_0.id=uw1_0.user_id 
    left join
        currencies c1_0 
            on c1_0.id=uw1_0.currency_id 
    where
        u1_0.id=? 
        and c1_0.id=?
2026-05-17 19:23:29.489 [main] DEBUG org.hibernate.SQL - 
    insert 
    into
        user_wallets
        (balance, created_at, currency_id, primary_wallet, updated_at, user_id, wallet_name, id) 
    values
        (?, ?, ?, ?, ?, ?, ?, default)
2026-05-17 19:23:29.490 [main] INFO  c.finsight.service.CurrencyService - Created wallet for user 7 in currency EUR
2026-05-17 19:23:29.493 [main] DEBUG org.hibernate.SQL - 
    select
        uw1_0.id,
        uw1_0.balance,
        uw1_0.created_at,
        uw1_0.currency_id,
        uw1_0.primary_wallet,
        uw1_0.updated_at,
        uw1_0.user_id,
        uw1_0.wallet_name 
    from
        user_wallets uw1_0 
    left join
        users u1_0 
            on u1_0.id=uw1_0.user_id 
    where
        u1_0.id=?
2026-05-17 19:23:29.494 [main] DEBUG org.hibernate.SQL - 
    select
        c1_0.id,
        c1_0.active,
        c1_0.code,
        c1_0.created_at,
        c1_0.name,
        c1_0.symbol 
    from
        currencies c1_0 
    where
        c1_0.id=?
2026-05-17 19:23:29.502 [main] DEBUG org.hibernate.SQL - 
    select
        w1_0.id,
        w1_0.active,
        w1_0.created_at,
        w1_0.event_types,
        w1_0.retry_count,
        w1_0.secret,
        w1_0.updated_at,
        w1_0.url,
        w1_0.user_id 
    from
        webhooks w1_0
2026-05-17 19:23:29.504 [main] DEBUG org.hibernate.SQL - 
    select
        uw1_0.id,
        uw1_0.balance,
        uw1_0.created_at,
        uw1_0.currency_id,
        uw1_0.primary_wallet,
        uw1_0.updated_at,
        uw1_0.user_id,
        uw1_0.wallet_name 
    from
        user_wallets uw1_0
2026-05-17 19:23:29.505 [main] DEBUG org.hibernate.SQL - 
    select
        c1_0.id,
        c1_0.active,
        c1_0.code,
        c1_0.created_at,
        c1_0.name,
        c1_0.symbol 
    from
        currencies c1_0 
    where
        c1_0.id=?
2026-05-17 19:23:29.506 [main] DEBUG org.hibernate.SQL - 
    delete 
    from
        user_wallets 
    where
        id=?
2026-05-17 19:23:29.507 [main] DEBUG org.hibernate.SQL - 
    select
        u1_0.id,
        u1_0.created_at,
        u1_0.deletion_reason,
        u1_0.deletion_requested_at,
        u1_0.email,
        u1_0.hard_delete_scheduled_at,
        u1_0.is_deleted,
        u1_0.last_login,
        u1_0.name,
        u1_0.password,
        u1_0.role 
    from
        users u1_0
2026-05-17 19:23:29.508 [main] DEBUG org.hibernate.SQL - 
    select
        b1_0.user_id,
        b1_0.id,
        b1_0.category_id,
        b1_0.budget_month,
        b1_0.monthly_limit,
        b1_0.budget_year 
    from
        budgets b1_0 
    where
        b1_0.user_id=?
2026-05-17 19:23:29.508 [main] DEBUG org.hibernate.SQL - 
    select
        t1_0.user_id,
        t1_0.id,
        t1_0.amount,
        t1_0.amount_encrypted,
        t1_0.category_id,
        t1_0.created_at,
        t1_0.date,
        t1_0.description,
        t1_0.description_encrypted,
        t1_0.type 
    from
        transactions t1_0 
    where
        t1_0.user_id=?
2026-05-17 19:23:29.509 [main] DEBUG org.hibernate.SQL - 
    delete 
    from
        users 
    where
        id=?
2026-05-17 19:23:29.509 [main] DEBUG org.hibernate.SQL - 
    select
        c1_0.id,
        c1_0.active,
        c1_0.code,
        c1_0.created_at,
        c1_0.name,
        c1_0.symbol 
    from
        currencies c1_0
2026-05-17 19:23:29.510 [main] DEBUG org.hibernate.SQL - 
    delete 
    from
        currencies 
    where
        id=?
2026-05-17 19:23:29.511 [main] DEBUG org.hibernate.SQL - 
    delete 
    from
        currencies 
    where
        id=?
2026-05-17 19:23:29.511 [main] DEBUG org.hibernate.SQL - 
    delete 
    from
        currencies 
    where
        id=?
2026-05-17 19:23:29.511 [main] DEBUG org.hibernate.SQL - 
    insert 
    into
        currencies
        (active, code, created_at, name, symbol, id) 
    values
        (?, ?, ?, ?, ?, default)
2026-05-17 19:23:29.512 [main] DEBUG org.hibernate.SQL - 
    insert 
    into
        currencies
        (active, code, created_at, name, symbol, id) 
    values
        (?, ?, ?, ?, ?, default)
2026-05-17 19:23:29.512 [main] DEBUG org.hibernate.SQL - 
    insert 
    into
        currencies
        (active, code, created_at, name, symbol, id) 
    values
        (?, ?, ?, ?, ?, default)
2026-05-17 19:23:29.513 [main] DEBUG org.hibernate.SQL - 
    insert 
    into
        users
        (created_at, deletion_reason, deletion_requested_at, email, hard_delete_scheduled_at, is_deleted, last_login, name, password, role, id) 
    values
        (?, ?, ?, ?, ?, ?, ?, ?, ?, ?, default)
2026-05-17 19:23:29.515 [main] DEBUG org.hibernate.SQL - 
    select
        c1_0.id,
        c1_0.active,
        c1_0.code,
        c1_0.created_at,
        c1_0.name,
        c1_0.symbol 
    from
        currencies c1_0
2026-05-17 19:23:29.530 [main] DEBUG org.hibernate.SQL - 
    select
        w1_0.id,
        w1_0.active,
        w1_0.created_at,
        w1_0.event_types,
        w1_0.retry_count,
        w1_0.secret,
        w1_0.updated_at,
        w1_0.url,
        w1_0.user_id 
    from
        webhooks w1_0
2026-05-17 19:23:29.531 [main] DEBUG org.hibernate.SQL - 
    select
        uw1_0.id,
        uw1_0.balance,
        uw1_0.created_at,
        uw1_0.currency_id,
        uw1_0.primary_wallet,
        uw1_0.updated_at,
        uw1_0.user_id,
        uw1_0.wallet_name 
    from
        user_wallets uw1_0
2026-05-17 19:23:29.532 [main] DEBUG org.hibernate.SQL - 
    select
        u1_0.id,
        u1_0.created_at,
        u1_0.deletion_reason,
        u1_0.deletion_requested_at,
        u1_0.email,
        u1_0.hard_delete_scheduled_at,
        u1_0.is_deleted,
        u1_0.last_login,
        u1_0.name,
        u1_0.password,
        u1_0.role 
    from
        users u1_0
2026-05-17 19:23:29.532 [main] DEBUG org.hibernate.SQL - 
    select
        b1_0.user_id,
        b1_0.id,
        b1_0.category_id,
        b1_0.budget_month,
        b1_0.monthly_limit,
        b1_0.budget_year 
    from
        budgets b1_0 
    where
        b1_0.user_id=?
2026-05-17 19:23:29.533 [main] DEBUG org.hibernate.SQL - 
    select
        t1_0.user_id,
        t1_0.id,
        t1_0.amount,
        t1_0.amount_encrypted,
        t1_0.category_id,
        t1_0.created_at,
        t1_0.date,
        t1_0.description,
        t1_0.description_encrypted,
        t1_0.type 
    from
        transactions t1_0 
    where
        t1_0.user_id=?
2026-05-17 19:23:29.533 [main] DEBUG org.hibernate.SQL - 
    delete 
    from
        users 
    where
        id=?
2026-05-17 19:23:29.535 [main] DEBUG org.hibernate.SQL - 
    select
        c1_0.id,
        c1_0.active,
        c1_0.code,
        c1_0.created_at,
        c1_0.name,
        c1_0.symbol 
    from
        currencies c1_0
2026-05-17 19:23:29.537 [main] DEBUG org.hibernate.SQL - 
    delete 
    from
        currencies 
    where
        id=?
2026-05-17 19:23:29.537 [main] DEBUG org.hibernate.SQL - 
    delete 
    from
        currencies 
    where
        id=?
2026-05-17 19:23:29.537 [main] DEBUG org.hibernate.SQL - 
    delete 
    from
        currencies 
    where
        id=?
2026-05-17 19:23:29.538 [main] DEBUG org.hibernate.SQL - 
    insert 
    into
        currencies
        (active, code, created_at, name, symbol, id) 
    values
        (?, ?, ?, ?, ?, default)
2026-05-17 19:23:29.539 [main] DEBUG org.hibernate.SQL - 
    insert 
    into
        currencies
        (active, code, created_at, name, symbol, id) 
    values
        (?, ?, ?, ?, ?, default)
2026-05-17 19:23:29.540 [main] DEBUG org.hibernate.SQL - 
    insert 
    into
        currencies
        (active, code, created_at, name, symbol, id) 
    values
        (?, ?, ?, ?, ?, default)
2026-05-17 19:23:29.541 [main] DEBUG org.hibernate.SQL - 
    insert 
    into
        users
        (created_at, deletion_reason, deletion_requested_at, email, hard_delete_scheduled_at, is_deleted, last_login, name, password, role, id) 
    values
        (?, ?, ?, ?, ?, ?, ?, ?, ?, ?, default)
2026-05-17 19:23:29.543 [main] DEBUG org.hibernate.SQL - 
    select
        uw1_0.id,
        uw1_0.balance,
        uw1_0.created_at,
        uw1_0.currency_id,
        uw1_0.primary_wallet,
        uw1_0.updated_at,
        uw1_0.user_id,
        uw1_0.wallet_name 
    from
        user_wallets uw1_0 
    left join
        users u1_0 
            on u1_0.id=uw1_0.user_id 
    where
        u1_0.id=? 
        and uw1_0.primary_wallet=?
2026-05-17 19:23:29.544 [main] DEBUG org.hibernate.SQL - 
    select
        u1_0.id,
        u1_0.created_at,
        u1_0.deletion_reason,
        u1_0.deletion_requested_at,
        u1_0.email,
        u1_0.hard_delete_scheduled_at,
        u1_0.is_deleted,
        u1_0.last_login,
        u1_0.name,
        u1_0.password,
        u1_0.role 
    from
        users u1_0 
    where
        u1_0.id=?
2026-05-17 19:23:29.546 [main] DEBUG org.hibernate.SQL - 
    select
        c1_0.id,
        c1_0.active,
        c1_0.code,
        c1_0.created_at,
        c1_0.name,
        c1_0.symbol 
    from
        currencies c1_0 
    where
        c1_0.code=?
2026-05-17 19:23:29.547 [main] DEBUG org.hibernate.SQL - 
    insert 
    into
        user_wallets
        (balance, created_at, currency_id, primary_wallet, updated_at, user_id, wallet_name, id) 
    values
        (?, ?, ?, ?, ?, ?, ?, default)
2026-05-17 19:23:29.548 [main] INFO  c.finsight.service.CurrencyService - Created primary wallet for user 9 with currency USD
2026-05-17 19:23:29.550 [main] DEBUG org.hibernate.SQL - 
    select
        uw1_0.id,
        uw1_0.balance,
        uw1_0.created_at,
        uw1_0.currency_id,
        uw1_0.primary_wallet,
        uw1_0.updated_at,
        uw1_0.user_id,
        uw1_0.wallet_name 
    from
        user_wallets uw1_0 
    left join
        users u1_0 
            on u1_0.id=uw1_0.user_id 
    where
        u1_0.id=?
2026-05-17 19:23:29.550 [main] DEBUG org.hibernate.SQL - 
    select
        c1_0.id,
        c1_0.active,
        c1_0.code,
        c1_0.created_at,
        c1_0.name,
        c1_0.symbol 
    from
        currencies c1_0 
    where
        c1_0.id=?
2026-05-17 19:23:29.560 [main] DEBUG org.hibernate.SQL - 
    select
        w1_0.id,
        w1_0.active,
        w1_0.created_at,
        w1_0.event_types,
        w1_0.retry_count,
        w1_0.secret,
        w1_0.updated_at,
        w1_0.url,
        w1_0.user_id 
    from
        webhooks w1_0
2026-05-17 19:23:29.561 [main] DEBUG org.hibernate.SQL - 
    select
        uw1_0.id,
        uw1_0.balance,
        uw1_0.created_at,
        uw1_0.currency_id,
        uw1_0.primary_wallet,
        uw1_0.updated_at,
        uw1_0.user_id,
        uw1_0.wallet_name 
    from
        user_wallets uw1_0
2026-05-17 19:23:29.561 [main] DEBUG org.hibernate.SQL - 
    select
        c1_0.id,
        c1_0.active,
        c1_0.code,
        c1_0.created_at,
        c1_0.name,
        c1_0.symbol 
    from
        currencies c1_0 
    where
        c1_0.id=?
2026-05-17 19:23:29.562 [main] DEBUG org.hibernate.SQL - 
    delete 
    from
        user_wallets 
    where
        id=?
2026-05-17 19:23:29.562 [main] DEBUG org.hibernate.SQL - 
    select
        u1_0.id,
        u1_0.created_at,
        u1_0.deletion_reason,
        u1_0.deletion_requested_at,
        u1_0.email,
        u1_0.hard_delete_scheduled_at,
        u1_0.is_deleted,
        u1_0.last_login,
        u1_0.name,
        u1_0.password,
        u1_0.role 
    from
        users u1_0
2026-05-17 19:23:29.563 [main] DEBUG org.hibernate.SQL - 
    select
        b1_0.user_id,
        b1_0.id,
        b1_0.category_id,
        b1_0.budget_month,
        b1_0.monthly_limit,
        b1_0.budget_year 
    from
        budgets b1_0 
    where
        b1_0.user_id=?
2026-05-17 19:23:29.563 [main] DEBUG org.hibernate.SQL - 
    select
        t1_0.user_id,
        t1_0.id,
        t1_0.amount,
        t1_0.amount_encrypted,
        t1_0.category_id,
        t1_0.created_at,
        t1_0.date,
        t1_0.description,
        t1_0.description_encrypted,
        t1_0.type 
    from
        transactions t1_0 
    where
        t1_0.user_id=?
2026-05-17 19:23:29.563 [main] DEBUG org.hibernate.SQL - 
    delete 
    from
        users 
    where
        id=?
2026-05-17 19:23:29.564 [main] DEBUG org.hibernate.SQL - 
    select
        c1_0.id,
        c1_0.active,
        c1_0.code,
        c1_0.created_at,
        c1_0.name,
        c1_0.symbol 
    from
        currencies c1_0
2026-05-17 19:23:29.565 [main] DEBUG org.hibernate.SQL - 
    delete 
    from
        currencies 
    where
        id=?
2026-05-17 19:23:29.565 [main] DEBUG org.hibernate.SQL - 
    delete 
    from
        currencies 
    where
        id=?
2026-05-17 19:23:29.565 [main] DEBUG org.hibernate.SQL - 
    delete 
    from
        currencies 
    where
        id=?
2026-05-17 19:23:29.566 [main] DEBUG org.hibernate.SQL - 
    insert 
    into
        currencies
        (active, code, created_at, name, symbol, id) 
    values
        (?, ?, ?, ?, ?, default)
2026-05-17 19:23:29.567 [main] DEBUG org.hibernate.SQL - 
    insert 
    into
        currencies
        (active, code, created_at, name, symbol, id) 
    values
        (?, ?, ?, ?, ?, default)
2026-05-17 19:23:29.568 [main] DEBUG org.hibernate.SQL - 
    insert 
    into
        currencies
        (active, code, created_at, name, symbol, id) 
    values
        (?, ?, ?, ?, ?, default)
2026-05-17 19:23:29.568 [main] DEBUG org.hibernate.SQL - 
    insert 
    into
        users
        (created_at, deletion_reason, deletion_requested_at, email, hard_delete_scheduled_at, is_deleted, last_login, name, password, role, id) 
    values
        (?, ?, ?, ?, ?, ?, ?, ?, ?, ?, default)
2026-05-17 19:23:29.571 [main] DEBUG org.hibernate.SQL - 
    select
        uw1_0.id,
        uw1_0.balance,
        uw1_0.created_at,
        uw1_0.currency_id,
        uw1_0.primary_wallet,
        uw1_0.updated_at,
        uw1_0.user_id,
        uw1_0.wallet_name 
    from
        user_wallets uw1_0 
    left join
        users u1_0 
            on u1_0.id=uw1_0.user_id 
    where
        u1_0.id=? 
        and uw1_0.primary_wallet=?
2026-05-17 19:23:29.572 [main] DEBUG org.hibernate.SQL - 
    select
        u1_0.id,
        u1_0.created_at,
        u1_0.deletion_reason,
        u1_0.deletion_requested_at,
        u1_0.email,
        u1_0.hard_delete_scheduled_at,
        u1_0.is_deleted,
        u1_0.last_login,
        u1_0.name,
        u1_0.password,
        u1_0.role 
    from
        users u1_0 
    where
        u1_0.id=?
2026-05-17 19:23:29.573 [main] DEBUG org.hibernate.SQL - 
    select
        c1_0.id,
        c1_0.active,
        c1_0.code,
        c1_0.created_at,
        c1_0.name,
        c1_0.symbol 
    from
        currencies c1_0 
    where
        c1_0.code=?
2026-05-17 19:23:29.574 [main] DEBUG org.hibernate.SQL - 
    insert 
    into
        user_wallets
        (balance, created_at, currency_id, primary_wallet, updated_at, user_id, wallet_name, id) 
    values
        (?, ?, ?, ?, ?, ?, ?, default)
2026-05-17 19:23:29.574 [main] INFO  c.finsight.service.CurrencyService - Created primary wallet for user 10 with currency USD
2026-05-17 19:23:29.577 [main] DEBUG org.hibernate.SQL - 
    select
        uw1_0.id,
        uw1_0.balance,
        uw1_0.created_at,
        uw1_0.currency_id,
        uw1_0.primary_wallet,
        uw1_0.updated_at,
        uw1_0.user_id,
        uw1_0.wallet_name 
    from
        user_wallets uw1_0 
    left join
        users u1_0 
            on u1_0.id=uw1_0.user_id 
    where
        u1_0.id=? 
        and uw1_0.primary_wallet=?
2026-05-17 19:23:29.577 [main] DEBUG org.hibernate.SQL - 
    select
        c1_0.id,
        c1_0.active,
        c1_0.code,
        c1_0.created_at,
        c1_0.name,
        c1_0.symbol 
    from
        currencies c1_0 
    where
        c1_0.id=?
2026-05-17 19:23:29.579 [main] DEBUG org.hibernate.SQL - 
    select
        uw1_0.id,
        uw1_0.balance,
        uw1_0.created_at,
        uw1_0.currency_id,
        uw1_0.primary_wallet,
        uw1_0.updated_at,
        uw1_0.user_id,
        uw1_0.wallet_name 
    from
        user_wallets uw1_0 
    left join
        users u1_0 
            on u1_0.id=uw1_0.user_id 
    where
        u1_0.id=?
2026-05-17 19:23:29.579 [main] DEBUG org.hibernate.SQL - 
    select
        c1_0.id,
        c1_0.active,
        c1_0.code,
        c1_0.created_at,
        c1_0.name,
        c1_0.symbol 
    from
        currencies c1_0 
    where
        c1_0.id=?
2026-05-17 19:23:29.589 [main] DEBUG org.hibernate.SQL - 
    select
        w1_0.id,
        w1_0.active,
        w1_0.created_at,
        w1_0.event_types,
        w1_0.retry_count,
        w1_0.secret,
        w1_0.updated_at,
        w1_0.url,
        w1_0.user_id 
    from
        webhooks w1_0
2026-05-17 19:23:29.590 [main] DEBUG org.hibernate.SQL - 
    select
        uw1_0.id,
        uw1_0.balance,
        uw1_0.created_at,
        uw1_0.currency_id,
        uw1_0.primary_wallet,
        uw1_0.updated_at,
        uw1_0.user_id,
        uw1_0.wallet_name 
    from
        user_wallets uw1_0
2026-05-17 19:23:29.591 [main] DEBUG org.hibernate.SQL - 
    select
        c1_0.id,
        c1_0.active,
        c1_0.code,
        c1_0.created_at,
        c1_0.name,
        c1_0.symbol 
    from
        currencies c1_0 
    where
        c1_0.id=?
2026-05-17 19:23:29.591 [main] DEBUG org.hibernate.SQL - 
    delete 
    from
        user_wallets 
    where
        id=?
2026-05-17 19:23:29.592 [main] DEBUG org.hibernate.SQL - 
    select
        u1_0.id,
        u1_0.created_at,
        u1_0.deletion_reason,
        u1_0.deletion_requested_at,
        u1_0.email,
        u1_0.hard_delete_scheduled_at,
        u1_0.is_deleted,
        u1_0.last_login,
        u1_0.name,
        u1_0.password,
        u1_0.role 
    from
        users u1_0
2026-05-17 19:23:29.593 [main] DEBUG org.hibernate.SQL - 
    select
        b1_0.user_id,
        b1_0.id,
        b1_0.category_id,
        b1_0.budget_month,
        b1_0.monthly_limit,
        b1_0.budget_year 
    from
        budgets b1_0 
    where
        b1_0.user_id=?
2026-05-17 19:23:29.593 [main] DEBUG org.hibernate.SQL - 
    select
        t1_0.user_id,
        t1_0.id,
        t1_0.amount,
        t1_0.amount_encrypted,
        t1_0.category_id,
        t1_0.created_at,
        t1_0.date,
        t1_0.description,
        t1_0.description_encrypted,
        t1_0.type 
    from
        transactions t1_0 
    where
        t1_0.user_id=?
2026-05-17 19:23:29.593 [main] DEBUG org.hibernate.SQL - 
    delete 
    from
        users 
    where
        id=?
2026-05-17 19:23:29.594 [main] DEBUG org.hibernate.SQL - 
    select
        c1_0.id,
        c1_0.active,
        c1_0.code,
        c1_0.created_at,
        c1_0.name,
        c1_0.symbol 
    from
        currencies c1_0
2026-05-17 19:23:29.595 [main] DEBUG org.hibernate.SQL - 
    delete 
    from
        currencies 
    where
        id=?
2026-05-17 19:23:29.595 [main] DEBUG org.hibernate.SQL - 
    delete 
    from
        currencies 
    where
        id=?
2026-05-17 19:23:29.595 [main] DEBUG org.hibernate.SQL - 
    delete 
    from
        currencies 
    where
        id=?
2026-05-17 19:23:29.596 [main] DEBUG org.hibernate.SQL - 
    insert 
    into
        currencies
        (active, code, created_at, name, symbol, id) 
    values
        (?, ?, ?, ?, ?, default)
2026-05-17 19:23:29.596 [main] DEBUG org.hibernate.SQL - 
    insert 
    into
        currencies
        (active, code, created_at, name, symbol, id) 
    values
        (?, ?, ?, ?, ?, default)
2026-05-17 19:23:29.597 [main] DEBUG org.hibernate.SQL - 
    insert 
    into
        currencies
        (active, code, created_at, name, symbol, id) 
    values
        (?, ?, ?, ?, ?, default)
2026-05-17 19:23:29.597 [main] DEBUG org.hibernate.SQL - 
    insert 
    into
        users
        (created_at, deletion_reason, deletion_requested_at, email, hard_delete_scheduled_at, is_deleted, last_login, name, password, role, id) 
    values
        (?, ?, ?, ?, ?, ?, ?, ?, ?, ?, default)
2026-05-17 19:23:29.599 [main] DEBUG org.hibernate.SQL - 
    select
        c1_0.id,
        c1_0.active,
        c1_0.code,
        c1_0.created_at,
        c1_0.name,
        c1_0.symbol 
    from
        currencies c1_0
2026-05-17 19:23:29.601 [main] DEBUG org.hibernate.SQL - 
    select
        uw1_0.id,
        uw1_0.balance,
        uw1_0.created_at,
        uw1_0.currency_id,
        uw1_0.primary_wallet,
        uw1_0.updated_at,
        uw1_0.user_id,
        uw1_0.wallet_name 
    from
        user_wallets uw1_0 
    left join
        users u1_0 
            on u1_0.id=uw1_0.user_id 
    where
        u1_0.id=? 
        and uw1_0.primary_wallet=?
2026-05-17 19:23:29.602 [main] DEBUG org.hibernate.SQL - 
    select
        u1_0.id,
        u1_0.created_at,
        u1_0.deletion_reason,
        u1_0.deletion_requested_at,
        u1_0.email,
        u1_0.hard_delete_scheduled_at,
        u1_0.is_deleted,
        u1_0.last_login,
        u1_0.name,
        u1_0.password,
        u1_0.role 
    from
        users u1_0 
    where
        u1_0.id=?
2026-05-17 19:23:29.603 [main] DEBUG org.hibernate.SQL - 
    select
        c1_0.id,
        c1_0.active,
        c1_0.code,
        c1_0.created_at,
        c1_0.name,
        c1_0.symbol 
    from
        currencies c1_0 
    where
        c1_0.code=?
2026-05-17 19:23:29.605 [main] DEBUG org.hibernate.SQL - 
    insert 
    into
        user_wallets
        (balance, created_at, currency_id, primary_wallet, updated_at, user_id, wallet_name, id) 
    values
        (?, ?, ?, ?, ?, ?, ?, default)
2026-05-17 19:23:29.605 [main] INFO  c.finsight.service.CurrencyService - Created primary wallet for user 11 with currency USD
2026-05-17 19:23:29.607 [main] DEBUG org.hibernate.SQL - 
    select
        uw1_0.id,
        uw1_0.balance,
        uw1_0.created_at,
        uw1_0.currency_id,
        uw1_0.primary_wallet,
        uw1_0.updated_at,
        uw1_0.user_id,
        uw1_0.wallet_name 
    from
        user_wallets uw1_0 
    left join
        users u1_0 
            on u1_0.id=uw1_0.user_id 
    where
        u1_0.id=? 
        and uw1_0.primary_wallet=?
2026-05-17 19:23:29.608 [main] DEBUG org.hibernate.SQL - 
    select
        c1_0.id,
        c1_0.active,
        c1_0.code,
        c1_0.created_at,
        c1_0.name,
        c1_0.symbol 
    from
        currencies c1_0 
    where
        c1_0.id=?
2026-05-17 19:23:29.609 [main] DEBUG org.hibernate.SQL - 
    select
        uw1_0.id,
        uw1_0.balance,
        uw1_0.created_at,
        uw1_0.currency_id,
        uw1_0.primary_wallet,
        uw1_0.updated_at,
        uw1_0.user_id,
        uw1_0.wallet_name 
    from
        user_wallets uw1_0 
    left join
        users u1_0 
            on u1_0.id=uw1_0.user_id 
    where
        u1_0.id=?
2026-05-17 19:23:29.609 [main] DEBUG org.hibernate.SQL - 
    select
        c1_0.id,
        c1_0.active,
        c1_0.code,
        c1_0.created_at,
        c1_0.name,
        c1_0.symbol 
    from
        currencies c1_0 
    where
        c1_0.id=?
2026-05-17 19:23:29.611 [main] DEBUG org.hibernate.SQL - 
    select
        u1_0.id,
        u1_0.created_at,
        u1_0.deletion_reason,
        u1_0.deletion_requested_at,
        u1_0.email,
        u1_0.hard_delete_scheduled_at,
        u1_0.is_deleted,
        u1_0.last_login,
        u1_0.name,
        u1_0.password,
        u1_0.role 
    from
        users u1_0 
    where
        u1_0.id=?
2026-05-17 19:23:29.612 [main] DEBUG org.hibernate.SQL - 
    select
        c1_0.id,
        c1_0.active,
        c1_0.code,
        c1_0.created_at,
        c1_0.name,
        c1_0.symbol 
    from
        currencies c1_0 
    where
        c1_0.code=?
2026-05-17 19:23:29.613 [main] DEBUG org.hibernate.SQL - 
    select
        uw1_0.id,
        uw1_0.balance,
        uw1_0.created_at,
        uw1_0.currency_id,
        uw1_0.primary_wallet,
        uw1_0.updated_at,
        uw1_0.user_id,
        uw1_0.wallet_name 
    from
        user_wallets uw1_0 
    left join
        users u1_0 
            on u1_0.id=uw1_0.user_id 
    left join
        currencies c1_0 
            on c1_0.id=uw1_0.currency_id 
    where
        u1_0.id=? 
        and c1_0.id=?
2026-05-17 19:23:29.614 [main] DEBUG org.hibernate.SQL - 
    insert 
    into
        user_wallets
        (balance, created_at, currency_id, primary_wallet, updated_at, user_id, wallet_name, id) 
    values
        (?, ?, ?, ?, ?, ?, ?, default)
2026-05-17 19:23:29.614 [main] INFO  c.finsight.service.CurrencyService - Created wallet for user 11 in currency EUR
2026-05-17 19:23:29.616 [main] DEBUG org.hibernate.SQL - 
    select
        uw1_0.id,
        uw1_0.balance,
        uw1_0.created_at,
        uw1_0.currency_id,
        uw1_0.primary_wallet,
        uw1_0.updated_at,
        uw1_0.user_id,
        uw1_0.wallet_name 
    from
        user_wallets uw1_0 
    left join
        users u1_0 
            on u1_0.id=uw1_0.user_id 
    where
        u1_0.id=? 
        and uw1_0.primary_wallet=?
2026-05-17 19:23:29.616 [main] DEBUG org.hibernate.SQL - 
    select
        c1_0.id,
        c1_0.active,
        c1_0.code,
        c1_0.created_at,
        c1_0.name,
        c1_0.symbol 
    from
        currencies c1_0 
    where
        c1_0.id=?
2026-05-17 19:23:29.617 [main] DEBUG org.hibernate.SQL - 
    select
        uw1_0.id,
        uw1_0.balance,
        uw1_0.created_at,
        uw1_0.currency_id,
        uw1_0.primary_wallet,
        uw1_0.updated_at,
        uw1_0.user_id,
        uw1_0.wallet_name 
    from
        user_wallets uw1_0 
    left join
        users u1_0 
            on u1_0.id=uw1_0.user_id 
    where
        u1_0.id=?
2026-05-17 19:23:29.617 [main] DEBUG org.hibernate.SQL - 
    select
        c1_0.id,
        c1_0.active,
        c1_0.code,
        c1_0.created_at,
        c1_0.name,
        c1_0.symbol 
    from
        currencies c1_0 
    where
        c1_0.id=?
2026-05-17 19:23:29.617 [main] DEBUG org.hibernate.SQL - 
    select
        c1_0.id,
        c1_0.active,
        c1_0.code,
        c1_0.created_at,
        c1_0.name,
        c1_0.symbol 
    from
        currencies c1_0 
    where
        c1_0.id=?
2026-05-17 19:23:29.628 [main] DEBUG org.hibernate.SQL - 
    select
        w1_0.id,
        w1_0.active,
        w1_0.created_at,
        w1_0.event_types,
        w1_0.retry_count,
        w1_0.secret,
        w1_0.updated_at,
        w1_0.url,
        w1_0.user_id 
    from
        webhooks w1_0
2026-05-17 19:23:29.629 [main] DEBUG org.hibernate.SQL - 
    select
        uw1_0.id,
        uw1_0.balance,
        uw1_0.created_at,
        uw1_0.currency_id,
        uw1_0.primary_wallet,
        uw1_0.updated_at,
        uw1_0.user_id,
        uw1_0.wallet_name 
    from
        user_wallets uw1_0
2026-05-17 19:23:29.629 [main] DEBUG org.hibernate.SQL - 
    select
        c1_0.id,
        c1_0.active,
        c1_0.code,
        c1_0.created_at,
        c1_0.name,
        c1_0.symbol 
    from
        currencies c1_0 
    where
        c1_0.id=?
2026-05-17 19:23:29.629 [main] DEBUG org.hibernate.SQL - 
    select
        c1_0.id,
        c1_0.active,
        c1_0.code,
        c1_0.created_at,
        c1_0.name,
        c1_0.symbol 
    from
        currencies c1_0 
    where
        c1_0.id=?
2026-05-17 19:23:29.630 [main] DEBUG org.hibernate.SQL - 
    delete 
    from
        user_wallets 
    where
        id=?
2026-05-17 19:23:29.630 [main] DEBUG org.hibernate.SQL - 
    delete 
    from
        user_wallets 
    where
        id=?
2026-05-17 19:23:29.631 [main] DEBUG org.hibernate.SQL - 
    select
        u1_0.id,
        u1_0.created_at,
        u1_0.deletion_reason,
        u1_0.deletion_requested_at,
        u1_0.email,
        u1_0.hard_delete_scheduled_at,
        u1_0.is_deleted,
        u1_0.last_login,
        u1_0.name,
        u1_0.password,
        u1_0.role 
    from
        users u1_0
2026-05-17 19:23:29.631 [main] DEBUG org.hibernate.SQL - 
    select
        b1_0.user_id,
        b1_0.id,
        b1_0.category_id,
        b1_0.budget_month,
        b1_0.monthly_limit,
        b1_0.budget_year 
    from
        budgets b1_0 
    where
        b1_0.user_id=?
2026-05-17 19:23:29.631 [main] DEBUG org.hibernate.SQL - 
    select
        t1_0.user_id,
        t1_0.id,
        t1_0.amount,
        t1_0.amount_encrypted,
        t1_0.category_id,
        t1_0.created_at,
        t1_0.date,
        t1_0.description,
        t1_0.description_encrypted,
        t1_0.type 
    from
        transactions t1_0 
    where
        t1_0.user_id=?
2026-05-17 19:23:29.632 [main] DEBUG org.hibernate.SQL - 
    delete 
    from
        users 
    where
        id=?
2026-05-17 19:23:29.633 [main] DEBUG org.hibernate.SQL - 
    select
        c1_0.id,
        c1_0.active,
        c1_0.code,
        c1_0.created_at,
        c1_0.name,
        c1_0.symbol 
    from
        currencies c1_0
2026-05-17 19:23:29.633 [main] DEBUG org.hibernate.SQL - 
    delete 
    from
        currencies 
    where
        id=?
2026-05-17 19:23:29.633 [main] DEBUG org.hibernate.SQL - 
    delete 
    from
        currencies 
    where
        id=?
2026-05-17 19:23:29.634 [main] DEBUG org.hibernate.SQL - 
    delete 
    from
        currencies 
    where
        id=?
2026-05-17 19:23:29.634 [main] DEBUG org.hibernate.SQL - 
    insert 
    into
        currencies
        (active, code, created_at, name, symbol, id) 
    values
        (?, ?, ?, ?, ?, default)
2026-05-17 19:23:29.635 [main] DEBUG org.hibernate.SQL - 
    insert 
    into
        currencies
        (active, code, created_at, name, symbol, id) 
    values
        (?, ?, ?, ?, ?, default)
2026-05-17 19:23:29.635 [main] DEBUG org.hibernate.SQL - 
    insert 
    into
        currencies
        (active, code, created_at, name, symbol, id) 
    values
        (?, ?, ?, ?, ?, default)
2026-05-17 19:23:29.636 [main] DEBUG org.hibernate.SQL - 
    insert 
    into
        users
        (created_at, deletion_reason, deletion_requested_at, email, hard_delete_scheduled_at, is_deleted, last_login, name, password, role, id) 
    values
        (?, ?, ?, ?, ?, ?, ?, ?, ?, ?, default)
2026-05-17 19:23:29.639 [main] DEBUG org.hibernate.SQL - 
    select
        u1_0.id,
        u1_0.created_at,
        u1_0.deletion_reason,
        u1_0.deletion_requested_at,
        u1_0.email,
        u1_0.hard_delete_scheduled_at,
        u1_0.is_deleted,
        u1_0.last_login,
        u1_0.name,
        u1_0.password,
        u1_0.role 
    from
        users u1_0 
    where
        u1_0.id=?
2026-05-17 19:23:29.641 [main] DEBUG org.hibernate.SQL - 
    select
        c1_0.id,
        c1_0.active,
        c1_0.code,
        c1_0.created_at,
        c1_0.name,
        c1_0.symbol 
    from
        currencies c1_0 
    where
        c1_0.code=?
2026-05-17 19:23:29.642 [main] DEBUG org.hibernate.SQL - 
    select
        uw1_0.id,
        uw1_0.balance,
        uw1_0.created_at,
        uw1_0.currency_id,
        uw1_0.primary_wallet,
        uw1_0.updated_at,
        uw1_0.user_id,
        uw1_0.wallet_name 
    from
        user_wallets uw1_0 
    left join
        users u1_0 
            on u1_0.id=uw1_0.user_id 
    left join
        currencies c1_0 
            on c1_0.id=uw1_0.currency_id 
    where
        u1_0.id=? 
        and c1_0.id=?
2026-05-17 19:23:29.643 [main] DEBUG org.hibernate.SQL - 
    insert 
    into
        user_wallets
        (balance, created_at, currency_id, primary_wallet, updated_at, user_id, wallet_name, id) 
    values
        (?, ?, ?, ?, ?, ?, ?, default)
2026-05-17 19:23:29.643 [main] INFO  c.finsight.service.CurrencyService - Created wallet for user 12 in currency USD
2026-05-17 19:23:29.645 [main] DEBUG org.hibernate.SQL - 
    select
        u1_0.id,
        u1_0.created_at,
        u1_0.deletion_reason,
        u1_0.deletion_requested_at,
        u1_0.email,
        u1_0.hard_delete_scheduled_at,
        u1_0.is_deleted,
        u1_0.last_login,
        u1_0.name,
        u1_0.password,
        u1_0.role 
    from
        users u1_0 
    where
        u1_0.id=?
2026-05-17 19:23:29.646 [main] DEBUG org.hibernate.SQL - 
    select
        c1_0.id,
        c1_0.active,
        c1_0.code,
        c1_0.created_at,
        c1_0.name,
        c1_0.symbol 
    from
        currencies c1_0 
    where
        c1_0.code=?
2026-05-17 19:23:29.647 [main] DEBUG org.hibernate.SQL - 
    select
        uw1_0.id,
        uw1_0.balance,
        uw1_0.created_at,
        uw1_0.currency_id,
        uw1_0.primary_wallet,
        uw1_0.updated_at,
        uw1_0.user_id,
        uw1_0.wallet_name 
    from
        user_wallets uw1_0 
    left join
        users u1_0 
            on u1_0.id=uw1_0.user_id 
    left join
        currencies c1_0 
            on c1_0.id=uw1_0.currency_id 
    where
        u1_0.id=? 
        and c1_0.id=?
2026-05-17 19:23:29.647 [main] DEBUG org.hibernate.SQL - 
    insert 
    into
        user_wallets
        (balance, created_at, currency_id, primary_wallet, updated_at, user_id, wallet_name, id) 
    values
        (?, ?, ?, ?, ?, ?, ?, default)
2026-05-17 19:23:29.648 [main] INFO  c.finsight.service.CurrencyService - Created wallet for user 12 in currency EUR
2026-05-17 19:23:29.649 [main] DEBUG org.hibernate.SQL - 
    select
        u1_0.id,
        u1_0.created_at,
        u1_0.deletion_reason,
        u1_0.deletion_requested_at,
        u1_0.email,
        u1_0.hard_delete_scheduled_at,
        u1_0.is_deleted,
        u1_0.last_login,
        u1_0.name,
        u1_0.password,
        u1_0.role 
    from
        users u1_0 
    where
        u1_0.id=?
2026-05-17 19:23:29.650 [main] DEBUG org.hibernate.SQL - 
    select
        c1_0.id,
        c1_0.active,
        c1_0.code,
        c1_0.created_at,
        c1_0.name,
        c1_0.symbol 
    from
        currencies c1_0 
    where
        c1_0.code=?
2026-05-17 19:23:29.651 [main] DEBUG org.hibernate.SQL - 
    select
        uw1_0.id,
        uw1_0.balance,
        uw1_0.created_at,
        uw1_0.currency_id,
        uw1_0.primary_wallet,
        uw1_0.updated_at,
        uw1_0.user_id,
        uw1_0.wallet_name 
    from
        user_wallets uw1_0 
    left join
        users u1_0 
            on u1_0.id=uw1_0.user_id 
    left join
        currencies c1_0 
            on c1_0.id=uw1_0.currency_id 
    where
        u1_0.id=? 
        and c1_0.id=?
2026-05-17 19:23:29.652 [main] DEBUG org.hibernate.SQL - 
    insert 
    into
        user_wallets
        (balance, created_at, currency_id, primary_wallet, updated_at, user_id, wallet_name, id) 
    values
        (?, ?, ?, ?, ?, ?, ?, default)
2026-05-17 19:23:29.652 [main] INFO  c.finsight.service.CurrencyService - Created wallet for user 12 in currency GBP
2026-05-17 19:23:29.654 [main] DEBUG org.hibernate.SQL - 
    select
        uw1_0.id,
        uw1_0.balance,
        uw1_0.created_at,
        uw1_0.currency_id,
        uw1_0.primary_wallet,
        uw1_0.updated_at,
        uw1_0.user_id,
        uw1_0.wallet_name 
    from
        user_wallets uw1_0 
    left join
        users u1_0 
            on u1_0.id=uw1_0.user_id 
    where
        u1_0.id=?
2026-05-17 19:23:29.655 [main] DEBUG org.hibernate.SQL - 
    select
        c1_0.id,
        c1_0.active,
        c1_0.code,
        c1_0.created_at,
        c1_0.name,
        c1_0.symbol 
    from
        currencies c1_0 
    where
        c1_0.id=?
2026-05-17 19:23:29.656 [main] DEBUG org.hibernate.SQL - 
    select
        c1_0.id,
        c1_0.active,
        c1_0.code,
        c1_0.created_at,
        c1_0.name,
        c1_0.symbol 
    from
        currencies c1_0 
    where
        c1_0.id=?
2026-05-17 19:23:29.656 [main] DEBUG org.hibernate.SQL - 
    select
        c1_0.id,
        c1_0.active,
        c1_0.code,
        c1_0.created_at,
        c1_0.name,
        c1_0.symbol 
    from
        currencies c1_0 
    where
        c1_0.id=?
[INFO] Tests run: 6, Failures: 0, Errors: 0, Skipped: 0, Time elapsed: 0.212 s -- in com.finsight.controller.CurrencyIntegrationTest
[INFO] Running com.finsight.controller.ProfileControllerIntegrationTest
2026-05-17 19:23:29.662 [main] INFO  o.s.t.c.s.AnnotationConfigContextLoaderUtils - Could not detect default configuration classes for test class [com.finsight.controller.ProfileControllerIntegrationTest]: ProfileControllerIntegrationTest does not declare any static, non-private, non-final, nested classes annotated with @Configuration.
2026-05-17 19:23:29.664 [main] INFO  o.s.b.t.c.SpringBootTestContextBootstrapper - Found @SpringBootConfiguration com.finsight.FinSightApplication for test class com.finsight.controller.ProfileControllerIntegrationTest
2026-05-17 19:23:29.665 [main] INFO  o.s.b.d.r.RestartApplicationListener - Restart disabled due to context in which it is running

  .   ____          _            __ _ _
 /\\ / ___'_ __ _ _(_)_ __  __ _ \ \ \ \
( ( )\___ | '_ | '_| | '_ \/ _` | \ \ \ \
 \\/  ___)| |_)| | | | | || (_| |  ) ) ) )
  '  |____| .__|_| |_|_| |_\__, | / / / /
 =========|_|==============|___/=/_/_/_/

 :: Spring Boot ::               (v3.5.12)

2026-05-17 19:23:29.679 [main] INFO  c.f.c.ProfileControllerIntegrationTest - Starting ProfileControllerIntegrationTest using Java 17.0.18 with PID 86553 (started by shashi in /Users/shashi/FinSight)
2026-05-17 19:23:29.679 [main] DEBUG c.f.c.ProfileControllerIntegrationTest - Running with Spring Boot v3.5.12, Spring v6.2.17
2026-05-17 19:23:29.680 [main] INFO  c.f.c.ProfileControllerIntegrationTest - The following 1 profile is active: "test"
2026-05-17 19:23:29.952 [main] INFO  o.s.d.r.c.RepositoryConfigurationDelegate - Multiple Spring Data modules found, entering strict repository configuration mode
2026-05-17 19:23:29.953 [main] INFO  o.s.d.r.c.RepositoryConfigurationDelegate - Bootstrapping Spring Data JPA repositories in DEFAULT mode.
2026-05-17 19:23:29.971 [main] INFO  o.s.d.r.c.RepositoryConfigurationDelegate - Finished Spring Data repository scanning in 16 ms. Found 20 JPA repository interfaces.
2026-05-17 19:23:30.006 [main] INFO  c.u.j.c.EnableEncryptablePropertiesBeanFactoryPostProcessor - Post-processing PropertySource instances
2026-05-17 19:23:30.006 [main] INFO  c.u.j.EncryptablePropertySourceConverter - Converting PropertySource Annotations [org.springframework.boot.test.autoconfigure.properties.AnnotationsPropertySource] to EncryptableEnumerablePropertySourceWrapper
2026-05-17 19:23:30.006 [main] INFO  c.u.j.EncryptablePropertySourceConverter - Skipping PropertySource configurationProperties [class org.springframework.boot.context.properties.source.ConfigurationPropertySourcesPropertySource
2026-05-17 19:23:30.006 [main] INFO  c.u.j.EncryptablePropertySourceConverter - Converting PropertySource test [org.springframework.core.env.MapPropertySource] to EncryptableMapPropertySourceWrapper
2026-05-17 19:23:30.006 [main] INFO  c.u.j.EncryptablePropertySourceConverter - Converting PropertySource Inlined Test Properties [org.springframework.core.env.MapPropertySource] to EncryptableMapPropertySourceWrapper
2026-05-17 19:23:30.006 [main] INFO  c.u.j.EncryptablePropertySourceConverter - Converting PropertySource active-test-profiles [org.springframework.core.env.MapPropertySource] to EncryptableMapPropertySourceWrapper
2026-05-17 19:23:30.006 [main] INFO  c.u.j.EncryptablePropertySourceConverter - Skipping PropertySource servletConfigInitParams [class org.springframework.core.env.PropertySource$StubPropertySource
2026-05-17 19:23:30.006 [main] INFO  c.u.j.EncryptablePropertySourceConverter - Converting PropertySource servletContextInitParams [org.springframework.web.context.support.ServletContextPropertySource] to EncryptableEnumerablePropertySourceWrapper
2026-05-17 19:23:30.006 [main] INFO  c.u.j.EncryptablePropertySourceConverter - Converting PropertySource systemProperties [org.springframework.core.env.PropertiesPropertySource] to EncryptableMapPropertySourceWrapper
2026-05-17 19:23:30.007 [main] INFO  c.u.j.EncryptablePropertySourceConverter - Converting PropertySource systemEnvironment [org.springframework.boot.env.SystemEnvironmentPropertySourceEnvironmentPostProcessor$OriginAwareSystemEnvironmentPropertySource] to EncryptableSystemEnvironmentPropertySourceWrapper
2026-05-17 19:23:30.007 [main] INFO  c.u.j.EncryptablePropertySourceConverter - Converting PropertySource random [org.springframework.boot.env.RandomValuePropertySource] to EncryptablePropertySourceWrapper
2026-05-17 19:23:30.007 [main] INFO  c.u.j.EncryptablePropertySourceConverter - Converting PropertySource Config resource 'class path resource [application-test.properties]' via location 'optional:classpath:/' [org.springframework.boot.env.OriginTrackedMapPropertySource] to EncryptableMapPropertySourceWrapper
2026-05-17 19:23:30.007 [main] INFO  c.u.j.EncryptablePropertySourceConverter - Converting PropertySource Config resource 'class path resource [application.properties]' via location 'optional:classpath:/' [org.springframework.boot.env.OriginTrackedMapPropertySource] to EncryptableMapPropertySourceWrapper
2026-05-17 19:23:30.007 [main] INFO  c.u.j.EncryptablePropertySourceConverter - Converting PropertySource applicationInfo [org.springframework.boot.ApplicationInfoPropertySource] to EncryptableMapPropertySourceWrapper
2026-05-17 19:23:30.072 [main] INFO  c.u.j.f.DefaultLazyPropertyFilter - Property Filter custom Bean not found with name 'encryptablePropertyFilter'. Initializing Default Property Filter
2026-05-17 19:23:30.074 [main] INFO  c.u.j.r.DefaultLazyPropertyResolver - Property Resolver custom Bean not found with name 'encryptablePropertyResolver'. Initializing Default Property Resolver
2026-05-17 19:23:30.074 [main] INFO  c.u.j.d.DefaultLazyPropertyDetector - Property Detector custom Bean not found with name 'encryptablePropertyDetector'. Initializing Default Property Detector
2026-05-17 19:23:30.122 [main] INFO  o.h.jpa.internal.util.LogHelper - HHH000204: Processing PersistenceUnitInfo [name: default]
2026-05-17 19:23:30.124 [main] INFO  o.h.c.i.RegionFactoryInitiator - HHH000026: Second-level cache disabled
2026-05-17 19:23:30.128 [main] INFO  o.s.o.j.p.SpringPersistenceUnitInfo - No LoadTimeWeaver setup: ignoring JPA class transformer
2026-05-17 19:23:30.129 [main] INFO  com.zaxxer.hikari.HikariDataSource - HikariPool-3 - Starting...
2026-05-17 19:23:30.129 [main] INFO  com.zaxxer.hikari.pool.HikariPool - HikariPool-3 - Added connection conn28: url=jdbc:h2:mem:finsight_test user=SA
2026-05-17 19:23:30.129 [main] INFO  com.zaxxer.hikari.HikariDataSource - HikariPool-3 - Start completed.
2026-05-17 19:23:30.130 [main] INFO  o.hibernate.orm.connections.pooling - HHH10001005: Database info:
	Database JDBC URL [Connecting through datasource 'HikariDataSource (HikariPool-3)']
	Database driver: undefined/unknown
	Database version: 2.3.232
	Autocommit mode: undefined/unknown
	Isolation level: undefined/unknown
	Minimum pool size: undefined/unknown
	Maximum pool size: undefined/unknown
2026-05-17 19:23:30.207 [main] INFO  o.h.e.t.j.p.i.JtaPlatformInitiator - HHH000489: No JTA platform available (set 'hibernate.transaction.jta.platform' to enable JTA platform integration)
2026-05-17 19:23:30.207 [main] DEBUG org.hibernate.SQL - 
    drop table if exists budgets cascade 
2026-05-17 19:23:30.208 [main] DEBUG org.hibernate.SQL - 
    drop table if exists categories cascade 
2026-05-17 19:23:30.208 [main] DEBUG org.hibernate.SQL - 
    drop table if exists currencies cascade 
2026-05-17 19:23:30.208 [main] DEBUG org.hibernate.SQL - 
    drop table if exists exchange_rates cascade 
2026-05-17 19:23:30.208 [main] DEBUG org.hibernate.SQL - 
    drop table if exists external_transactions cascade 
2026-05-17 19:23:30.209 [main] DEBUG org.hibernate.SQL - 
    drop table if exists idempotency_keys cascade 
2026-05-17 19:23:30.209 [main] DEBUG org.hibernate.SQL - 
    drop table if exists kafka_outbox_events cascade 
2026-05-17 19:23:30.209 [main] DEBUG org.hibernate.SQL - 
    drop table if exists notification_deliveries cascade 
2026-05-17 19:23:30.209 [main] DEBUG org.hibernate.SQL - 
    drop table if exists notification_preferences cascade 
2026-05-17 19:23:30.209 [main] DEBUG org.hibernate.SQL - 
    drop table if exists notifications cascade 
2026-05-17 19:23:30.209 [main] DEBUG org.hibernate.SQL - 
    drop table if exists reconciliation_batches cascade 
2026-05-17 19:23:30.210 [main] DEBUG org.hibernate.SQL - 
    drop table if exists reconciliation_schedule_preferences cascade 
2026-05-17 19:23:30.210 [main] DEBUG org.hibernate.SQL - 
    drop table if exists recurring_transactions cascade 
2026-05-17 19:23:30.210 [main] DEBUG org.hibernate.SQL - 
    drop table if exists transaction_audit_log cascade 
2026-05-17 19:23:30.210 [main] DEBUG org.hibernate.SQL - 
    drop table if exists transaction_matches cascade 
2026-05-17 19:23:30.210 [main] DEBUG org.hibernate.SQL - 
    drop table if exists transactions cascade 
2026-05-17 19:23:30.210 [main] DEBUG org.hibernate.SQL - 
    drop table if exists user_wallets cascade 
2026-05-17 19:23:30.210 [main] DEBUG org.hibernate.SQL - 
    drop table if exists users cascade 
2026-05-17 19:23:30.211 [main] DEBUG org.hibernate.SQL - 
    drop table if exists webhook_deliveries cascade 
2026-05-17 19:23:30.211 [main] DEBUG org.hibernate.SQL - 
    drop table if exists webhooks cascade 
2026-05-17 19:23:30.211 [main] DEBUG org.hibernate.SQL - 
    create table budgets (
        budget_month integer not null,
        budget_year integer not null,
        monthly_limit numeric(15,2) not null,
        category_id bigint not null,
        id bigint generated by default as identity,
        user_id bigint not null,
        primary key (id),
        unique (user_id, category_id, budget_month, budget_year)
    )
2026-05-17 19:23:30.212 [main] DEBUG org.hibernate.SQL - 
    create table categories (
        id bigint generated by default as identity,
        name varchar(100) not null,
        type enum ('EXPENSE','INCOME') not null,
        primary key (id),
        unique (name, type)
    )
2026-05-17 19:23:30.212 [main] DEBUG org.hibernate.SQL - 
    create table currencies (
        active boolean not null,
        code varchar(3) not null unique,
        created_at timestamp(6) not null,
        id bigint generated by default as identity,
        symbol varchar(10) not null,
        name varchar(100) not null,
        primary key (id)
    )
2026-05-17 19:23:30.212 [main] DEBUG org.hibernate.SQL - 
    create table exchange_rates (
        effective_date date not null,
        rate numeric(18,8) not null,
        from_currency_id bigint not null,
        id bigint generated by default as identity,
        to_currency_id bigint not null,
        source varchar(50) not null,
        primary key (id),
        unique (from_currency_id, to_currency_id, effective_date)
    )
2026-05-17 19:23:30.213 [main] DEBUG org.hibernate.SQL - 
    create table external_transactions (
        amount numeric(15,2) not null,
        transaction_date date not null,
        id bigint generated by default as identity,
        imported_at timestamp(6) not null,
        user_id bigint not null,
        source varchar(100) not null,
        description varchar(500),
        external_id varchar(255) not null,
        primary key (id)
    )
2026-05-17 19:23:30.213 [main] DEBUG org.hibernate.SQL - 
    create table idempotency_keys (
        status_code integer not null,
        created_at timestamp(6) not null,
        id bigint generated by default as identity,
        user_id bigint not null,
        endpoint varchar(255) not null,
        idempotency_key varchar(255) not null,
        response_body TEXT,
        primary key (id),
        unique (idempotency_key, user_id, endpoint)
    )
2026-05-17 19:23:30.213 [main] DEBUG org.hibernate.SQL - 
    create table kafka_outbox_events (
        attempts integer not null,
        created_at timestamp(6) not null,
        id bigint generated by default as identity,
        published_at timestamp(6),
        updated_at timestamp(6) not null,
        user_id bigint,
        event_id varchar(36) not null,
        event_type varchar(120) not null,
        event_key varchar(200),
        topic varchar(200) not null,
        last_error TEXT,
        payload TEXT not null,
        status enum ('FAILED','PENDING','PUBLISHED') not null,
        primary key (id)
    )
2026-05-17 19:23:30.214 [main] DEBUG org.hibernate.SQL - 
    create table notification_deliveries (
        attempt_count integer not null,
        created_at timestamp(6) not null,
        id bigint generated by default as identity,
        next_retry timestamp(6),
        notification_id bigint not null,
        sent_at timestamp(6),
        last_error varchar(500),
        channel enum ('EMAIL','IN_APP','WEBHOOK') not null,
        status enum ('FAILED','PENDING','RETRYING','SENT') not null,
        primary key (id)
    )
2026-05-17 19:23:30.214 [main] DEBUG org.hibernate.SQL - 
    create table notification_preferences (
        alert_email boolean not null,
        alert_in_app boolean not null,
        budget_alert_threshold integer not null,
        budget_alerts_enabled boolean not null,
        created_at timestamp(6) not null,
        id bigint generated by default as identity,
        updated_at timestamp(6) not null,
        user_id bigint not null unique,
        alert_frequency enum ('DAILY','REAL_TIME','WEEKLY') not null,
        primary key (id)
    )
2026-05-17 19:23:30.214 [main] DEBUG org.hibernate.SQL - 
    create table notifications (
        read boolean not null,
        created_at timestamp(6) not null,
        id bigint generated by default as identity,
        read_at timestamp(6),
        user_id bigint not null,
        message TEXT not null,
        metadata JSON,
        title varchar(255) not null,
        type enum ('ANOMALY_ALERT','BUDGET_ALERT','RECONCILIATION_ALERT','SYSTEM') not null,
        primary key (id)
    )
2026-05-17 19:23:30.215 [main] DEBUG org.hibernate.SQL - 
    create table reconciliation_batches (
        batch_date date not null,
        discrepancy_amount numeric(15,2),
        matched_transactions integer not null,
        total_transactions integer not null,
        unmatched_transactions integer not null,
        created_at timestamp(6) not null,
        id bigint generated by default as identity,
        updated_at timestamp(6) not null,
        user_id bigint not null,
        status enum ('COMPLETED','FAILED','IN_PROGRESS','PENDING') not null,
        primary key (id)
    )
2026-05-17 19:23:30.215 [main] DEBUG org.hibernate.SQL - 
    create table reconciliation_schedule_preferences (
        enabled boolean not null,
        created_at timestamp(6) not null,
        id bigint generated by default as identity,
        updated_at timestamp(6) not null,
        user_id bigint not null unique,
        primary key (id)
    )
2026-05-17 19:23:30.215 [main] DEBUG org.hibernate.SQL - 
    create table recurring_transactions (
        active boolean not null,
        amount numeric(15,2) not null,
        end_date date,
        next_occurrence date not null,
        start_date date not null,
        category_id bigint not null,
        id bigint generated by default as identity,
        user_id bigint not null,
        description varchar(500),
        amount_encrypted LONGBLOB,
        frequency enum ('DAILY','MONTHLY','WEEKLY','YEARLY') not null,
        type enum ('EXPENSE','INCOME') not null,
        primary key (id)
    )
2026-05-17 19:23:30.215 [main] DEBUG org.hibernate.SQL - 
    create table transaction_audit_log (
        new_amount numeric(15,2),
        old_amount numeric(15,2),
        id bigint generated by default as identity,
        performed_at timestamp(6) not null,
        transaction_id bigint,
        user_id bigint not null,
        new_type varchar(10),
        old_type varchar(10),
        new_category varchar(100),
        old_category varchar(100),
        new_description varchar(500),
        old_description varchar(500),
        performed_by varchar(255) not null,
        action enum ('CREATE','DELETE','UPDATE') not null,
        primary key (id)
    )
2026-05-17 19:23:30.216 [main] DEBUG org.hibernate.SQL - 
    create table transaction_matches (
        external_amount numeric(15,2) not null,
        internal_amount numeric(15,2) not null,
        match_confidence numeric(5,2),
        variance_amount numeric(15,2),
        created_at timestamp(6) not null,
        id bigint generated by default as identity,
        internal_transaction_id bigint not null,
        matched_at timestamp(6),
        reconciliation_batch_id bigint not null,
        notes varchar(500),
        external_transaction_id varchar(255),
        match_status enum ('EXACT_MATCH','NO_MATCH','PARTIAL_MATCH') not null,
        primary key (id)
    )
2026-05-17 19:23:30.216 [main] DEBUG org.hibernate.SQL - 
    create table transactions (
        amount numeric(15,2) not null,
        date date not null,
        category_id bigint not null,
        created_at timestamp(6) not null,
        id bigint generated by default as identity,
        user_id bigint not null,
        description varchar(500),
        amount_encrypted LONGBLOB,
        description_encrypted LONGBLOB,
        type enum ('EXPENSE','INCOME') not null,
        primary key (id)
    )
2026-05-17 19:23:30.217 [main] DEBUG org.hibernate.SQL - 
    create table user_wallets (
        balance numeric(20,8) not null,
        primary_wallet boolean not null,
        created_at timestamp(6) not null,
        currency_id bigint not null,
        id bigint generated by default as identity,
        updated_at timestamp(6) not null,
        user_id bigint not null,
        wallet_name varchar(100),
        primary key (id)
    )
2026-05-17 19:23:30.217 [main] DEBUG org.hibernate.SQL - 
    create table users (
        is_deleted BOOLEAN DEFAULT FALSE not null,
        created_at timestamp(6) not null,
        deletion_requested_at timestamp(6),
        hard_delete_scheduled_at timestamp(6),
        id bigint generated by default as identity,
        last_login timestamp(6),
        name varchar(100) not null,
        email varchar(150) not null unique,
        deletion_reason varchar(255),
        password varchar(255) not null,
        role enum ('ADMIN','USER') not null,
        primary key (id)
    )
2026-05-17 19:23:30.217 [main] DEBUG org.hibernate.SQL - 
    create table webhook_deliveries (
        attempt_count integer not null,
        response_status_code integer,
        created_at timestamp(6) not null,
        delivered_at timestamp(6),
        id bigint generated by default as identity,
        next_retry timestamp(6),
        webhook_id bigint not null,
        event_type varchar(100) not null,
        payload JSON not null,
        response_body TEXT,
        status enum ('DELIVERED','FAILED','PENDING') not null,
        primary key (id)
    )
2026-05-17 19:23:30.218 [main] DEBUG org.hibernate.SQL - 
    create table webhooks (
        active boolean not null,
        retry_count integer not null,
        created_at timestamp(6) not null,
        id bigint generated by default as identity,
        updated_at timestamp(6) not null,
        user_id bigint not null,
        secret varchar(256) not null,
        url varchar(500) not null,
        event_types varchar(1000) not null,
        primary key (id)
    )
2026-05-17 19:23:30.218 [main] DEBUG org.hibernate.SQL - 
    create index idx_external_user_date 
       on external_transactions (user_id, transaction_date)
2026-05-17 19:23:30.218 [main] DEBUG org.hibernate.SQL - 
    create index idx_external_source 
       on external_transactions (source)
2026-05-17 19:23:30.218 [main] DEBUG org.hibernate.SQL - 
    create index idx_outbox_status_created 
       on kafka_outbox_events (status, created_at)
2026-05-17 19:23:30.218 [main] DEBUG org.hibernate.SQL - 
    create index idx_delivery_status 
       on notification_deliveries (status)
2026-05-17 19:23:30.218 [main] DEBUG org.hibernate.SQL - 
    create index idx_delivery_next_retry 
       on notification_deliveries (next_retry)
2026-05-17 19:23:30.219 [main] DEBUG org.hibernate.SQL - 
    create index idx_notification_user_read 
       on notifications (user_id, read)
2026-05-17 19:23:30.219 [main] DEBUG org.hibernate.SQL - 
    create index idx_notification_created 
       on notifications (created_at)
2026-05-17 19:23:30.219 [main] DEBUG org.hibernate.SQL - 
    create index idx_reconciliation_user_date 
       on reconciliation_batches (user_id, batch_date)
2026-05-17 19:23:30.220 [main] DEBUG org.hibernate.SQL - 
    create index idx_reconciliation_status 
       on reconciliation_batches (status)
2026-05-17 19:23:30.220 [main] DEBUG org.hibernate.SQL - 
    create index idx_audit_transaction 
       on transaction_audit_log (transaction_id)
2026-05-17 19:23:30.220 [main] DEBUG org.hibernate.SQL - 
    create index idx_audit_user 
       on transaction_audit_log (user_id)
2026-05-17 19:23:30.220 [main] DEBUG org.hibernate.SQL - 
    create index idx_audit_performed_at 
       on transaction_audit_log (performed_at)
2026-05-17 19:23:30.220 [main] DEBUG org.hibernate.SQL - 
    create index idx_match_batch 
       on transaction_matches (reconciliation_batch_id)
2026-05-17 19:23:30.220 [main] DEBUG org.hibernate.SQL - 
    create index idx_match_status 
       on transaction_matches (match_status)
2026-05-17 19:23:30.220 [main] DEBUG org.hibernate.SQL - 
    create index idx_transaction_user_date 
       on transactions (user_id, date)
2026-05-17 19:23:30.221 [main] DEBUG org.hibernate.SQL - 
    create index idx_transaction_user_category 
       on transactions (user_id, category_id)
2026-05-17 19:23:30.221 [main] DEBUG org.hibernate.SQL - 
    create index idx_webhook_delivery_status 
       on webhook_deliveries (status)
2026-05-17 19:23:30.221 [main] DEBUG org.hibernate.SQL - 
    create index idx_webhook_delivery_next_retry 
       on webhook_deliveries (next_retry)
2026-05-17 19:23:30.221 [main] DEBUG org.hibernate.SQL - 
    alter table if exists budgets 
       add constraint FKn7qib00712y8dwelmqfwis6ka 
       foreign key (category_id) 
       references categories
2026-05-17 19:23:30.222 [main] DEBUG org.hibernate.SQL - 
    alter table if exists budgets 
       add constraint FKln0tm5tgf3f9q3sp9sa5m8m7b 
       foreign key (user_id) 
       references users
2026-05-17 19:23:30.222 [main] DEBUG org.hibernate.SQL - 
    alter table if exists exchange_rates 
       add constraint FKhkch9xmcqrklukbwkv5q3jf7p 
       foreign key (from_currency_id) 
       references currencies
2026-05-17 19:23:30.223 [main] DEBUG org.hibernate.SQL - 
    alter table if exists exchange_rates 
       add constraint FK7mxjkyobm460mictds6935plq 
       foreign key (to_currency_id) 
       references currencies
2026-05-17 19:23:30.223 [main] DEBUG org.hibernate.SQL - 
    alter table if exists external_transactions 
       add constraint FKblyu19aj4gct89w9k2thkbs0w 
       foreign key (user_id) 
       references users
2026-05-17 19:23:30.223 [main] DEBUG org.hibernate.SQL - 
    alter table if exists notification_deliveries 
       add constraint FK7wuwttjtl6k3gh24n8erl562y 
       foreign key (notification_id) 
       references notifications
2026-05-17 19:23:30.224 [main] DEBUG org.hibernate.SQL - 
    alter table if exists notification_preferences 
       add constraint FKt9qjvmcl36i14utm5uptyqg84 
       foreign key (user_id) 
       references users
2026-05-17 19:23:30.224 [main] DEBUG org.hibernate.SQL - 
    alter table if exists notifications 
       add constraint FK9y21adhxn0ayjhfocscqox7bh 
       foreign key (user_id) 
       references users
2026-05-17 19:23:30.224 [main] DEBUG org.hibernate.SQL - 
    alter table if exists reconciliation_batches 
       add constraint FKqpn4xc962on3h06asnl3dl0cn 
       foreign key (user_id) 
       references users
2026-05-17 19:23:30.225 [main] DEBUG org.hibernate.SQL - 
    alter table if exists reconciliation_schedule_preferences 
       add constraint FKmna4ggwc2242yv7r4bjjomhmu 
       foreign key (user_id) 
       references users
2026-05-17 19:23:30.225 [main] DEBUG org.hibernate.SQL - 
    alter table if exists recurring_transactions 
       add constraint FKf1byxnna01ws6w75pqc652kvj 
       foreign key (category_id) 
       references categories
2026-05-17 19:23:30.225 [main] DEBUG org.hibernate.SQL - 
    alter table if exists recurring_transactions 
       add constraint FK59dmexrjod697u8j37s0nhyhd 
       foreign key (user_id) 
       references users
2026-05-17 19:23:30.226 [main] DEBUG org.hibernate.SQL - 
    alter table if exists transaction_matches 
       add constraint FKlmnynefki8v8nk505ld75lpig 
       foreign key (internal_transaction_id) 
       references transactions
2026-05-17 19:23:30.226 [main] DEBUG org.hibernate.SQL - 
    alter table if exists transaction_matches 
       add constraint FKldg3x4d01dn2wiwf3yaxyrqi6 
       foreign key (reconciliation_batch_id) 
       references reconciliation_batches
2026-05-17 19:23:30.226 [main] DEBUG org.hibernate.SQL - 
    alter table if exists transactions 
       add constraint FKsqqi7sneo04kast0o138h19mv 
       foreign key (category_id) 
       references categories
2026-05-17 19:23:30.226 [main] DEBUG org.hibernate.SQL - 
    alter table if exists transactions 
       add constraint FKqwv7rmvc8va8rep7piikrojds 
       foreign key (user_id) 
       references users
2026-05-17 19:23:30.227 [main] DEBUG org.hibernate.SQL - 
    alter table if exists user_wallets 
       add constraint FKj46a6ljs7oe7cj2rd42o001rp 
       foreign key (currency_id) 
       references currencies
2026-05-17 19:23:30.227 [main] DEBUG org.hibernate.SQL - 
    alter table if exists user_wallets 
       add constraint FK423n8ap6gdudl8fcab7ugv3qt 
       foreign key (user_id) 
       references users
2026-05-17 19:23:30.228 [main] DEBUG org.hibernate.SQL - 
    alter table if exists webhook_deliveries 
       add constraint FKmlt1l0yp2hoejx1be6qw10u5n 
       foreign key (webhook_id) 
       references webhooks
2026-05-17 19:23:30.228 [main] DEBUG org.hibernate.SQL - 
    alter table if exists webhooks 
       add constraint FKa6h59mek9bcdkqgmnt7lc06ip 
       foreign key (user_id) 
       references users
2026-05-17 19:23:30.229 [main] INFO  o.s.o.j.LocalContainerEntityManagerFactoryBean - Initialized JPA EntityManagerFactory for persistence unit 'default'
2026-05-17 19:23:30.533 [main] INFO  o.s.s.c.a.a.c.InitializeUserDetailsBeanManagerConfigurer$InitializeUserDetailsManagerConfigurer - Global AuthenticationManager configured with UserDetailsService bean with name customUserDetailsService
2026-05-17 19:23:31.363 [main] INFO  o.s.b.a.e.web.EndpointLinksResolver - Exposing 5 endpoints beneath base path '/actuator'
2026-05-17 19:23:31.448 [main] DEBUG o.s.s.web.DefaultSecurityFilterChain - Will secure any request with filters: DisableEncodeUrlFilter, WebAsyncManagerIntegrationFilter, SecurityContextHolderFilter, HeaderWriterFilter, CorsFilter, LogoutFilter, RateLimitingFilter, JwtAuthenticationFilter, AuditLogFilter, IdempotencyFilter, RequestCacheAwareFilter, SecurityContextHolderAwareRequestFilter, AnonymousAuthenticationFilter, SessionManagementFilter, ExceptionTranslationFilter, AuthorizationFilter
2026-05-17 19:23:32.134 [main] DEBUG c.f.security.JwtAuthenticationFilter - Filter 'jwtAuthenticationFilter' configured for use
2026-05-17 19:23:32.134 [main] DEBUG c.f.security.RateLimitingFilter - Filter 'rateLimitingFilter' configured for use
2026-05-17 19:23:32.134 [main] INFO  o.s.b.t.m.w.SpringBootMockServletContext - Initializing Spring TestDispatcherServlet ''
2026-05-17 19:23:32.134 [main] INFO  o.s.t.w.s.TestDispatcherServlet - Initializing Servlet ''
2026-05-17 19:23:32.135 [main] INFO  o.s.t.w.s.TestDispatcherServlet - Completed initialization in 1 ms
2026-05-17 19:23:32.201 [main] INFO  c.f.c.ProfileControllerIntegrationTest - Started ProfileControllerIntegrationTest in 2.536 seconds (process running for 17.369)
2026-05-17 19:23:32.219 [main] DEBUG o.s.security.web.FilterChainProxy - Securing POST /api/v1/auth/register
2026-05-17 19:23:32.225 [main] DEBUG o.s.s.w.a.AnonymousAuthenticationFilter - Set SecurityContextHolder to anonymous SecurityContext
2026-05-17 19:23:32.229 [main] DEBUG o.s.security.web.FilterChainProxy - Secured POST /api/v1/auth/register
2026-05-17 19:23:32.253 [main] DEBUG org.hibernate.SQL - 
    select
        u1_0.id 
    from
        users u1_0 
    where
        u1_0.email=? 
    fetch
        first ? rows only
2026-05-17 19:23:32.355 [main] DEBUG org.hibernate.SQL - 
    insert 
    into
        users
        (created_at, deletion_reason, deletion_requested_at, email, hard_delete_scheduled_at, is_deleted, last_login, name, password, role, id) 
    values
        (?, ?, ?, ?, ?, ?, ?, ?, ?, ?, default)
2026-05-17 19:23:32.398 [main] INFO  AUDIT - POST /api/v1/auth/register anonymous status=201 duration=173ms correlationId=f86f80a6-1ce9-4d84-a3fb-910982cb6858 [body=MASKED]
2026-05-17 19:23:32.400 [main] DEBUG o.s.security.web.FilterChainProxy - Securing PUT /api/v1/profile
2026-05-17 19:23:32.416 [main] DEBUG org.hibernate.SQL - 
    select
        u1_0.id,
        u1_0.created_at,
        u1_0.deletion_reason,
        u1_0.deletion_requested_at,
        u1_0.email,
        u1_0.hard_delete_scheduled_at,
        u1_0.is_deleted,
        u1_0.last_login,
        u1_0.name,
        u1_0.password,
        u1_0.role 
    from
        users u1_0 
    where
        u1_0.email=?
2026-05-17 19:23:32.419 [main] DEBUG o.s.security.web.FilterChainProxy - Secured PUT /api/v1/profile
2026-05-17 19:23:32.423 [main] DEBUG org.hibernate.SQL - 
    select
        u1_0.id,
        u1_0.created_at,
        u1_0.deletion_reason,
        u1_0.deletion_requested_at,
        u1_0.email,
        u1_0.hard_delete_scheduled_at,
        u1_0.is_deleted,
        u1_0.last_login,
        u1_0.name,
        u1_0.password,
        u1_0.role 
    from
        users u1_0 
    where
        u1_0.email=?
2026-05-17 19:23:32.424 [main] DEBUG org.hibernate.SQL - 
    select
        u1_0.id,
        u1_0.created_at,
        u1_0.deletion_reason,
        u1_0.deletion_requested_at,
        u1_0.email,
        u1_0.hard_delete_scheduled_at,
        u1_0.is_deleted,
        u1_0.last_login,
        u1_0.name,
        u1_0.password,
        u1_0.role 
    from
        users u1_0 
    where
        u1_0.id=?
2026-05-17 19:23:32.430 [main] DEBUG org.hibernate.SQL - 
    select
        u1_0.id,
        u1_0.created_at,
        u1_0.deletion_reason,
        u1_0.deletion_requested_at,
        u1_0.email,
        u1_0.hard_delete_scheduled_at,
        u1_0.is_deleted,
        u1_0.last_login,
        u1_0.name,
        u1_0.password,
        u1_0.role,
        b1_0.user_id,
        b1_0.id,
        b1_0.category_id,
        b1_0.budget_month,
        b1_0.monthly_limit,
        b1_0.budget_year 
    from
        users u1_0 
    left join
        budgets b1_0 
            on u1_0.id=b1_0.user_id 
    where
        u1_0.id=?
2026-05-17 19:23:32.431 [main] DEBUG org.hibernate.SQL - 
    select
        t1_0.user_id,
        t1_0.id,
        t1_0.amount,
        t1_0.amount_encrypted,
        t1_0.category_id,
        t1_0.created_at,
        t1_0.date,
        t1_0.description,
        t1_0.description_encrypted,
        t1_0.type 
    from
        transactions t1_0 
    where
        t1_0.user_id=?
2026-05-17 19:23:32.432 [main] DEBUG org.hibernate.SQL - 
    update
        users 
    set
        deletion_reason=?,
        deletion_requested_at=?,
        email=?,
        hard_delete_scheduled_at=?,
        is_deleted=?,
        last_login=?,
        name=?,
        password=?,
        role=? 
    where
        id=?
2026-05-17 19:23:32.435 [main] INFO  AUDIT - PUT /api/v1/profile user=profile-229****10503083@***** status=200 duration=15ms correlationId=89900a0a-8ff0-4aab-964e-995725c34bdc
2026-05-17 19:23:32.441 [main] DEBUG o.s.security.web.FilterChainProxy - Securing POST /api/v1/auth/register
2026-05-17 19:23:32.442 [main] DEBUG o.s.s.w.a.AnonymousAuthenticationFilter - Set SecurityContextHolder to anonymous SecurityContext
2026-05-17 19:23:32.442 [main] DEBUG o.s.security.web.FilterChainProxy - Secured POST /api/v1/auth/register
2026-05-17 19:23:32.443 [main] DEBUG org.hibernate.SQL - 
    select
        u1_0.id 
    from
        users u1_0 
    where
        u1_0.email=? 
    fetch
        first ? rows only
2026-05-17 19:23:32.528 [main] DEBUG org.hibernate.SQL - 
    insert 
    into
        users
        (created_at, deletion_reason, deletion_requested_at, email, hard_delete_scheduled_at, is_deleted, last_login, name, password, role, id) 
    values
        (?, ?, ?, ?, ?, ?, ?, ?, ?, ?, default)
2026-05-17 19:23:32.530 [main] INFO  AUDIT - POST /api/v1/auth/register anonymous status=201 duration=88ms correlationId=0095358e-da95-4096-9763-4f6ce1335496 [body=MASKED]
2026-05-17 19:23:32.531 [main] DEBUG o.s.security.web.FilterChainProxy - Securing PUT /api/v1/profile/password
2026-05-17 19:23:32.533 [main] DEBUG org.hibernate.SQL - 
    select
        u1_0.id,
        u1_0.created_at,
        u1_0.deletion_reason,
        u1_0.deletion_requested_at,
        u1_0.email,
        u1_0.hard_delete_scheduled_at,
        u1_0.is_deleted,
        u1_0.last_login,
        u1_0.name,
        u1_0.password,
        u1_0.role 
    from
        users u1_0 
    where
        u1_0.email=?
2026-05-17 19:23:32.533 [main] DEBUG o.s.security.web.FilterChainProxy - Secured PUT /api/v1/profile/password
2026-05-17 19:23:32.535 [main] DEBUG org.hibernate.SQL - 
    select
        u1_0.id,
        u1_0.created_at,
        u1_0.deletion_reason,
        u1_0.deletion_requested_at,
        u1_0.email,
        u1_0.hard_delete_scheduled_at,
        u1_0.is_deleted,
        u1_0.last_login,
        u1_0.name,
        u1_0.password,
        u1_0.role 
    from
        users u1_0 
    where
        u1_0.email=?
2026-05-17 19:23:32.537 [main] DEBUG org.hibernate.SQL - 
    select
        u1_0.id,
        u1_0.created_at,
        u1_0.deletion_reason,
        u1_0.deletion_requested_at,
        u1_0.email,
        u1_0.hard_delete_scheduled_at,
        u1_0.is_deleted,
        u1_0.last_login,
        u1_0.name,
        u1_0.password,
        u1_0.role 
    from
        users u1_0 
    where
        u1_0.id=?
2026-05-17 19:23:32.625 [main] INFO  AUDIT - PUT /api/v1/profile/password user=profile-229****44498875@***** status=400 duration=92ms correlationId=c76ae55c-78a4-467f-ac0f-008242e4ec4c [body=MASKED]
2026-05-17 19:23:32.630 [main] DEBUG o.s.security.web.FilterChainProxy - Securing POST /api/v1/auth/register
2026-05-17 19:23:32.630 [main] DEBUG o.s.s.w.a.AnonymousAuthenticationFilter - Set SecurityContextHolder to anonymous SecurityContext
2026-05-17 19:23:32.631 [main] DEBUG o.s.security.web.FilterChainProxy - Secured POST /api/v1/auth/register
2026-05-17 19:23:32.632 [main] DEBUG org.hibernate.SQL - 
    select
        u1_0.id 
    from
        users u1_0 
    where
        u1_0.email=? 
    fetch
        first ? rows only
2026-05-17 19:23:32.716 [main] DEBUG org.hibernate.SQL - 
    insert 
    into
        users
        (created_at, deletion_reason, deletion_requested_at, email, hard_delete_scheduled_at, is_deleted, last_login, name, password, role, id) 
    values
        (?, ?, ?, ?, ?, ?, ?, ?, ?, ?, default)
2026-05-17 19:23:32.718 [main] INFO  AUDIT - POST /api/v1/auth/register anonymous status=201 duration=88ms correlationId=b5ad6059-ce10-4049-8c13-74c2a53b64cc [body=MASKED]
2026-05-17 19:23:32.718 [main] DEBUG o.s.security.web.FilterChainProxy - Securing GET /api/v1/profile
2026-05-17 19:23:32.721 [main] DEBUG org.hibernate.SQL - 
    select
        u1_0.id,
        u1_0.created_at,
        u1_0.deletion_reason,
        u1_0.deletion_requested_at,
        u1_0.email,
        u1_0.hard_delete_scheduled_at,
        u1_0.is_deleted,
        u1_0.last_login,
        u1_0.name,
        u1_0.password,
        u1_0.role 
    from
        users u1_0 
    where
        u1_0.email=?
2026-05-17 19:23:32.722 [main] DEBUG o.s.security.web.FilterChainProxy - Secured GET /api/v1/profile
2026-05-17 19:23:32.722 [main] DEBUG org.hibernate.SQL - 
    select
        u1_0.id,
        u1_0.created_at,
        u1_0.deletion_reason,
        u1_0.deletion_requested_at,
        u1_0.email,
        u1_0.hard_delete_scheduled_at,
        u1_0.is_deleted,
        u1_0.last_login,
        u1_0.name,
        u1_0.password,
        u1_0.role 
    from
        users u1_0 
    where
        u1_0.email=?
2026-05-17 19:23:32.723 [main] DEBUG org.hibernate.SQL - 
    select
        u1_0.id,
        u1_0.created_at,
        u1_0.deletion_reason,
        u1_0.deletion_requested_at,
        u1_0.email,
        u1_0.hard_delete_scheduled_at,
        u1_0.is_deleted,
        u1_0.last_login,
        u1_0.name,
        u1_0.password,
        u1_0.role 
    from
        users u1_0 
    where
        u1_0.id=?
2026-05-17 19:23:32.724 [main] INFO  AUDIT - GET /api/v1/profile user=profile-229****33278416@***** status=200 duration=2ms correlationId=d044e391-d77b-47fb-9f2a-ab971ef5148b
2026-05-17 19:23:32.729 [main] DEBUG o.s.security.web.FilterChainProxy - Securing POST /api/v1/auth/register
2026-05-17 19:23:32.729 [main] DEBUG o.s.s.w.a.AnonymousAuthenticationFilter - Set SecurityContextHolder to anonymous SecurityContext
2026-05-17 19:23:32.730 [main] DEBUG o.s.security.web.FilterChainProxy - Secured POST /api/v1/auth/register
2026-05-17 19:23:32.731 [main] DEBUG org.hibernate.SQL - 
    select
        u1_0.id 
    from
        users u1_0 
    where
        u1_0.email=? 
    fetch
        first ? rows only
2026-05-17 19:23:32.815 [main] DEBUG org.hibernate.SQL - 
    insert 
    into
        users
        (created_at, deletion_reason, deletion_requested_at, email, hard_delete_scheduled_at, is_deleted, last_login, name, password, role, id) 
    values
        (?, ?, ?, ?, ?, ?, ?, ?, ?, ?, default)
2026-05-17 19:23:32.816 [main] INFO  AUDIT - POST /api/v1/auth/register anonymous status=201 duration=87ms correlationId=9442f535-4a95-4044-b35d-bc2da26e73ac [body=MASKED]
2026-05-17 19:23:32.817 [main] DEBUG o.s.security.web.FilterChainProxy - Securing GET /api/v1/profile
2026-05-17 19:23:32.818 [main] DEBUG o.s.s.w.a.AnonymousAuthenticationFilter - Set SecurityContextHolder to anonymous SecurityContext
2026-05-17 19:23:32.831 [main] INFO  AUDIT - GET /api/v1/profile anonymous status=401 duration=14ms correlationId=eb94aa52-4dcf-4138-aa9f-6884d71d4e17
2026-05-17 19:23:32.836 [main] DEBUG o.s.security.web.FilterChainProxy - Securing POST /api/v1/auth/register
2026-05-17 19:23:32.837 [main] DEBUG o.s.s.w.a.AnonymousAuthenticationFilter - Set SecurityContextHolder to anonymous SecurityContext
2026-05-17 19:23:32.837 [main] DEBUG o.s.security.web.FilterChainProxy - Secured POST /api/v1/auth/register
2026-05-17 19:23:32.839 [main] DEBUG org.hibernate.SQL - 
    select
        u1_0.id 
    from
        users u1_0 
    where
        u1_0.email=? 
    fetch
        first ? rows only
2026-05-17 19:23:32.923 [main] DEBUG org.hibernate.SQL - 
    insert 
    into
        users
        (created_at, deletion_reason, deletion_requested_at, email, hard_delete_scheduled_at, is_deleted, last_login, name, password, role, id) 
    values
        (?, ?, ?, ?, ?, ?, ?, ?, ?, ?, default)
2026-05-17 19:23:32.925 [main] INFO  AUDIT - POST /api/v1/auth/register anonymous status=201 duration=87ms correlationId=bbdba641-41f7-42f5-a60f-2458dc48fce0 [body=MASKED]
2026-05-17 19:23:32.925 [main] DEBUG o.s.security.web.FilterChainProxy - Securing PUT /api/v1/profile/password
2026-05-17 19:23:32.927 [main] DEBUG org.hibernate.SQL - 
    select
        u1_0.id,
        u1_0.created_at,
        u1_0.deletion_reason,
        u1_0.deletion_requested_at,
        u1_0.email,
        u1_0.hard_delete_scheduled_at,
        u1_0.is_deleted,
        u1_0.last_login,
        u1_0.name,
        u1_0.password,
        u1_0.role 
    from
        users u1_0 
    where
        u1_0.email=?
2026-05-17 19:23:32.928 [main] DEBUG o.s.security.web.FilterChainProxy - Secured PUT /api/v1/profile/password
2026-05-17 19:23:32.933 [main] INFO  AUDIT - PUT /api/v1/profile/password user=profile-229****39175458@***** status=400 duration=6ms correlationId=8cb8d3d9-920f-4e1e-a0a8-6b2aaef0a705 [body=MASKED]
2026-05-17 19:23:32.939 [main] DEBUG o.s.security.web.FilterChainProxy - Securing POST /api/v1/auth/register
2026-05-17 19:23:32.940 [main] DEBUG o.s.s.w.a.AnonymousAuthenticationFilter - Set SecurityContextHolder to anonymous SecurityContext
2026-05-17 19:23:32.940 [main] DEBUG o.s.security.web.FilterChainProxy - Secured POST /api/v1/auth/register
2026-05-17 19:23:32.941 [main] DEBUG org.hibernate.SQL - 
    select
        u1_0.id 
    from
        users u1_0 
    where
        u1_0.email=? 
    fetch
        first ? rows only
2026-05-17 19:23:33.025 [main] DEBUG org.hibernate.SQL - 
    insert 
    into
        users
        (created_at, deletion_reason, deletion_requested_at, email, hard_delete_scheduled_at, is_deleted, last_login, name, password, role, id) 
    values
        (?, ?, ?, ?, ?, ?, ?, ?, ?, ?, default)
2026-05-17 19:23:33.026 [main] INFO  AUDIT - POST /api/v1/auth/register anonymous status=201 duration=86ms correlationId=717f9cb2-f058-481a-939a-4e493359b50c [body=MASKED]
2026-05-17 19:23:33.027 [main] DEBUG o.s.security.web.FilterChainProxy - Securing PUT /api/v1/profile/password
2026-05-17 19:23:33.029 [main] DEBUG org.hibernate.SQL - 
    select
        u1_0.id,
        u1_0.created_at,
        u1_0.deletion_reason,
        u1_0.deletion_requested_at,
        u1_0.email,
        u1_0.hard_delete_scheduled_at,
        u1_0.is_deleted,
        u1_0.last_login,
        u1_0.name,
        u1_0.password,
        u1_0.role 
    from
        users u1_0 
    where
        u1_0.email=?
2026-05-17 19:23:33.029 [main] DEBUG o.s.security.web.FilterChainProxy - Secured PUT /api/v1/profile/password
2026-05-17 19:23:33.030 [main] DEBUG org.hibernate.SQL - 
    select
        u1_0.id,
        u1_0.created_at,
        u1_0.deletion_reason,
        u1_0.deletion_requested_at,
        u1_0.email,
        u1_0.hard_delete_scheduled_at,
        u1_0.is_deleted,
        u1_0.last_login,
        u1_0.name,
        u1_0.password,
        u1_0.role 
    from
        users u1_0 
    where
        u1_0.email=?
2026-05-17 19:23:33.031 [main] DEBUG org.hibernate.SQL - 
    select
        u1_0.id,
        u1_0.created_at,
        u1_0.deletion_reason,
        u1_0.deletion_requested_at,
        u1_0.email,
        u1_0.hard_delete_scheduled_at,
        u1_0.is_deleted,
        u1_0.last_login,
        u1_0.name,
        u1_0.password,
        u1_0.role 
    from
        users u1_0 
    where
        u1_0.id=?
2026-05-17 19:23:33.199 [main] DEBUG org.hibernate.SQL - 
    select
        u1_0.id,
        u1_0.created_at,
        u1_0.deletion_reason,
        u1_0.deletion_requested_at,
        u1_0.email,
        u1_0.hard_delete_scheduled_at,
        u1_0.is_deleted,
        u1_0.last_login,
        u1_0.name,
        u1_0.password,
        u1_0.role,
        b1_0.user_id,
        b1_0.id,
        b1_0.category_id,
        b1_0.budget_month,
        b1_0.monthly_limit,
        b1_0.budget_year 
    from
        users u1_0 
    left join
        budgets b1_0 
            on u1_0.id=b1_0.user_id 
    where
        u1_0.id=?
2026-05-17 19:23:33.199 [main] DEBUG org.hibernate.SQL - 
    select
        t1_0.user_id,
        t1_0.id,
        t1_0.amount,
        t1_0.amount_encrypted,
        t1_0.category_id,
        t1_0.created_at,
        t1_0.date,
        t1_0.description,
        t1_0.description_encrypted,
        t1_0.type 
    from
        transactions t1_0 
    where
        t1_0.user_id=?
2026-05-17 19:23:33.200 [main] DEBUG org.hibernate.SQL - 
    update
        users 
    set
        deletion_reason=?,
        deletion_requested_at=?,
        email=?,
        hard_delete_scheduled_at=?,
        is_deleted=?,
        last_login=?,
        name=?,
        password=?,
        role=? 
    where
        id=?
2026-05-17 19:23:33.201 [main] INFO  AUDIT - PUT /api/v1/profile/password user=profile-229****42479041@***** status=204 duration=172ms correlationId=d5f53e4c-95fc-41d9-95dd-9fad967e9ecc [body=MASKED]
[INFO] Tests run: 6, Failures: 0, Errors: 0, Skipped: 0, Time elapsed: 3.543 s -- in com.finsight.controller.ProfileControllerIntegrationTest
[INFO] Running com.finsight.controller.AuthControllerIntegrationTest
2026-05-17 19:23:33.207 [main] INFO  o.s.t.c.s.AnnotationConfigContextLoaderUtils - Could not detect default configuration classes for test class [com.finsight.controller.AuthControllerIntegrationTest]: AuthControllerIntegrationTest does not declare any static, non-private, non-final, nested classes annotated with @Configuration.
2026-05-17 19:23:33.208 [main] INFO  o.s.b.t.c.SpringBootTestContextBootstrapper - Found @SpringBootConfiguration com.finsight.FinSightApplication for test class com.finsight.controller.AuthControllerIntegrationTest
2026-05-17 19:23:33.213 [main] DEBUG o.s.security.web.FilterChainProxy - Securing POST /api/v1/auth/register
2026-05-17 19:23:33.214 [main] DEBUG o.s.s.w.a.AnonymousAuthenticationFilter - Set SecurityContextHolder to anonymous SecurityContext
2026-05-17 19:23:33.214 [main] DEBUG o.s.security.web.FilterChainProxy - Secured POST /api/v1/auth/register
2026-05-17 19:23:33.216 [main] INFO  AUDIT - POST /api/v1/auth/register anonymous status=400 duration=3ms correlationId=a1b1b7e0-cae6-40d8-b1b3-5ca6fe6f9b9d [body=MASKED]
2026-05-17 19:23:33.223 [main] DEBUG o.s.security.web.FilterChainProxy - Securing POST /api/v1/transactions
2026-05-17 19:23:33.223 [main] DEBUG o.s.s.w.a.AnonymousAuthenticationFilter - Set SecurityContextHolder to anonymous SecurityContext
2026-05-17 19:23:33.226 [main] INFO  AUDIT - POST /api/v1/transactions anonymous status=401 duration=3ms correlationId=13cb2d05-3682-42be-a5e2-578b3e1dd9c1
2026-05-17 19:23:33.231 [main] DEBUG o.s.security.web.FilterChainProxy - Securing POST /api/v1/auth/register
2026-05-17 19:23:33.231 [main] DEBUG o.s.s.w.a.AnonymousAuthenticationFilter - Set SecurityContextHolder to anonymous SecurityContext
2026-05-17 19:23:33.232 [main] DEBUG o.s.security.web.FilterChainProxy - Secured POST /api/v1/auth/register
2026-05-17 19:23:33.233 [main] DEBUG org.hibernate.SQL - 
    select
        u1_0.id 
    from
        users u1_0 
    where
        u1_0.email=? 
    fetch
        first ? rows only
2026-05-17 19:23:33.314 [main] DEBUG org.hibernate.SQL - 
    insert 
    into
        users
        (created_at, deletion_reason, deletion_requested_at, email, hard_delete_scheduled_at, is_deleted, last_login, name, password, role, id) 
    values
        (?, ?, ?, ?, ?, ?, ?, ?, ?, ?, default)
2026-05-17 19:23:33.316 [main] INFO  AUDIT - POST /api/v1/auth/register anonymous status=201 duration=85ms correlationId=2e06e96d-2f28-4705-a516-2f63f8bd7137 [body=MASKED]
2026-05-17 19:23:33.317 [main] DEBUG o.s.security.web.FilterChainProxy - Securing POST /api/v1/auth/login
2026-05-17 19:23:33.318 [main] DEBUG o.s.s.w.a.AnonymousAuthenticationFilter - Set SecurityContextHolder to anonymous SecurityContext
2026-05-17 19:23:33.318 [main] DEBUG o.s.security.web.FilterChainProxy - Secured POST /api/v1/auth/login
2026-05-17 19:23:33.401 [main] DEBUG org.hibernate.SQL - 
    select
        u1_0.id,
        u1_0.created_at,
        u1_0.deletion_reason,
        u1_0.deletion_requested_at,
        u1_0.email,
        u1_0.hard_delete_scheduled_at,
        u1_0.is_deleted,
        u1_0.last_login,
        u1_0.name,
        u1_0.password,
        u1_0.role 
    from
        users u1_0 
    where
        u1_0.email=?
2026-05-17 19:23:33.481 [main] DEBUG o.s.s.a.d.DaoAuthenticationProvider - Authenticated user
2026-05-17 19:23:33.483 [main] DEBUG org.hibernate.SQL - 
    select
        u1_0.id,
        u1_0.created_at,
        u1_0.deletion_reason,
        u1_0.deletion_requested_at,
        u1_0.email,
        u1_0.hard_delete_scheduled_at,
        u1_0.is_deleted,
        u1_0.last_login,
        u1_0.name,
        u1_0.password,
        u1_0.role 
    from
        users u1_0 
    where
        u1_0.email=?
2026-05-17 19:23:33.485 [main] INFO  AUDIT - POST /api/v1/auth/login anonymous status=200 duration=168ms correlationId=553c6370-587f-441e-87b1-26a5d336f80c [body=MASKED]
2026-05-17 19:23:33.492 [main] DEBUG o.s.security.web.FilterChainProxy - Securing POST /api/v1/auth/register
2026-05-17 19:23:33.492 [main] DEBUG o.s.s.w.a.AnonymousAuthenticationFilter - Set SecurityContextHolder to anonymous SecurityContext
2026-05-17 19:23:33.492 [main] DEBUG o.s.security.web.FilterChainProxy - Secured POST /api/v1/auth/register
2026-05-17 19:23:33.493 [main] DEBUG org.hibernate.SQL - 
    select
        u1_0.id 
    from
        users u1_0 
    where
        u1_0.email=? 
    fetch
        first ? rows only
2026-05-17 19:23:33.574 [main] DEBUG org.hibernate.SQL - 
    insert 
    into
        users
        (created_at, deletion_reason, deletion_requested_at, email, hard_delete_scheduled_at, is_deleted, last_login, name, password, role, id) 
    values
        (?, ?, ?, ?, ?, ?, ?, ?, ?, ?, default)
2026-05-17 19:23:33.575 [main] INFO  AUDIT - POST /api/v1/auth/register anonymous status=201 duration=83ms correlationId=c6dbc922-038e-43cd-bcf7-65d3a4494301 [body=MASKED]
2026-05-17 19:23:33.581 [main] DEBUG o.s.security.web.FilterChainProxy - Securing POST /api/v1/auth/register
2026-05-17 19:23:33.581 [main] DEBUG o.s.s.w.a.AnonymousAuthenticationFilter - Set SecurityContextHolder to anonymous SecurityContext
2026-05-17 19:23:33.581 [main] DEBUG o.s.security.web.FilterChainProxy - Secured POST /api/v1/auth/register
2026-05-17 19:23:33.582 [main] DEBUG org.hibernate.SQL - 
    select
        u1_0.id 
    from
        users u1_0 
    where
        u1_0.email=? 
    fetch
        first ? rows only
2026-05-17 19:23:33.674 [main] DEBUG org.hibernate.SQL - 
    insert 
    into
        users
        (created_at, deletion_reason, deletion_requested_at, email, hard_delete_scheduled_at, is_deleted, last_login, name, password, role, id) 
    values
        (?, ?, ?, ?, ?, ?, ?, ?, ?, ?, default)
2026-05-17 19:23:33.679 [main] INFO  AUDIT - POST /api/v1/auth/register anonymous status=201 duration=97ms correlationId=3bc1a180-6bd7-4c67-8b23-eb300b39035c [body=MASKED]
2026-05-17 19:23:33.681 [main] DEBUG o.s.security.web.FilterChainProxy - Securing POST /api/v1/auth/register
2026-05-17 19:23:33.682 [main] DEBUG o.s.s.w.a.AnonymousAuthenticationFilter - Set SecurityContextHolder to anonymous SecurityContext
2026-05-17 19:23:33.682 [main] DEBUG o.s.security.web.FilterChainProxy - Secured POST /api/v1/auth/register
2026-05-17 19:23:33.687 [main] DEBUG org.hibernate.SQL - 
    select
        u1_0.id 
    from
        users u1_0 
    where
        u1_0.email=? 
    fetch
        first ? rows only
2026-05-17 19:23:33.690 [main] INFO  AUDIT - POST /api/v1/auth/register anonymous status=400 duration=9ms correlationId=59c64670-b708-45c9-a150-3f68c4add325 [body=MASKED]
2026-05-17 19:23:33.705 [main] DEBUG o.s.security.web.FilterChainProxy - Securing POST /api/v1/auth/register
2026-05-17 19:23:33.706 [main] DEBUG o.s.s.w.a.AnonymousAuthenticationFilter - Set SecurityContextHolder to anonymous SecurityContext
2026-05-17 19:23:33.708 [main] DEBUG o.s.security.web.FilterChainProxy - Secured POST /api/v1/auth/register
2026-05-17 19:23:33.712 [main] INFO  AUDIT - POST /api/v1/auth/register anonymous status=400 duration=6ms correlationId=5f6ffc6a-158e-4e5b-9295-1c498bf868b1 [body=MASKED]
2026-05-17 19:23:33.726 [main] DEBUG o.s.security.web.FilterChainProxy - Securing POST /api/v1/auth/register
2026-05-17 19:23:33.726 [main] DEBUG o.s.s.w.a.AnonymousAuthenticationFilter - Set SecurityContextHolder to anonymous SecurityContext
2026-05-17 19:23:33.726 [main] DEBUG o.s.security.web.FilterChainProxy - Secured POST /api/v1/auth/register
2026-05-17 19:23:33.728 [main] DEBUG org.hibernate.SQL - 
    select
        u1_0.id 
    from
        users u1_0 
    where
        u1_0.email=? 
    fetch
        first ? rows only
2026-05-17 19:23:33.811 [main] DEBUG org.hibernate.SQL - 
    insert 
    into
        users
        (created_at, deletion_reason, deletion_requested_at, email, hard_delete_scheduled_at, is_deleted, last_login, name, password, role, id) 
    values
        (?, ?, ?, ?, ?, ?, ?, ?, ?, ?, default)
2026-05-17 19:23:33.813 [main] INFO  AUDIT - POST /api/v1/auth/register anonymous status=201 duration=87ms correlationId=3d720099-8a7e-4bed-be3e-be6f159aa861 [body=MASKED]
2026-05-17 19:23:33.814 [main] DEBUG o.s.security.web.FilterChainProxy - Securing POST /api/v1/auth/login
2026-05-17 19:23:33.814 [main] DEBUG o.s.s.w.a.AnonymousAuthenticationFilter - Set SecurityContextHolder to anonymous SecurityContext
2026-05-17 19:23:33.814 [main] DEBUG o.s.security.web.FilterChainProxy - Secured POST /api/v1/auth/login
2026-05-17 19:23:33.815 [main] DEBUG org.hibernate.SQL - 
    select
        u1_0.id,
        u1_0.created_at,
        u1_0.deletion_reason,
        u1_0.deletion_requested_at,
        u1_0.email,
        u1_0.hard_delete_scheduled_at,
        u1_0.is_deleted,
        u1_0.last_login,
        u1_0.name,
        u1_0.password,
        u1_0.role 
    from
        users u1_0 
    where
        u1_0.email=?
2026-05-17 19:23:33.897 [main] DEBUG o.s.s.a.d.DaoAuthenticationProvider - Failed to authenticate since password does not match stored value
2026-05-17 19:23:33.897 [main] DEBUG o.s.s.authentication.ProviderManager - Authentication failed with provider DaoAuthenticationProvider since Bad credentials
2026-05-17 19:23:33.898 [main] INFO  AUDIT - POST /api/v1/auth/login anonymous status=401 duration=84ms correlationId=5a85c5be-a996-452c-b1ad-b8439b8897d2 [body=MASKED]
[INFO] Tests run: 7, Failures: 0, Errors: 0, Skipped: 0, Time elapsed: 0.695 s -- in com.finsight.controller.AuthControllerIntegrationTest
[INFO] Running com.finsight.controller.NotificationIntegrationTest
2026-05-17 19:23:33.904 [main] INFO  o.s.t.c.s.AnnotationConfigContextLoaderUtils - Could not detect default configuration classes for test class [com.finsight.controller.NotificationIntegrationTest]: NotificationIntegrationTest does not declare any static, non-private, non-final, nested classes annotated with @Configuration.
2026-05-17 19:23:33.907 [main] INFO  o.s.b.t.c.SpringBootTestContextBootstrapper - Found @SpringBootConfiguration com.finsight.FinSightApplication for test class com.finsight.controller.NotificationIntegrationTest
2026-05-17 19:23:33.913 [main] DEBUG org.hibernate.SQL - 
    select
        w1_0.id,
        w1_0.active,
        w1_0.created_at,
        w1_0.event_types,
        w1_0.retry_count,
        w1_0.secret,
        w1_0.updated_at,
        w1_0.url,
        w1_0.user_id 
    from
        webhooks w1_0
2026-05-17 19:23:33.914 [main] DEBUG org.hibernate.SQL - 
    select
        n1_0.id,
        n1_0.created_at,
        n1_0.message,
        n1_0.metadata,
        n1_0.read,
        n1_0.read_at,
        n1_0.title,
        n1_0.type,
        n1_0.user_id 
    from
        notifications n1_0
2026-05-17 19:23:33.915 [main] DEBUG org.hibernate.SQL - 
    select
        uw1_0.id,
        uw1_0.balance,
        uw1_0.created_at,
        uw1_0.currency_id,
        uw1_0.primary_wallet,
        uw1_0.updated_at,
        uw1_0.user_id,
        uw1_0.wallet_name 
    from
        user_wallets uw1_0
2026-05-17 19:23:33.916 [main] DEBUG org.hibernate.SQL - 
    select
        u1_0.id,
        u1_0.created_at,
        u1_0.deletion_reason,
        u1_0.deletion_requested_at,
        u1_0.email,
        u1_0.hard_delete_scheduled_at,
        u1_0.is_deleted,
        u1_0.last_login,
        u1_0.name,
        u1_0.password,
        u1_0.role 
    from
        users u1_0
2026-05-17 19:23:33.917 [main] DEBUG org.hibernate.SQL - 
    select
        b1_0.user_id,
        b1_0.id,
        b1_0.category_id,
        b1_0.budget_month,
        b1_0.monthly_limit,
        b1_0.budget_year 
    from
        budgets b1_0 
    where
        b1_0.user_id=?
2026-05-17 19:23:33.917 [main] DEBUG org.hibernate.SQL - 
    select
        t1_0.user_id,
        t1_0.id,
        t1_0.amount,
        t1_0.amount_encrypted,
        t1_0.category_id,
        t1_0.created_at,
        t1_0.date,
        t1_0.description,
        t1_0.description_encrypted,
        t1_0.type 
    from
        transactions t1_0 
    where
        t1_0.user_id=?
2026-05-17 19:23:33.918 [main] DEBUG org.hibernate.SQL - 
    select
        b1_0.user_id,
        b1_0.id,
        b1_0.category_id,
        b1_0.budget_month,
        b1_0.monthly_limit,
        b1_0.budget_year 
    from
        budgets b1_0 
    where
        b1_0.user_id=?
2026-05-17 19:23:33.918 [main] DEBUG org.hibernate.SQL - 
    select
        t1_0.user_id,
        t1_0.id,
        t1_0.amount,
        t1_0.amount_encrypted,
        t1_0.category_id,
        t1_0.created_at,
        t1_0.date,
        t1_0.description,
        t1_0.description_encrypted,
        t1_0.type 
    from
        transactions t1_0 
    where
        t1_0.user_id=?
2026-05-17 19:23:33.918 [main] DEBUG org.hibernate.SQL - 
    select
        b1_0.user_id,
        b1_0.id,
        b1_0.category_id,
        b1_0.budget_month,
        b1_0.monthly_limit,
        b1_0.budget_year 
    from
        budgets b1_0 
    where
        b1_0.user_id=?
2026-05-17 19:23:33.918 [main] DEBUG org.hibernate.SQL - 
    select
        t1_0.user_id,
        t1_0.id,
        t1_0.amount,
        t1_0.amount_encrypted,
        t1_0.category_id,
        t1_0.created_at,
        t1_0.date,
        t1_0.description,
        t1_0.description_encrypted,
        t1_0.type 
    from
        transactions t1_0 
    where
        t1_0.user_id=?
2026-05-17 19:23:33.918 [main] DEBUG org.hibernate.SQL - 
    select
        b1_0.user_id,
        b1_0.id,
        b1_0.category_id,
        b1_0.budget_month,
        b1_0.monthly_limit,
        b1_0.budget_year 
    from
        budgets b1_0 
    where
        b1_0.user_id=?
2026-05-17 19:23:33.918 [main] DEBUG org.hibernate.SQL - 
    select
        t1_0.user_id,
        t1_0.id,
        t1_0.amount,
        t1_0.amount_encrypted,
        t1_0.category_id,
        t1_0.created_at,
        t1_0.date,
        t1_0.description,
        t1_0.description_encrypted,
        t1_0.type 
    from
        transactions t1_0 
    where
        t1_0.user_id=?
2026-05-17 19:23:33.918 [main] DEBUG org.hibernate.SQL - 
    select
        b1_0.user_id,
        b1_0.id,
        b1_0.category_id,
        b1_0.budget_month,
        b1_0.monthly_limit,
        b1_0.budget_year 
    from
        budgets b1_0 
    where
        b1_0.user_id=?
2026-05-17 19:23:33.918 [main] DEBUG org.hibernate.SQL - 
    select
        t1_0.user_id,
        t1_0.id,
        t1_0.amount,
        t1_0.amount_encrypted,
        t1_0.category_id,
        t1_0.created_at,
        t1_0.date,
        t1_0.description,
        t1_0.description_encrypted,
        t1_0.type 
    from
        transactions t1_0 
    where
        t1_0.user_id=?
2026-05-17 19:23:33.918 [main] DEBUG org.hibernate.SQL - 
    select
        b1_0.user_id,
        b1_0.id,
        b1_0.category_id,
        b1_0.budget_month,
        b1_0.monthly_limit,
        b1_0.budget_year 
    from
        budgets b1_0 
    where
        b1_0.user_id=?
2026-05-17 19:23:33.919 [main] DEBUG org.hibernate.SQL - 
    select
        t1_0.user_id,
        t1_0.id,
        t1_0.amount,
        t1_0.amount_encrypted,
        t1_0.category_id,
        t1_0.created_at,
        t1_0.date,
        t1_0.description,
        t1_0.description_encrypted,
        t1_0.type 
    from
        transactions t1_0 
    where
        t1_0.user_id=?
2026-05-17 19:23:33.919 [main] DEBUG org.hibernate.SQL - 
    select
        b1_0.user_id,
        b1_0.id,
        b1_0.category_id,
        b1_0.budget_month,
        b1_0.monthly_limit,
        b1_0.budget_year 
    from
        budgets b1_0 
    where
        b1_0.user_id=?
2026-05-17 19:23:33.920 [main] DEBUG org.hibernate.SQL - 
    select
        t1_0.user_id,
        t1_0.id,
        t1_0.amount,
        t1_0.amount_encrypted,
        t1_0.category_id,
        t1_0.created_at,
        t1_0.date,
        t1_0.description,
        t1_0.description_encrypted,
        t1_0.type 
    from
        transactions t1_0 
    where
        t1_0.user_id=?
2026-05-17 19:23:33.921 [main] DEBUG org.hibernate.SQL - 
    select
        b1_0.user_id,
        b1_0.id,
        b1_0.category_id,
        b1_0.budget_month,
        b1_0.monthly_limit,
        b1_0.budget_year 
    from
        budgets b1_0 
    where
        b1_0.user_id=?
2026-05-17 19:23:33.921 [main] DEBUG org.hibernate.SQL - 
    select
        t1_0.user_id,
        t1_0.id,
        t1_0.amount,
        t1_0.amount_encrypted,
        t1_0.category_id,
        t1_0.created_at,
        t1_0.date,
        t1_0.description,
        t1_0.description_encrypted,
        t1_0.type 
    from
        transactions t1_0 
    where
        t1_0.user_id=?
2026-05-17 19:23:33.921 [main] DEBUG org.hibernate.SQL - 
    select
        b1_0.user_id,
        b1_0.id,
        b1_0.category_id,
        b1_0.budget_month,
        b1_0.monthly_limit,
        b1_0.budget_year 
    from
        budgets b1_0 
    where
        b1_0.user_id=?
2026-05-17 19:23:33.921 [main] DEBUG org.hibernate.SQL - 
    select
        t1_0.user_id,
        t1_0.id,
        t1_0.amount,
        t1_0.amount_encrypted,
        t1_0.category_id,
        t1_0.created_at,
        t1_0.date,
        t1_0.description,
        t1_0.description_encrypted,
        t1_0.type 
    from
        transactions t1_0 
    where
        t1_0.user_id=?
2026-05-17 19:23:33.921 [main] DEBUG org.hibernate.SQL - 
    select
        b1_0.user_id,
        b1_0.id,
        b1_0.category_id,
        b1_0.budget_month,
        b1_0.monthly_limit,
        b1_0.budget_year 
    from
        budgets b1_0 
    where
        b1_0.user_id=?
2026-05-17 19:23:33.921 [main] DEBUG org.hibernate.SQL - 
    select
        t1_0.user_id,
        t1_0.id,
        t1_0.amount,
        t1_0.amount_encrypted,
        t1_0.category_id,
        t1_0.created_at,
        t1_0.date,
        t1_0.description,
        t1_0.description_encrypted,
        t1_0.type 
    from
        transactions t1_0 
    where
        t1_0.user_id=?
2026-05-17 19:23:33.922 [main] DEBUG org.hibernate.SQL - 
    delete 
    from
        users 
    where
        id=?
2026-05-17 19:23:33.922 [main] DEBUG org.hibernate.SQL - 
    delete 
    from
        users 
    where
        id=?
2026-05-17 19:23:33.922 [main] DEBUG org.hibernate.SQL - 
    delete 
    from
        users 
    where
        id=?
2026-05-17 19:23:33.922 [main] DEBUG org.hibernate.SQL - 
    delete 
    from
        users 
    where
        id=?
2026-05-17 19:23:33.922 [main] DEBUG org.hibernate.SQL - 
    delete 
    from
        users 
    where
        id=?
2026-05-17 19:23:33.922 [main] DEBUG org.hibernate.SQL - 
    delete 
    from
        users 
    where
        id=?
2026-05-17 19:23:33.922 [main] DEBUG org.hibernate.SQL - 
    delete 
    from
        users 
    where
        id=?
2026-05-17 19:23:33.922 [main] DEBUG org.hibernate.SQL - 
    delete 
    from
        users 
    where
        id=?
2026-05-17 19:23:33.922 [main] DEBUG org.hibernate.SQL - 
    delete 
    from
        users 
    where
        id=?
2026-05-17 19:23:33.923 [main] DEBUG org.hibernate.SQL - 
    delete 
    from
        users 
    where
        id=?
2026-05-17 19:23:33.923 [main] DEBUG org.hibernate.SQL - 
    insert 
    into
        users
        (created_at, deletion_reason, deletion_requested_at, email, hard_delete_scheduled_at, is_deleted, last_login, name, password, role, id) 
    values
        (?, ?, ?, ?, ?, ?, ?, ?, ?, ?, default)
2026-05-17 19:23:33.925 [main] DEBUG org.hibernate.SQL - 
    insert 
    into
        notifications
        (created_at, message, metadata, read, read_at, title, type, user_id, id) 
    values
        (?, ?, ?, ?, ?, ?, ?, ?, default)
2026-05-17 19:23:33.927 [main] DEBUG org.hibernate.SQL - 
    select
        n1_0.id,
        n1_0.created_at,
        n1_0.message,
        n1_0.metadata,
        n1_0.read,
        n1_0.read_at,
        n1_0.title,
        n1_0.type,
        n1_0.user_id 
    from
        notifications n1_0 
    where
        n1_0.id=?
2026-05-17 19:23:33.928 [main] DEBUG org.hibernate.SQL - 
    update
        notifications 
    set
        message=?,
        metadata=?,
        read=?,
        read_at=?,
        title=?,
        type=?,
        user_id=? 
    where
        id=?
2026-05-17 19:23:33.931 [main] DEBUG org.hibernate.SQL - 
    select
        n1_0.id,
        n1_0.created_at,
        n1_0.message,
        n1_0.metadata,
        n1_0.read,
        n1_0.read_at,
        n1_0.title,
        n1_0.type,
        n1_0.user_id 
    from
        notifications n1_0 
    where
        n1_0.id=?
2026-05-17 19:23:33.937 [main] DEBUG org.hibernate.SQL - 
    select
        w1_0.id,
        w1_0.active,
        w1_0.created_at,
        w1_0.event_types,
        w1_0.retry_count,
        w1_0.secret,
        w1_0.updated_at,
        w1_0.url,
        w1_0.user_id 
    from
        webhooks w1_0
2026-05-17 19:23:33.939 [main] DEBUG org.hibernate.SQL - 
    select
        n1_0.id,
        n1_0.created_at,
        n1_0.message,
        n1_0.metadata,
        n1_0.read,
        n1_0.read_at,
        n1_0.title,
        n1_0.type,
        n1_0.user_id 
    from
        notifications n1_0
2026-05-17 19:23:33.939 [main] DEBUG org.hibernate.SQL - 
    delete 
    from
        notifications 
    where
        id=?
2026-05-17 19:23:33.940 [main] DEBUG org.hibernate.SQL - 
    select
        uw1_0.id,
        uw1_0.balance,
        uw1_0.created_at,
        uw1_0.currency_id,
        uw1_0.primary_wallet,
        uw1_0.updated_at,
        uw1_0.user_id,
        uw1_0.wallet_name 
    from
        user_wallets uw1_0
2026-05-17 19:23:33.941 [main] DEBUG org.hibernate.SQL - 
    select
        u1_0.id,
        u1_0.created_at,
        u1_0.deletion_reason,
        u1_0.deletion_requested_at,
        u1_0.email,
        u1_0.hard_delete_scheduled_at,
        u1_0.is_deleted,
        u1_0.last_login,
        u1_0.name,
        u1_0.password,
        u1_0.role 
    from
        users u1_0
2026-05-17 19:23:33.941 [main] DEBUG org.hibernate.SQL - 
    select
        b1_0.user_id,
        b1_0.id,
        b1_0.category_id,
        b1_0.budget_month,
        b1_0.monthly_limit,
        b1_0.budget_year 
    from
        budgets b1_0 
    where
        b1_0.user_id=?
2026-05-17 19:23:33.942 [main] DEBUG org.hibernate.SQL - 
    select
        t1_0.user_id,
        t1_0.id,
        t1_0.amount,
        t1_0.amount_encrypted,
        t1_0.category_id,
        t1_0.created_at,
        t1_0.date,
        t1_0.description,
        t1_0.description_encrypted,
        t1_0.type 
    from
        transactions t1_0 
    where
        t1_0.user_id=?
2026-05-17 19:23:33.942 [main] DEBUG org.hibernate.SQL - 
    delete 
    from
        users 
    where
        id=?
2026-05-17 19:23:33.943 [main] DEBUG org.hibernate.SQL - 
    insert 
    into
        users
        (created_at, deletion_reason, deletion_requested_at, email, hard_delete_scheduled_at, is_deleted, last_login, name, password, role, id) 
    values
        (?, ?, ?, ?, ?, ?, ?, ?, ?, ?, default)
2026-05-17 19:23:33.949 [main] DEBUG org.hibernate.SQL - 
    select
        n1_0.id,
        n1_0.created_at,
        n1_0.message,
        n1_0.metadata,
        n1_0.read,
        n1_0.read_at,
        n1_0.title,
        n1_0.type,
        n1_0.user_id 
    from
        notifications n1_0 
    left join
        users u1_0 
            on u1_0.id=n1_0.user_id 
    where
        u1_0.id=? 
        and n1_0.read=? 
    order by
        n1_0.created_at desc 
    fetch
        first ? rows only
2026-05-17 19:23:33.955 [main] WARN  o.s.d.w.c.SpringDataJacksonConfiguration$PageModule$WarningLoggingModifier - Serializing PageImpl instances as-is is not supported, meaning that there is no guarantee about the stability of the resulting JSON structure!
	For a stable JSON structure, please use Spring Data's PagedModel (globally via @EnableSpringDataWebSupport(pageSerializationMode = VIA_DTO))
	or Spring HATEOAS and Spring Data's PagedResourcesAssembler as documented in https://docs.spring.io/spring-data/commons/reference/repositories/core-extensions.html#core.web.pageables.

2026-05-17 19:23:33.967 [main] DEBUG org.hibernate.SQL - 
    select
        w1_0.id,
        w1_0.active,
        w1_0.created_at,
        w1_0.event_types,
        w1_0.retry_count,
        w1_0.secret,
        w1_0.updated_at,
        w1_0.url,
        w1_0.user_id 
    from
        webhooks w1_0
2026-05-17 19:23:33.967 [main] DEBUG org.hibernate.SQL - 
    select
        n1_0.id,
        n1_0.created_at,
        n1_0.message,
        n1_0.metadata,
        n1_0.read,
        n1_0.read_at,
        n1_0.title,
        n1_0.type,
        n1_0.user_id 
    from
        notifications n1_0
2026-05-17 19:23:33.968 [main] DEBUG org.hibernate.SQL - 
    select
        uw1_0.id,
        uw1_0.balance,
        uw1_0.created_at,
        uw1_0.currency_id,
        uw1_0.primary_wallet,
        uw1_0.updated_at,
        uw1_0.user_id,
        uw1_0.wallet_name 
    from
        user_wallets uw1_0
2026-05-17 19:23:33.968 [main] DEBUG org.hibernate.SQL - 
    select
        u1_0.id,
        u1_0.created_at,
        u1_0.deletion_reason,
        u1_0.deletion_requested_at,
        u1_0.email,
        u1_0.hard_delete_scheduled_at,
        u1_0.is_deleted,
        u1_0.last_login,
        u1_0.name,
        u1_0.password,
        u1_0.role 
    from
        users u1_0
2026-05-17 19:23:33.969 [main] DEBUG org.hibernate.SQL - 
    select
        b1_0.user_id,
        b1_0.id,
        b1_0.category_id,
        b1_0.budget_month,
        b1_0.monthly_limit,
        b1_0.budget_year 
    from
        budgets b1_0 
    where
        b1_0.user_id=?
2026-05-17 19:23:33.969 [main] DEBUG org.hibernate.SQL - 
    select
        t1_0.user_id,
        t1_0.id,
        t1_0.amount,
        t1_0.amount_encrypted,
        t1_0.category_id,
        t1_0.created_at,
        t1_0.date,
        t1_0.description,
        t1_0.description_encrypted,
        t1_0.type 
    from
        transactions t1_0 
    where
        t1_0.user_id=?
2026-05-17 19:23:33.969 [main] DEBUG org.hibernate.SQL - 
    delete 
    from
        users 
    where
        id=?
2026-05-17 19:23:33.971 [main] DEBUG org.hibernate.SQL - 
    insert 
    into
        users
        (created_at, deletion_reason, deletion_requested_at, email, hard_delete_scheduled_at, is_deleted, last_login, name, password, role, id) 
    values
        (?, ?, ?, ?, ?, ?, ?, ?, ?, ?, default)
2026-05-17 19:23:33.973 [main] DEBUG org.hibernate.SQL - 
    select
        count(n1_0.id) 
    from
        notifications n1_0 
    left join
        users u1_0 
            on u1_0.id=n1_0.user_id 
    where
        u1_0.id=? 
        and n1_0.read=?
2026-05-17 19:23:33.981 [main] DEBUG org.hibernate.SQL - 
    select
        w1_0.id,
        w1_0.active,
        w1_0.created_at,
        w1_0.event_types,
        w1_0.retry_count,
        w1_0.secret,
        w1_0.updated_at,
        w1_0.url,
        w1_0.user_id 
    from
        webhooks w1_0
2026-05-17 19:23:33.982 [main] DEBUG org.hibernate.SQL - 
    select
        n1_0.id,
        n1_0.created_at,
        n1_0.message,
        n1_0.metadata,
        n1_0.read,
        n1_0.read_at,
        n1_0.title,
        n1_0.type,
        n1_0.user_id 
    from
        notifications n1_0
2026-05-17 19:23:33.982 [main] DEBUG org.hibernate.SQL - 
    select
        uw1_0.id,
        uw1_0.balance,
        uw1_0.created_at,
        uw1_0.currency_id,
        uw1_0.primary_wallet,
        uw1_0.updated_at,
        uw1_0.user_id,
        uw1_0.wallet_name 
    from
        user_wallets uw1_0
2026-05-17 19:23:33.982 [main] DEBUG org.hibernate.SQL - 
    select
        u1_0.id,
        u1_0.created_at,
        u1_0.deletion_reason,
        u1_0.deletion_requested_at,
        u1_0.email,
        u1_0.hard_delete_scheduled_at,
        u1_0.is_deleted,
        u1_0.last_login,
        u1_0.name,
        u1_0.password,
        u1_0.role 
    from
        users u1_0
2026-05-17 19:23:33.983 [main] DEBUG org.hibernate.SQL - 
    select
        b1_0.user_id,
        b1_0.id,
        b1_0.category_id,
        b1_0.budget_month,
        b1_0.monthly_limit,
        b1_0.budget_year 
    from
        budgets b1_0 
    where
        b1_0.user_id=?
2026-05-17 19:23:33.983 [main] DEBUG org.hibernate.SQL - 
    select
        t1_0.user_id,
        t1_0.id,
        t1_0.amount,
        t1_0.amount_encrypted,
        t1_0.category_id,
        t1_0.created_at,
        t1_0.date,
        t1_0.description,
        t1_0.description_encrypted,
        t1_0.type 
    from
        transactions t1_0 
    where
        t1_0.user_id=?
2026-05-17 19:23:33.983 [main] DEBUG org.hibernate.SQL - 
    delete 
    from
        users 
    where
        id=?
2026-05-17 19:23:33.984 [main] DEBUG org.hibernate.SQL - 
    insert 
    into
        users
        (created_at, deletion_reason, deletion_requested_at, email, hard_delete_scheduled_at, is_deleted, last_login, name, password, role, id) 
    values
        (?, ?, ?, ?, ?, ?, ?, ?, ?, ?, default)
2026-05-17 19:23:33.987 [main] DEBUG org.hibernate.SQL - 
    select
        n1_0.id,
        n1_0.created_at,
        n1_0.message,
        n1_0.metadata,
        n1_0.read,
        n1_0.read_at,
        n1_0.title,
        n1_0.type,
        n1_0.user_id 
    from
        notifications n1_0 
    left join
        users u1_0 
            on u1_0.id=n1_0.user_id 
    where
        u1_0.id=? 
    order by
        n1_0.created_at desc 
    fetch
        first ? rows only
2026-05-17 19:23:33.989 [main] DEBUG org.hibernate.SQL - 
    insert 
    into
        notifications
        (created_at, message, metadata, read, read_at, title, type, user_id, id) 
    values
        (?, ?, ?, ?, ?, ?, ?, ?, default)
2026-05-17 19:23:33.990 [main] DEBUG org.hibernate.SQL - 
    insert 
    into
        notifications
        (created_at, message, metadata, read, read_at, title, type, user_id, id) 
    values
        (?, ?, ?, ?, ?, ?, ?, ?, default)
2026-05-17 19:23:33.990 [main] DEBUG org.hibernate.SQL - 
    insert 
    into
        notifications
        (created_at, message, metadata, read, read_at, title, type, user_id, id) 
    values
        (?, ?, ?, ?, ?, ?, ?, ?, default)
2026-05-17 19:23:33.991 [main] DEBUG org.hibernate.SQL - 
    insert 
    into
        notifications
        (created_at, message, metadata, read, read_at, title, type, user_id, id) 
    values
        (?, ?, ?, ?, ?, ?, ?, ?, default)
2026-05-17 19:23:33.991 [main] DEBUG org.hibernate.SQL - 
    insert 
    into
        notifications
        (created_at, message, metadata, read, read_at, title, type, user_id, id) 
    values
        (?, ?, ?, ?, ?, ?, ?, ?, default)
2026-05-17 19:23:33.991 [main] DEBUG org.hibernate.SQL - 
    insert 
    into
        notifications
        (created_at, message, metadata, read, read_at, title, type, user_id, id) 
    values
        (?, ?, ?, ?, ?, ?, ?, ?, default)
2026-05-17 19:23:33.992 [main] DEBUG org.hibernate.SQL - 
    insert 
    into
        notifications
        (created_at, message, metadata, read, read_at, title, type, user_id, id) 
    values
        (?, ?, ?, ?, ?, ?, ?, ?, default)
2026-05-17 19:23:33.992 [main] DEBUG org.hibernate.SQL - 
    insert 
    into
        notifications
        (created_at, message, metadata, read, read_at, title, type, user_id, id) 
    values
        (?, ?, ?, ?, ?, ?, ?, ?, default)
2026-05-17 19:23:33.992 [main] DEBUG org.hibernate.SQL - 
    insert 
    into
        notifications
        (created_at, message, metadata, read, read_at, title, type, user_id, id) 
    values
        (?, ?, ?, ?, ?, ?, ?, ?, default)
2026-05-17 19:23:33.993 [main] DEBUG org.hibernate.SQL - 
    insert 
    into
        notifications
        (created_at, message, metadata, read, read_at, title, type, user_id, id) 
    values
        (?, ?, ?, ?, ?, ?, ?, ?, default)
2026-05-17 19:23:33.994 [main] DEBUG org.hibernate.SQL - 
    select
        count(n1_0.id) 
    from
        notifications n1_0 
    left join
        users u1_0 
            on u1_0.id=n1_0.user_id 
    where
        u1_0.id=? 
        and n1_0.read=?
2026-05-17 19:23:33.997 [main] DEBUG org.hibernate.SQL - 
    select
        n1_0.id,
        n1_0.created_at,
        n1_0.message,
        n1_0.metadata,
        n1_0.read,
        n1_0.read_at,
        n1_0.title,
        n1_0.type,
        n1_0.user_id 
    from
        notifications n1_0 
    left join
        users u1_0 
            on u1_0.id=n1_0.user_id 
    where
        u1_0.id=? 
        and n1_0.read=? 
    order by
        n1_0.created_at desc 
    fetch
        first ? rows only
2026-05-17 19:23:33.998 [main] DEBUG org.hibernate.SQL - 
    select
        count(n1_0.id) 
    from
        notifications n1_0 
    left join
        users u1_0 
            on u1_0.id=n1_0.user_id 
    where
        u1_0.id=? 
        and n1_0.read=?
2026-05-17 19:23:34.001 [main] DEBUG org.hibernate.SQL - 
    select
        n1_0.id,
        n1_0.created_at,
        n1_0.message,
        n1_0.metadata,
        n1_0.read,
        n1_0.read_at,
        n1_0.title,
        n1_0.type,
        n1_0.user_id 
    from
        notifications n1_0 
    where
        n1_0.id=?
2026-05-17 19:23:34.002 [main] DEBUG org.hibernate.SQL - 
    update
        notifications 
    set
        message=?,
        metadata=?,
        read=?,
        read_at=?,
        title=?,
        type=?,
        user_id=? 
    where
        id=?
2026-05-17 19:23:34.006 [main] DEBUG org.hibernate.SQL - 
    select
        count(n1_0.id) 
    from
        notifications n1_0 
    left join
        users u1_0 
            on u1_0.id=n1_0.user_id 
    where
        u1_0.id=? 
        and n1_0.read=?
2026-05-17 19:23:34.008 [main] DEBUG org.hibernate.SQL - 
    select
        n1_0.id,
        n1_0.created_at,
        n1_0.message,
        n1_0.metadata,
        n1_0.read,
        n1_0.read_at,
        n1_0.title,
        n1_0.type,
        n1_0.user_id 
    from
        notifications n1_0 
    left join
        users u1_0 
            on u1_0.id=n1_0.user_id 
    where
        u1_0.id=? 
    order by
        n1_0.created_at desc 
    fetch
        first ? rows only
2026-05-17 19:23:34.018 [main] DEBUG org.hibernate.SQL - 
    select
        w1_0.id,
        w1_0.active,
        w1_0.created_at,
        w1_0.event_types,
        w1_0.retry_count,
        w1_0.secret,
        w1_0.updated_at,
        w1_0.url,
        w1_0.user_id 
    from
        webhooks w1_0
2026-05-17 19:23:34.018 [main] DEBUG org.hibernate.SQL - 
    select
        n1_0.id,
        n1_0.created_at,
        n1_0.message,
        n1_0.metadata,
        n1_0.read,
        n1_0.read_at,
        n1_0.title,
        n1_0.type,
        n1_0.user_id 
    from
        notifications n1_0
2026-05-17 19:23:34.021 [main] DEBUG org.hibernate.SQL - 
    delete 
    from
        notifications 
    where
        id=?
2026-05-17 19:23:34.021 [main] DEBUG org.hibernate.SQL - 
    delete 
    from
        notifications 
    where
        id=?
2026-05-17 19:23:34.021 [main] DEBUG org.hibernate.SQL - 
    delete 
    from
        notifications 
    where
        id=?
2026-05-17 19:23:34.022 [main] DEBUG org.hibernate.SQL - 
    delete 
    from
        notifications 
    where
        id=?
2026-05-17 19:23:34.022 [main] DEBUG org.hibernate.SQL - 
    delete 
    from
        notifications 
    where
        id=?
2026-05-17 19:23:34.022 [main] DEBUG org.hibernate.SQL - 
    delete 
    from
        notifications 
    where
        id=?
2026-05-17 19:23:34.022 [main] DEBUG org.hibernate.SQL - 
    delete 
    from
        notifications 
    where
        id=?
2026-05-17 19:23:34.022 [main] DEBUG org.hibernate.SQL - 
    delete 
    from
        notifications 
    where
        id=?
2026-05-17 19:23:34.022 [main] DEBUG org.hibernate.SQL - 
    delete 
    from
        notifications 
    where
        id=?
2026-05-17 19:23:34.022 [main] DEBUG org.hibernate.SQL - 
    delete 
    from
        notifications 
    where
        id=?
2026-05-17 19:23:34.023 [main] DEBUG org.hibernate.SQL - 
    select
        uw1_0.id,
        uw1_0.balance,
        uw1_0.created_at,
        uw1_0.currency_id,
        uw1_0.primary_wallet,
        uw1_0.updated_at,
        uw1_0.user_id,
        uw1_0.wallet_name 
    from
        user_wallets uw1_0
2026-05-17 19:23:34.024 [main] DEBUG org.hibernate.SQL - 
    select
        u1_0.id,
        u1_0.created_at,
        u1_0.deletion_reason,
        u1_0.deletion_requested_at,
        u1_0.email,
        u1_0.hard_delete_scheduled_at,
        u1_0.is_deleted,
        u1_0.last_login,
        u1_0.name,
        u1_0.password,
        u1_0.role 
    from
        users u1_0
2026-05-17 19:23:34.025 [main] DEBUG org.hibernate.SQL - 
    select
        b1_0.user_id,
        b1_0.id,
        b1_0.category_id,
        b1_0.budget_month,
        b1_0.monthly_limit,
        b1_0.budget_year 
    from
        budgets b1_0 
    where
        b1_0.user_id=?
2026-05-17 19:23:34.025 [main] DEBUG org.hibernate.SQL - 
    select
        t1_0.user_id,
        t1_0.id,
        t1_0.amount,
        t1_0.amount_encrypted,
        t1_0.category_id,
        t1_0.created_at,
        t1_0.date,
        t1_0.description,
        t1_0.description_encrypted,
        t1_0.type 
    from
        transactions t1_0 
    where
        t1_0.user_id=?
2026-05-17 19:23:34.026 [main] DEBUG org.hibernate.SQL - 
    delete 
    from
        users 
    where
        id=?
2026-05-17 19:23:34.026 [main] DEBUG org.hibernate.SQL - 
    insert 
    into
        users
        (created_at, deletion_reason, deletion_requested_at, email, hard_delete_scheduled_at, is_deleted, last_login, name, password, role, id) 
    values
        (?, ?, ?, ?, ?, ?, ?, ?, ?, ?, default)
2026-05-17 19:23:34.027 [main] DEBUG org.hibernate.SQL - 
    insert 
    into
        notifications
        (created_at, message, metadata, read, read_at, title, type, user_id, id) 
    values
        (?, ?, ?, ?, ?, ?, ?, ?, default)
2026-05-17 19:23:34.028 [main] DEBUG org.hibernate.SQL - 
    insert 
    into
        notifications
        (created_at, message, metadata, read, read_at, title, type, user_id, id) 
    values
        (?, ?, ?, ?, ?, ?, ?, ?, default)
2026-05-17 19:23:34.028 [main] DEBUG org.hibernate.SQL - 
    insert 
    into
        notifications
        (created_at, message, metadata, read, read_at, title, type, user_id, id) 
    values
        (?, ?, ?, ?, ?, ?, ?, ?, default)
2026-05-17 19:23:34.030 [main] DEBUG org.hibernate.SQL - 
    select
        n1_0.id,
        n1_0.created_at,
        n1_0.message,
        n1_0.metadata,
        n1_0.read,
        n1_0.read_at,
        n1_0.title,
        n1_0.type,
        n1_0.user_id 
    from
        notifications n1_0 
    left join
        users u1_0 
            on u1_0.id=n1_0.user_id 
    where
        u1_0.id=? 
        and n1_0.read=? 
    order by
        n1_0.created_at desc 
    fetch
        first ? rows only
2026-05-17 19:23:34.039 [main] DEBUG org.hibernate.SQL - 
    select
        w1_0.id,
        w1_0.active,
        w1_0.created_at,
        w1_0.event_types,
        w1_0.retry_count,
        w1_0.secret,
        w1_0.updated_at,
        w1_0.url,
        w1_0.user_id 
    from
        webhooks w1_0
2026-05-17 19:23:34.041 [main] DEBUG org.hibernate.SQL - 
    select
        n1_0.id,
        n1_0.created_at,
        n1_0.message,
        n1_0.metadata,
        n1_0.read,
        n1_0.read_at,
        n1_0.title,
        n1_0.type,
        n1_0.user_id 
    from
        notifications n1_0
2026-05-17 19:23:34.042 [main] DEBUG org.hibernate.SQL - 
    delete 
    from
        notifications 
    where
        id=?
2026-05-17 19:23:34.042 [main] DEBUG org.hibernate.SQL - 
    delete 
    from
        notifications 
    where
        id=?
2026-05-17 19:23:34.043 [main] DEBUG org.hibernate.SQL - 
    delete 
    from
        notifications 
    where
        id=?
2026-05-17 19:23:34.043 [main] DEBUG org.hibernate.SQL - 
    select
        uw1_0.id,
        uw1_0.balance,
        uw1_0.created_at,
        uw1_0.currency_id,
        uw1_0.primary_wallet,
        uw1_0.updated_at,
        uw1_0.user_id,
        uw1_0.wallet_name 
    from
        user_wallets uw1_0
2026-05-17 19:23:34.044 [main] DEBUG org.hibernate.SQL - 
    select
        u1_0.id,
        u1_0.created_at,
        u1_0.deletion_reason,
        u1_0.deletion_requested_at,
        u1_0.email,
        u1_0.hard_delete_scheduled_at,
        u1_0.is_deleted,
        u1_0.last_login,
        u1_0.name,
        u1_0.password,
        u1_0.role 
    from
        users u1_0
2026-05-17 19:23:34.046 [main] DEBUG org.hibernate.SQL - 
    select
        b1_0.user_id,
        b1_0.id,
        b1_0.category_id,
        b1_0.budget_month,
        b1_0.monthly_limit,
        b1_0.budget_year 
    from
        budgets b1_0 
    where
        b1_0.user_id=?
2026-05-17 19:23:34.046 [main] DEBUG org.hibernate.SQL - 
    select
        t1_0.user_id,
        t1_0.id,
        t1_0.amount,
        t1_0.amount_encrypted,
        t1_0.category_id,
        t1_0.created_at,
        t1_0.date,
        t1_0.description,
        t1_0.description_encrypted,
        t1_0.type 
    from
        transactions t1_0 
    where
        t1_0.user_id=?
2026-05-17 19:23:34.046 [main] DEBUG org.hibernate.SQL - 
    delete 
    from
        users 
    where
        id=?
2026-05-17 19:23:34.047 [main] DEBUG org.hibernate.SQL - 
    insert 
    into
        users
        (created_at, deletion_reason, deletion_requested_at, email, hard_delete_scheduled_at, is_deleted, last_login, name, password, role, id) 
    values
        (?, ?, ?, ?, ?, ?, ?, ?, ?, ?, default)
2026-05-17 19:23:34.048 [main] DEBUG org.hibernate.SQL - 
    insert 
    into
        notifications
        (created_at, message, metadata, read, read_at, title, type, user_id, id) 
    values
        (?, ?, ?, ?, ?, ?, ?, ?, default)
2026-05-17 19:23:34.049 [main] DEBUG org.hibernate.SQL - 
    insert 
    into
        notifications
        (created_at, message, metadata, read, read_at, title, type, user_id, id) 
    values
        (?, ?, ?, ?, ?, ?, ?, ?, default)
2026-05-17 19:23:34.050 [main] DEBUG org.hibernate.SQL - 
    insert 
    into
        notifications
        (created_at, message, metadata, read, read_at, title, type, user_id, id) 
    values
        (?, ?, ?, ?, ?, ?, ?, ?, default)
2026-05-17 19:23:34.050 [main] DEBUG org.hibernate.SQL - 
    insert 
    into
        notifications
        (created_at, message, metadata, read, read_at, title, type, user_id, id) 
    values
        (?, ?, ?, ?, ?, ?, ?, ?, default)
2026-05-17 19:23:34.051 [main] DEBUG org.hibernate.SQL - 
    insert 
    into
        notifications
        (created_at, message, metadata, read, read_at, title, type, user_id, id) 
    values
        (?, ?, ?, ?, ?, ?, ?, ?, default)
2026-05-17 19:23:34.052 [main] DEBUG org.hibernate.SQL - 
    select
        count(n1_0.id) 
    from
        notifications n1_0 
    left join
        users u1_0 
            on u1_0.id=n1_0.user_id 
    where
        u1_0.id=? 
        and n1_0.read=?
2026-05-17 19:23:34.062 [main] DEBUG org.hibernate.SQL - 
    select
        w1_0.id,
        w1_0.active,
        w1_0.created_at,
        w1_0.event_types,
        w1_0.retry_count,
        w1_0.secret,
        w1_0.updated_at,
        w1_0.url,
        w1_0.user_id 
    from
        webhooks w1_0
2026-05-17 19:23:34.063 [main] DEBUG org.hibernate.SQL - 
    select
        n1_0.id,
        n1_0.created_at,
        n1_0.message,
        n1_0.metadata,
        n1_0.read,
        n1_0.read_at,
        n1_0.title,
        n1_0.type,
        n1_0.user_id 
    from
        notifications n1_0
2026-05-17 19:23:34.063 [main] DEBUG org.hibernate.SQL - 
    delete 
    from
        notifications 
    where
        id=?
2026-05-17 19:23:34.064 [main] DEBUG org.hibernate.SQL - 
    delete 
    from
        notifications 
    where
        id=?
2026-05-17 19:23:34.064 [main] DEBUG org.hibernate.SQL - 
    delete 
    from
        notifications 
    where
        id=?
2026-05-17 19:23:34.064 [main] DEBUG org.hibernate.SQL - 
    delete 
    from
        notifications 
    where
        id=?
2026-05-17 19:23:34.064 [main] DEBUG org.hibernate.SQL - 
    delete 
    from
        notifications 
    where
        id=?
2026-05-17 19:23:34.065 [main] DEBUG org.hibernate.SQL - 
    select
        uw1_0.id,
        uw1_0.balance,
        uw1_0.created_at,
        uw1_0.currency_id,
        uw1_0.primary_wallet,
        uw1_0.updated_at,
        uw1_0.user_id,
        uw1_0.wallet_name 
    from
        user_wallets uw1_0
2026-05-17 19:23:34.066 [main] DEBUG org.hibernate.SQL - 
    select
        u1_0.id,
        u1_0.created_at,
        u1_0.deletion_reason,
        u1_0.deletion_requested_at,
        u1_0.email,
        u1_0.hard_delete_scheduled_at,
        u1_0.is_deleted,
        u1_0.last_login,
        u1_0.name,
        u1_0.password,
        u1_0.role 
    from
        users u1_0
2026-05-17 19:23:34.066 [main] DEBUG org.hibernate.SQL - 
    select
        b1_0.user_id,
        b1_0.id,
        b1_0.category_id,
        b1_0.budget_month,
        b1_0.monthly_limit,
        b1_0.budget_year 
    from
        budgets b1_0 
    where
        b1_0.user_id=?
2026-05-17 19:23:34.067 [main] DEBUG org.hibernate.SQL - 
    select
        t1_0.user_id,
        t1_0.id,
        t1_0.amount,
        t1_0.amount_encrypted,
        t1_0.category_id,
        t1_0.created_at,
        t1_0.date,
        t1_0.description,
        t1_0.description_encrypted,
        t1_0.type 
    from
        transactions t1_0 
    where
        t1_0.user_id=?
2026-05-17 19:23:34.067 [main] DEBUG org.hibernate.SQL - 
    delete 
    from
        users 
    where
        id=?
2026-05-17 19:23:34.068 [main] DEBUG org.hibernate.SQL - 
    insert 
    into
        users
        (created_at, deletion_reason, deletion_requested_at, email, hard_delete_scheduled_at, is_deleted, last_login, name, password, role, id) 
    values
        (?, ?, ?, ?, ?, ?, ?, ?, ?, ?, default)
2026-05-17 19:23:34.070 [main] DEBUG org.hibernate.SQL - 
    insert 
    into
        notifications
        (created_at, message, metadata, read, read_at, title, type, user_id, id) 
    values
        (?, ?, ?, ?, ?, ?, ?, ?, default)
2026-05-17 19:23:34.072 [main] DEBUG org.hibernate.SQL - 
    insert 
    into
        notifications
        (created_at, message, metadata, read, read_at, title, type, user_id, id) 
    values
        (?, ?, ?, ?, ?, ?, ?, ?, default)
2026-05-17 19:23:34.073 [main] DEBUG org.hibernate.SQL - 
    insert 
    into
        notifications
        (created_at, message, metadata, read, read_at, title, type, user_id, id) 
    values
        (?, ?, ?, ?, ?, ?, ?, ?, default)
2026-05-17 19:23:34.073 [main] DEBUG org.hibernate.SQL - 
    insert 
    into
        notifications
        (created_at, message, metadata, read, read_at, title, type, user_id, id) 
    values
        (?, ?, ?, ?, ?, ?, ?, ?, default)
2026-05-17 19:23:34.074 [main] DEBUG org.hibernate.SQL - 
    insert 
    into
        notifications
        (created_at, message, metadata, read, read_at, title, type, user_id, id) 
    values
        (?, ?, ?, ?, ?, ?, ?, ?, default)
2026-05-17 19:23:34.075 [main] DEBUG org.hibernate.SQL - 
    select
        n1_0.id,
        n1_0.created_at,
        n1_0.message,
        n1_0.metadata,
        n1_0.read,
        n1_0.read_at,
        n1_0.title,
        n1_0.type,
        n1_0.user_id 
    from
        notifications n1_0 
    left join
        users u1_0 
            on u1_0.id=n1_0.user_id 
    where
        u1_0.id=? 
    order by
        n1_0.created_at desc 
    fetch
        first ? rows only
2026-05-17 19:23:34.084 [main] DEBUG org.hibernate.SQL - 
    select
        w1_0.id,
        w1_0.active,
        w1_0.created_at,
        w1_0.event_types,
        w1_0.retry_count,
        w1_0.secret,
        w1_0.updated_at,
        w1_0.url,
        w1_0.user_id 
    from
        webhooks w1_0
2026-05-17 19:23:34.084 [main] DEBUG org.hibernate.SQL - 
    select
        n1_0.id,
        n1_0.created_at,
        n1_0.message,
        n1_0.metadata,
        n1_0.read,
        n1_0.read_at,
        n1_0.title,
        n1_0.type,
        n1_0.user_id 
    from
        notifications n1_0
2026-05-17 19:23:34.085 [main] DEBUG org.hibernate.SQL - 
    delete 
    from
        notifications 
    where
        id=?
2026-05-17 19:23:34.085 [main] DEBUG org.hibernate.SQL - 
    delete 
    from
        notifications 
    where
        id=?
2026-05-17 19:23:34.085 [main] DEBUG org.hibernate.SQL - 
    delete 
    from
        notifications 
    where
        id=?
2026-05-17 19:23:34.086 [main] DEBUG org.hibernate.SQL - 
    delete 
    from
        notifications 
    where
        id=?
2026-05-17 19:23:34.086 [main] DEBUG org.hibernate.SQL - 
    delete 
    from
        notifications 
    where
        id=?
2026-05-17 19:23:34.087 [main] DEBUG org.hibernate.SQL - 
    select
        uw1_0.id,
        uw1_0.balance,
        uw1_0.created_at,
        uw1_0.currency_id,
        uw1_0.primary_wallet,
        uw1_0.updated_at,
        uw1_0.user_id,
        uw1_0.wallet_name 
    from
        user_wallets uw1_0
2026-05-17 19:23:34.089 [main] DEBUG org.hibernate.SQL - 
    select
        u1_0.id,
        u1_0.created_at,
        u1_0.deletion_reason,
        u1_0.deletion_requested_at,
        u1_0.email,
        u1_0.hard_delete_scheduled_at,
        u1_0.is_deleted,
        u1_0.last_login,
        u1_0.name,
        u1_0.password,
        u1_0.role 
    from
        users u1_0
2026-05-17 19:23:34.089 [main] DEBUG org.hibernate.SQL - 
    select
        b1_0.user_id,
        b1_0.id,
        b1_0.category_id,
        b1_0.budget_month,
        b1_0.monthly_limit,
        b1_0.budget_year 
    from
        budgets b1_0 
    where
        b1_0.user_id=?
2026-05-17 19:23:34.089 [main] DEBUG org.hibernate.SQL - 
    select
        t1_0.user_id,
        t1_0.id,
        t1_0.amount,
        t1_0.amount_encrypted,
        t1_0.category_id,
        t1_0.created_at,
        t1_0.date,
        t1_0.description,
        t1_0.description_encrypted,
        t1_0.type 
    from
        transactions t1_0 
    where
        t1_0.user_id=?
2026-05-17 19:23:34.090 [main] DEBUG org.hibernate.SQL - 
    delete 
    from
        users 
    where
        id=?
2026-05-17 19:23:34.091 [main] DEBUG org.hibernate.SQL - 
    insert 
    into
        users
        (created_at, deletion_reason, deletion_requested_at, email, hard_delete_scheduled_at, is_deleted, last_login, name, password, role, id) 
    values
        (?, ?, ?, ?, ?, ?, ?, ?, ?, ?, default)
2026-05-17 19:23:34.092 [main] DEBUG org.hibernate.SQL - 
    insert 
    into
        notifications
        (created_at, message, metadata, read, read_at, title, type, user_id, id) 
    values
        (?, ?, ?, ?, ?, ?, ?, ?, default)
2026-05-17 19:23:34.092 [main] DEBUG org.hibernate.SQL - 
    insert 
    into
        notifications
        (created_at, message, metadata, read, read_at, title, type, user_id, id) 
    values
        (?, ?, ?, ?, ?, ?, ?, ?, default)
2026-05-17 19:23:34.092 [main] DEBUG org.hibernate.SQL - 
    insert 
    into
        notifications
        (created_at, message, metadata, read, read_at, title, type, user_id, id) 
    values
        (?, ?, ?, ?, ?, ?, ?, ?, default)
2026-05-17 19:23:34.094 [main] DEBUG org.hibernate.SQL - 
    select
        count(n1_0.id) 
    from
        notifications n1_0 
    left join
        users u1_0 
            on u1_0.id=n1_0.user_id 
    where
        u1_0.id=? 
        and n1_0.read=?
2026-05-17 19:23:34.096 [main] DEBUG org.hibernate.SQL - 
    select
        n1_0.id,
        n1_0.created_at,
        n1_0.message,
        n1_0.metadata,
        n1_0.read,
        n1_0.read_at,
        n1_0.title,
        n1_0.type,
        n1_0.user_id 
    from
        notifications n1_0 
    left join
        users u1_0 
            on u1_0.id=n1_0.user_id 
    where
        u1_0.id=? 
        and n1_0.read=? 
    order by
        n1_0.created_at desc 
    fetch
        first ? rows only
2026-05-17 19:23:34.099 [main] DEBUG org.hibernate.SQL - 
    select
        n1_0.id,
        n1_0.created_at,
        n1_0.message,
        n1_0.metadata,
        n1_0.read,
        n1_0.read_at,
        n1_0.title,
        n1_0.type,
        n1_0.user_id 
    from
        notifications n1_0 
    where
        n1_0.id=?
2026-05-17 19:23:34.099 [main] DEBUG org.hibernate.SQL - 
    update
        notifications 
    set
        message=?,
        metadata=?,
        read=?,
        read_at=?,
        title=?,
        type=?,
        user_id=? 
    where
        id=?
2026-05-17 19:23:34.101 [main] DEBUG org.hibernate.SQL - 
    select
        count(n1_0.id) 
    from
        notifications n1_0 
    left join
        users u1_0 
            on u1_0.id=n1_0.user_id 
    where
        u1_0.id=? 
        and n1_0.read=?
[INFO] Tests run: 8, Failures: 0, Errors: 0, Skipped: 0, Time elapsed: 0.203 s -- in com.finsight.controller.NotificationIntegrationTest
[INFO] Running com.finsight.controller.InputValidationTest
2026-05-17 19:23:34.107 [main] INFO  o.s.t.c.s.AnnotationConfigContextLoaderUtils - Could not detect default configuration classes for test class [com.finsight.controller.InputValidationTest]: InputValidationTest does not declare any static, non-private, non-final, nested classes annotated with @Configuration.
2026-05-17 19:23:34.108 [main] INFO  o.s.b.t.c.SpringBootTestContextBootstrapper - Found @SpringBootConfiguration com.finsight.FinSightApplication for test class com.finsight.controller.InputValidationTest
2026-05-17 19:23:34.114 [main] DEBUG o.s.security.web.FilterChainProxy - Securing POST /api/v1/auth/register
2026-05-17 19:23:34.114 [main] DEBUG o.s.s.w.a.AnonymousAuthenticationFilter - Set SecurityContextHolder to anonymous SecurityContext
2026-05-17 19:23:34.114 [main] DEBUG o.s.security.web.FilterChainProxy - Secured POST /api/v1/auth/register
2026-05-17 19:23:34.115 [main] DEBUG org.hibernate.SQL - 
    select
        u1_0.id 
    from
        users u1_0 
    where
        u1_0.email=? 
    fetch
        first ? rows only
2026-05-17 19:23:34.197 [main] DEBUG org.hibernate.SQL - 
    insert 
    into
        users
        (created_at, deletion_reason, deletion_requested_at, email, hard_delete_scheduled_at, is_deleted, last_login, name, password, role, id) 
    values
        (?, ?, ?, ?, ?, ?, ?, ?, ?, ?, default)
2026-05-17 19:23:34.199 [main] INFO  AUDIT - POST /api/v1/auth/register anonymous status=201 duration=85ms correlationId=42409440-ac95-4243-903c-3f71f291c407 [body=MASKED]
2026-05-17 19:23:34.204 [main] DEBUG o.s.security.web.FilterChainProxy - Securing POST /api/v1/transactions
2026-05-17 19:23:34.206 [main] DEBUG org.hibernate.SQL - 
    select
        u1_0.id,
        u1_0.created_at,
        u1_0.deletion_reason,
        u1_0.deletion_requested_at,
        u1_0.email,
        u1_0.hard_delete_scheduled_at,
        u1_0.is_deleted,
        u1_0.last_login,
        u1_0.name,
        u1_0.password,
        u1_0.role 
    from
        users u1_0 
    where
        u1_0.email=?
2026-05-17 19:23:34.207 [main] DEBUG o.s.security.web.FilterChainProxy - Secured POST /api/v1/transactions
2026-05-17 19:23:34.214 [main] INFO  AUDIT - POST /api/v1/transactions user=validation-229****16270166@***** status=400 duration=8ms correlationId=e2a5ca69-3f26-4921-bf02-c28664bdbc73
2026-05-17 19:23:34.220 [main] DEBUG o.s.security.web.FilterChainProxy - Securing POST /api/v1/auth/register
2026-05-17 19:23:34.220 [main] DEBUG o.s.s.w.a.AnonymousAuthenticationFilter - Set SecurityContextHolder to anonymous SecurityContext
2026-05-17 19:23:34.220 [main] DEBUG o.s.security.web.FilterChainProxy - Secured POST /api/v1/auth/register
2026-05-17 19:23:34.222 [main] DEBUG org.hibernate.SQL - 
    select
        u1_0.id 
    from
        users u1_0 
    where
        u1_0.email=? 
    fetch
        first ? rows only
2026-05-17 19:23:34.302 [main] DEBUG org.hibernate.SQL - 
    insert 
    into
        users
        (created_at, deletion_reason, deletion_requested_at, email, hard_delete_scheduled_at, is_deleted, last_login, name, password, role, id) 
    values
        (?, ?, ?, ?, ?, ?, ?, ?, ?, ?, default)
2026-05-17 19:23:34.304 [main] INFO  AUDIT - POST /api/v1/auth/register anonymous status=201 duration=84ms correlationId=e681624b-1e16-4f1c-839f-e14026d9ef4c [body=MASKED]
2026-05-17 19:23:34.305 [main] DEBUG o.s.security.web.FilterChainProxy - Securing POST /api/v1/auth/register
2026-05-17 19:23:34.306 [main] DEBUG o.s.s.w.a.AnonymousAuthenticationFilter - Set SecurityContextHolder to anonymous SecurityContext
2026-05-17 19:23:34.306 [main] DEBUG o.s.security.web.FilterChainProxy - Secured POST /api/v1/auth/register
2026-05-17 19:23:34.308 [main] INFO  AUDIT - POST /api/v1/auth/register anonymous status=400 duration=2ms correlationId=ab25fa1e-d8c8-4531-b1f7-1530ed8a8226 [body=MASKED]
2026-05-17 19:23:34.313 [main] DEBUG o.s.security.web.FilterChainProxy - Securing POST /api/v1/auth/register
2026-05-17 19:23:34.313 [main] DEBUG o.s.s.w.a.AnonymousAuthenticationFilter - Set SecurityContextHolder to anonymous SecurityContext
2026-05-17 19:23:34.313 [main] DEBUG o.s.security.web.FilterChainProxy - Secured POST /api/v1/auth/register
2026-05-17 19:23:34.315 [main] DEBUG org.hibernate.SQL - 
    select
        u1_0.id 
    from
        users u1_0 
    where
        u1_0.email=? 
    fetch
        first ? rows only
2026-05-17 19:23:34.395 [main] DEBUG org.hibernate.SQL - 
    insert 
    into
        users
        (created_at, deletion_reason, deletion_requested_at, email, hard_delete_scheduled_at, is_deleted, last_login, name, password, role, id) 
    values
        (?, ?, ?, ?, ?, ?, ?, ?, ?, ?, default)
2026-05-17 19:23:34.396 [main] INFO  AUDIT - POST /api/v1/auth/register anonymous status=201 duration=83ms correlationId=104f26ad-0750-4a63-9ea0-b36a0063980e [body=MASKED]
2026-05-17 19:23:34.397 [main] DEBUG o.s.security.web.FilterChainProxy - Securing POST /api/v1/transactions
2026-05-17 19:23:34.399 [main] DEBUG org.hibernate.SQL - 
    select
        u1_0.id,
        u1_0.created_at,
        u1_0.deletion_reason,
        u1_0.deletion_requested_at,
        u1_0.email,
        u1_0.hard_delete_scheduled_at,
        u1_0.is_deleted,
        u1_0.last_login,
        u1_0.name,
        u1_0.password,
        u1_0.role 
    from
        users u1_0 
    where
        u1_0.email=?
2026-05-17 19:23:34.400 [main] DEBUG o.s.security.web.FilterChainProxy - Secured POST /api/v1/transactions
2026-05-17 19:23:34.404 [main] INFO  AUDIT - POST /api/v1/transactions user=validation-229****16332625@***** status=400 duration=4ms correlationId=3ae2a112-0441-4f87-83fb-ae2151c56980
2026-05-17 19:23:34.410 [main] DEBUG o.s.security.web.FilterChainProxy - Securing POST /api/v1/auth/register
2026-05-17 19:23:34.410 [main] DEBUG o.s.s.w.a.AnonymousAuthenticationFilter - Set SecurityContextHolder to anonymous SecurityContext
2026-05-17 19:23:34.410 [main] DEBUG o.s.security.web.FilterChainProxy - Secured POST /api/v1/auth/register
2026-05-17 19:23:34.411 [main] DEBUG org.hibernate.SQL - 
    select
        u1_0.id 
    from
        users u1_0 
    where
        u1_0.email=? 
    fetch
        first ? rows only
2026-05-17 19:23:34.492 [main] DEBUG org.hibernate.SQL - 
    insert 
    into
        users
        (created_at, deletion_reason, deletion_requested_at, email, hard_delete_scheduled_at, is_deleted, last_login, name, password, role, id) 
    values
        (?, ?, ?, ?, ?, ?, ?, ?, ?, ?, default)
2026-05-17 19:23:34.493 [main] INFO  AUDIT - POST /api/v1/auth/register anonymous status=201 duration=83ms correlationId=b869f214-6020-4e84-95c5-23b7b58445aa [body=MASKED]
2026-05-17 19:23:34.494 [main] DEBUG o.s.security.web.FilterChainProxy - Securing POST /api/v1/transactions
2026-05-17 19:23:34.495 [main] DEBUG org.hibernate.SQL - 
    select
        u1_0.id,
        u1_0.created_at,
        u1_0.deletion_reason,
        u1_0.deletion_requested_at,
        u1_0.email,
        u1_0.hard_delete_scheduled_at,
        u1_0.is_deleted,
        u1_0.last_login,
        u1_0.name,
        u1_0.password,
        u1_0.role 
    from
        users u1_0 
    where
        u1_0.email=?
2026-05-17 19:23:34.496 [main] DEBUG o.s.security.web.FilterChainProxy - Secured POST /api/v1/transactions
2026-05-17 19:23:34.497 [main] INFO  AUDIT - POST /api/v1/transactions user=validation-229****13015458@***** status=400 duration=1ms correlationId=f86cfb3d-1209-47b6-8acb-d28ccabe3329
2026-05-17 19:23:34.503 [main] DEBUG o.s.security.web.FilterChainProxy - Securing POST /api/v1/auth/register
2026-05-17 19:23:34.503 [main] DEBUG o.s.s.w.a.AnonymousAuthenticationFilter - Set SecurityContextHolder to anonymous SecurityContext
2026-05-17 19:23:34.504 [main] DEBUG o.s.security.web.FilterChainProxy - Secured POST /api/v1/auth/register
2026-05-17 19:23:34.505 [main] DEBUG org.hibernate.SQL - 
    select
        u1_0.id 
    from
        users u1_0 
    where
        u1_0.email=? 
    fetch
        first ? rows only
2026-05-17 19:23:34.585 [main] DEBUG org.hibernate.SQL - 
    insert 
    into
        users
        (created_at, deletion_reason, deletion_requested_at, email, hard_delete_scheduled_at, is_deleted, last_login, name, password, role, id) 
    values
        (?, ?, ?, ?, ?, ?, ?, ?, ?, ?, default)
2026-05-17 19:23:34.587 [main] INFO  AUDIT - POST /api/v1/auth/register anonymous status=201 duration=84ms correlationId=35651c82-d604-4661-af50-28d718295c09 [body=MASKED]
2026-05-17 19:23:34.588 [main] DEBUG o.s.security.web.FilterChainProxy - Securing POST /api/v1/auth/register
2026-05-17 19:23:34.588 [main] DEBUG o.s.s.w.a.AnonymousAuthenticationFilter - Set SecurityContextHolder to anonymous SecurityContext
2026-05-17 19:23:34.589 [main] DEBUG o.s.security.web.FilterChainProxy - Secured POST /api/v1/auth/register
2026-05-17 19:23:34.589 [main] INFO  AUDIT - POST /api/v1/auth/register anonymous status=400 duration=1ms correlationId=d58d6c3b-d893-4f87-9751-7a4ce23b5f2e [body=MASKED]
2026-05-17 19:23:34.594 [main] DEBUG o.s.security.web.FilterChainProxy - Securing POST /api/v1/auth/register
2026-05-17 19:23:34.595 [main] DEBUG o.s.s.w.a.AnonymousAuthenticationFilter - Set SecurityContextHolder to anonymous SecurityContext
2026-05-17 19:23:34.595 [main] DEBUG o.s.security.web.FilterChainProxy - Secured POST /api/v1/auth/register
2026-05-17 19:23:34.596 [main] DEBUG org.hibernate.SQL - 
    select
        u1_0.id 
    from
        users u1_0 
    where
        u1_0.email=? 
    fetch
        first ? rows only
2026-05-17 19:23:34.676 [main] DEBUG org.hibernate.SQL - 
    insert 
    into
        users
        (created_at, deletion_reason, deletion_requested_at, email, hard_delete_scheduled_at, is_deleted, last_login, name, password, role, id) 
    values
        (?, ?, ?, ?, ?, ?, ?, ?, ?, ?, default)
2026-05-17 19:23:34.677 [main] INFO  AUDIT - POST /api/v1/auth/register anonymous status=201 duration=82ms correlationId=2cd12d5a-3bc6-40e5-af46-3573bbdf99b1 [body=MASKED]
2026-05-17 19:23:34.678 [main] DEBUG o.s.security.web.FilterChainProxy - Securing POST /api/v1/transactions
2026-05-17 19:23:34.680 [main] DEBUG org.hibernate.SQL - 
    select
        u1_0.id,
        u1_0.created_at,
        u1_0.deletion_reason,
        u1_0.deletion_requested_at,
        u1_0.email,
        u1_0.hard_delete_scheduled_at,
        u1_0.is_deleted,
        u1_0.last_login,
        u1_0.name,
        u1_0.password,
        u1_0.role 
    from
        users u1_0 
    where
        u1_0.email=?
2026-05-17 19:23:34.680 [main] DEBUG o.s.security.web.FilterChainProxy - Secured POST /api/v1/transactions
2026-05-17 19:23:34.681 [main] INFO  AUDIT - POST /api/v1/transactions user=validation-229****97763583@***** status=400 duration=1ms correlationId=8d9e417e-f625-441f-9c3b-03b38cd09873
2026-05-17 19:23:34.688 [main] DEBUG o.s.security.web.FilterChainProxy - Securing POST /api/v1/auth/register
2026-05-17 19:23:34.688 [main] DEBUG o.s.s.w.a.AnonymousAuthenticationFilter - Set SecurityContextHolder to anonymous SecurityContext
2026-05-17 19:23:34.688 [main] DEBUG o.s.security.web.FilterChainProxy - Secured POST /api/v1/auth/register
2026-05-17 19:23:34.690 [main] DEBUG org.hibernate.SQL - 
    select
        u1_0.id 
    from
        users u1_0 
    where
        u1_0.email=? 
    fetch
        first ? rows only
2026-05-17 19:23:34.774 [main] DEBUG org.hibernate.SQL - 
    insert 
    into
        users
        (created_at, deletion_reason, deletion_requested_at, email, hard_delete_scheduled_at, is_deleted, last_login, name, password, role, id) 
    values
        (?, ?, ?, ?, ?, ?, ?, ?, ?, ?, default)
2026-05-17 19:23:34.775 [main] INFO  AUDIT - POST /api/v1/auth/register anonymous status=201 duration=87ms correlationId=c75297ed-f0d2-43b3-bb49-395e409d358b [body=MASKED]
2026-05-17 19:23:34.776 [main] DEBUG o.s.security.web.FilterChainProxy - Securing POST /api/v1/auth/register
2026-05-17 19:23:34.776 [main] DEBUG o.s.s.w.a.AnonymousAuthenticationFilter - Set SecurityContextHolder to anonymous SecurityContext
2026-05-17 19:23:34.777 [main] DEBUG o.s.security.web.FilterChainProxy - Secured POST /api/v1/auth/register
2026-05-17 19:23:34.777 [main] INFO  AUDIT - POST /api/v1/auth/register anonymous status=400 duration=1ms correlationId=74598ea6-9693-43a5-9e51-40ce33c960d1 [body=MASKED]
2026-05-17 19:23:34.782 [main] DEBUG o.s.security.web.FilterChainProxy - Securing POST /api/v1/auth/register
2026-05-17 19:23:34.783 [main] DEBUG o.s.s.w.a.AnonymousAuthenticationFilter - Set SecurityContextHolder to anonymous SecurityContext
2026-05-17 19:23:34.783 [main] DEBUG o.s.security.web.FilterChainProxy - Secured POST /api/v1/auth/register
2026-05-17 19:23:34.784 [main] DEBUG org.hibernate.SQL - 
    select
        u1_0.id 
    from
        users u1_0 
    where
        u1_0.email=? 
    fetch
        first ? rows only
2026-05-17 19:23:34.864 [main] DEBUG org.hibernate.SQL - 
    insert 
    into
        users
        (created_at, deletion_reason, deletion_requested_at, email, hard_delete_scheduled_at, is_deleted, last_login, name, password, role, id) 
    values
        (?, ?, ?, ?, ?, ?, ?, ?, ?, ?, default)
2026-05-17 19:23:34.866 [main] INFO  AUDIT - POST /api/v1/auth/register anonymous status=201 duration=83ms correlationId=ac3da430-d72d-4859-a6a9-d85c04ade201 [body=MASKED]
2026-05-17 19:23:34.866 [main] DEBUG o.s.security.web.FilterChainProxy - Securing POST /api/v1/transactions
2026-05-17 19:23:34.868 [main] DEBUG org.hibernate.SQL - 
    select
        u1_0.id,
        u1_0.created_at,
        u1_0.deletion_reason,
        u1_0.deletion_requested_at,
        u1_0.email,
        u1_0.hard_delete_scheduled_at,
        u1_0.is_deleted,
        u1_0.last_login,
        u1_0.name,
        u1_0.password,
        u1_0.role 
    from
        users u1_0 
    where
        u1_0.email=?
2026-05-17 19:23:34.868 [main] DEBUG o.s.security.web.FilterChainProxy - Secured POST /api/v1/transactions
2026-05-17 19:23:34.871 [main] INFO  AUDIT - POST /api/v1/transactions user=validation-229****85862833@***** status=400 duration=3ms correlationId=05ae6883-f8cb-41c2-a7be-267565e0c196
2026-05-17 19:23:34.876 [main] DEBUG o.s.security.web.FilterChainProxy - Securing POST /api/v1/auth/register
2026-05-17 19:23:34.876 [main] DEBUG o.s.s.w.a.AnonymousAuthenticationFilter - Set SecurityContextHolder to anonymous SecurityContext
2026-05-17 19:23:34.877 [main] DEBUG o.s.security.web.FilterChainProxy - Secured POST /api/v1/auth/register
2026-05-17 19:23:34.878 [main] DEBUG org.hibernate.SQL - 
    select
        u1_0.id 
    from
        users u1_0 
    where
        u1_0.email=? 
    fetch
        first ? rows only
2026-05-17 19:23:34.961 [main] DEBUG org.hibernate.SQL - 
    insert 
    into
        users
        (created_at, deletion_reason, deletion_requested_at, email, hard_delete_scheduled_at, is_deleted, last_login, name, password, role, id) 
    values
        (?, ?, ?, ?, ?, ?, ?, ?, ?, ?, default)
2026-05-17 19:23:34.962 [main] INFO  AUDIT - POST /api/v1/auth/register anonymous status=201 duration=86ms correlationId=d1eb4248-e8fa-461a-90f1-0acc8a4ffa06 [body=MASKED]
2026-05-17 19:23:34.963 [main] DEBUG o.s.security.web.FilterChainProxy - Securing POST /api/v1/transactions
2026-05-17 19:23:34.964 [main] DEBUG org.hibernate.SQL - 
    select
        u1_0.id,
        u1_0.created_at,
        u1_0.deletion_reason,
        u1_0.deletion_requested_at,
        u1_0.email,
        u1_0.hard_delete_scheduled_at,
        u1_0.is_deleted,
        u1_0.last_login,
        u1_0.name,
        u1_0.password,
        u1_0.role 
    from
        users u1_0 
    where
        u1_0.email=?
2026-05-17 19:23:34.965 [main] DEBUG o.s.security.web.FilterChainProxy - Secured POST /api/v1/transactions
2026-05-17 19:23:34.969 [main] INFO  AUDIT - POST /api/v1/transactions user=validation-229****79548208@***** status=400 duration=4ms correlationId=0c748c78-1460-4bdc-b170-e8710880cecd
2026-05-17 19:23:34.975 [main] DEBUG o.s.security.web.FilterChainProxy - Securing POST /api/v1/auth/register
2026-05-17 19:23:34.975 [main] DEBUG o.s.s.w.a.AnonymousAuthenticationFilter - Set SecurityContextHolder to anonymous SecurityContext
2026-05-17 19:23:34.975 [main] DEBUG o.s.security.web.FilterChainProxy - Secured POST /api/v1/auth/register
2026-05-17 19:23:34.976 [main] DEBUG org.hibernate.SQL - 
    select
        u1_0.id 
    from
        users u1_0 
    where
        u1_0.email=? 
    fetch
        first ? rows only
2026-05-17 19:23:35.057 [main] DEBUG org.hibernate.SQL - 
    insert 
    into
        users
        (created_at, deletion_reason, deletion_requested_at, email, hard_delete_scheduled_at, is_deleted, last_login, name, password, role, id) 
    values
        (?, ?, ?, ?, ?, ?, ?, ?, ?, ?, default)
2026-05-17 19:23:35.058 [main] INFO  AUDIT - POST /api/v1/auth/register anonymous status=201 duration=83ms correlationId=5c09d9f5-f729-4ea6-be18-b9255211ea2b [body=MASKED]
2026-05-17 19:23:35.059 [main] DEBUG o.s.security.web.FilterChainProxy - Securing POST /api/v1/transactions
2026-05-17 19:23:35.061 [main] DEBUG org.hibernate.SQL - 
    select
        u1_0.id,
        u1_0.created_at,
        u1_0.deletion_reason,
        u1_0.deletion_requested_at,
        u1_0.email,
        u1_0.hard_delete_scheduled_at,
        u1_0.is_deleted,
        u1_0.last_login,
        u1_0.name,
        u1_0.password,
        u1_0.role 
    from
        users u1_0 
    where
        u1_0.email=?
2026-05-17 19:23:35.061 [main] DEBUG o.s.security.web.FilterChainProxy - Secured POST /api/v1/transactions
2026-05-17 19:23:35.063 [main] INFO  AUDIT - POST /api/v1/transactions user=validation-229****77961541@***** status=400 duration=2ms correlationId=fa89217e-47cb-4da1-bd49-352eee609d62
2026-05-17 19:23:35.067 [main] DEBUG o.s.security.web.FilterChainProxy - Securing POST /api/v1/auth/register
2026-05-17 19:23:35.068 [main] DEBUG o.s.s.w.a.AnonymousAuthenticationFilter - Set SecurityContextHolder to anonymous SecurityContext
2026-05-17 19:23:35.068 [main] DEBUG o.s.security.web.FilterChainProxy - Secured POST /api/v1/auth/register
2026-05-17 19:23:35.069 [main] DEBUG org.hibernate.SQL - 
    select
        u1_0.id 
    from
        users u1_0 
    where
        u1_0.email=? 
    fetch
        first ? rows only
2026-05-17 19:23:35.151 [main] DEBUG org.hibernate.SQL - 
    insert 
    into
        users
        (created_at, deletion_reason, deletion_requested_at, email, hard_delete_scheduled_at, is_deleted, last_login, name, password, role, id) 
    values
        (?, ?, ?, ?, ?, ?, ?, ?, ?, ?, default)
2026-05-17 19:23:35.152 [main] INFO  AUDIT - POST /api/v1/auth/register anonymous status=201 duration=84ms correlationId=0c7220d0-1621-441e-a008-772cd5e90ae1 [body=MASKED]
2026-05-17 19:23:35.154 [main] DEBUG o.s.security.web.FilterChainProxy - Securing POST /api/v1/auth/register
2026-05-17 19:23:35.154 [main] DEBUG o.s.s.w.a.AnonymousAuthenticationFilter - Set SecurityContextHolder to anonymous SecurityContext
2026-05-17 19:23:35.154 [main] DEBUG o.s.security.web.FilterChainProxy - Secured POST /api/v1/auth/register
2026-05-17 19:23:35.155 [main] INFO  AUDIT - POST /api/v1/auth/register anonymous status=400 duration=1ms correlationId=b874ae5e-3b91-4378-926f-99799060c696 [body=MASKED]
2026-05-17 19:23:35.160 [main] DEBUG o.s.security.web.FilterChainProxy - Securing POST /api/v1/auth/register
2026-05-17 19:23:35.161 [main] DEBUG o.s.s.w.a.AnonymousAuthenticationFilter - Set SecurityContextHolder to anonymous SecurityContext
2026-05-17 19:23:35.161 [main] DEBUG o.s.security.web.FilterChainProxy - Secured POST /api/v1/auth/register
2026-05-17 19:23:35.162 [main] DEBUG org.hibernate.SQL - 
    select
        u1_0.id 
    from
        users u1_0 
    where
        u1_0.email=? 
    fetch
        first ? rows only
2026-05-17 19:23:35.243 [main] DEBUG org.hibernate.SQL - 
    insert 
    into
        users
        (created_at, deletion_reason, deletion_requested_at, email, hard_delete_scheduled_at, is_deleted, last_login, name, password, role, id) 
    values
        (?, ?, ?, ?, ?, ?, ?, ?, ?, ?, default)
2026-05-17 19:23:35.244 [main] INFO  AUDIT - POST /api/v1/auth/register anonymous status=201 duration=83ms correlationId=a60c29df-7e5a-4fe8-82fa-3721960167ac [body=MASKED]
2026-05-17 19:23:35.245 [main] DEBUG o.s.security.web.FilterChainProxy - Securing POST /api/v1/transactions
2026-05-17 19:23:35.247 [main] DEBUG org.hibernate.SQL - 
    select
        u1_0.id,
        u1_0.created_at,
        u1_0.deletion_reason,
        u1_0.deletion_requested_at,
        u1_0.email,
        u1_0.hard_delete_scheduled_at,
        u1_0.is_deleted,
        u1_0.last_login,
        u1_0.name,
        u1_0.password,
        u1_0.role 
    from
        users u1_0 
    where
        u1_0.email=?
2026-05-17 19:23:35.248 [main] DEBUG o.s.security.web.FilterChainProxy - Secured POST /api/v1/transactions
2026-05-17 19:23:35.249 [main] INFO  AUDIT - POST /api/v1/transactions user=validation-229****63879875@***** status=400 duration=2ms correlationId=6139d3a1-5540-47bf-bf98-84b21bbb2c33
[INFO] Tests run: 12, Failures: 0, Errors: 0, Skipped: 0, Time elapsed: 1.146 s -- in com.finsight.controller.InputValidationTest
[INFO] Running com.finsight.controller.ReconciliationIntegrationTest
2026-05-17 19:23:35.254 [main] INFO  o.s.t.c.s.AnnotationConfigContextLoaderUtils - Could not detect default configuration classes for test class [com.finsight.controller.ReconciliationIntegrationTest]: ReconciliationIntegrationTest does not declare any static, non-private, non-final, nested classes annotated with @Configuration.
2026-05-17 19:23:35.256 [main] INFO  o.s.b.t.c.SpringBootTestContextBootstrapper - Found @SpringBootConfiguration com.finsight.FinSightApplication for test class com.finsight.controller.ReconciliationIntegrationTest
2026-05-17 19:23:35.260 [main] INFO  o.s.b.d.r.RestartApplicationListener - Restart disabled due to context in which it is running

  .   ____          _            __ _ _
 /\\ / ___'_ __ _ _(_)_ __  __ _ \ \ \ \
( ( )\___ | '_ | '_| | '_ \/ _` | \ \ \ \
 \\/  ___)| |_)| | | | | || (_| |  ) ) ) )
  '  |____| .__|_| |_|_| |_\__, | / / / /
 =========|_|==============|___/=/_/_/_/

 :: Spring Boot ::               (v3.5.12)

2026-05-17 19:23:35.285 [main] INFO  c.f.c.ReconciliationIntegrationTest - Starting ReconciliationIntegrationTest using Java 17.0.18 with PID 86553 (started by shashi in /Users/shashi/FinSight)
2026-05-17 19:23:35.285 [main] DEBUG c.f.c.ReconciliationIntegrationTest - Running with Spring Boot v3.5.12, Spring v6.2.17
2026-05-17 19:23:35.285 [main] INFO  c.f.c.ReconciliationIntegrationTest - The following 1 profile is active: "test"
2026-05-17 19:23:35.501 [main] INFO  o.s.d.r.c.RepositoryConfigurationDelegate - Multiple Spring Data modules found, entering strict repository configuration mode
2026-05-17 19:23:35.501 [main] INFO  o.s.d.r.c.RepositoryConfigurationDelegate - Bootstrapping Spring Data JPA repositories in DEFAULT mode.
2026-05-17 19:23:35.518 [main] INFO  o.s.d.r.c.RepositoryConfigurationDelegate - Finished Spring Data repository scanning in 14 ms. Found 20 JPA repository interfaces.
2026-05-17 19:23:35.549 [main] INFO  c.u.j.c.EnableEncryptablePropertiesBeanFactoryPostProcessor - Post-processing PropertySource instances
2026-05-17 19:23:35.549 [main] INFO  c.u.j.EncryptablePropertySourceConverter - Converting PropertySource Annotations [org.springframework.boot.test.autoconfigure.properties.AnnotationsPropertySource] to EncryptableEnumerablePropertySourceWrapper
2026-05-17 19:23:35.549 [main] INFO  c.u.j.EncryptablePropertySourceConverter - Skipping PropertySource configurationProperties [class org.springframework.boot.context.properties.source.ConfigurationPropertySourcesPropertySource
2026-05-17 19:23:35.549 [main] INFO  c.u.j.EncryptablePropertySourceConverter - Converting PropertySource test [org.springframework.core.env.MapPropertySource] to EncryptableMapPropertySourceWrapper
2026-05-17 19:23:35.549 [main] INFO  c.u.j.EncryptablePropertySourceConverter - Converting PropertySource Inlined Test Properties [org.springframework.core.env.MapPropertySource] to EncryptableMapPropertySourceWrapper
2026-05-17 19:23:35.549 [main] INFO  c.u.j.EncryptablePropertySourceConverter - Converting PropertySource active-test-profiles [org.springframework.core.env.MapPropertySource] to EncryptableMapPropertySourceWrapper
2026-05-17 19:23:35.549 [main] INFO  c.u.j.EncryptablePropertySourceConverter - Skipping PropertySource servletConfigInitParams [class org.springframework.core.env.PropertySource$StubPropertySource
2026-05-17 19:23:35.549 [main] INFO  c.u.j.EncryptablePropertySourceConverter - Skipping PropertySource servletContextInitParams [class org.springframework.core.env.PropertySource$StubPropertySource
2026-05-17 19:23:35.549 [main] INFO  c.u.j.EncryptablePropertySourceConverter - Converting PropertySource systemProperties [org.springframework.core.env.PropertiesPropertySource] to EncryptableMapPropertySourceWrapper
2026-05-17 19:23:35.549 [main] INFO  c.u.j.EncryptablePropertySourceConverter - Converting PropertySource systemEnvironment [org.springframework.boot.env.SystemEnvironmentPropertySourceEnvironmentPostProcessor$OriginAwareSystemEnvironmentPropertySource] to EncryptableSystemEnvironmentPropertySourceWrapper
2026-05-17 19:23:35.549 [main] INFO  c.u.j.EncryptablePropertySourceConverter - Converting PropertySource random [org.springframework.boot.env.RandomValuePropertySource] to EncryptablePropertySourceWrapper
2026-05-17 19:23:35.549 [main] INFO  c.u.j.EncryptablePropertySourceConverter - Converting PropertySource Config resource 'class path resource [application-test.properties]' via location 'optional:classpath:/' [org.springframework.boot.env.OriginTrackedMapPropertySource] to EncryptableMapPropertySourceWrapper
2026-05-17 19:23:35.549 [main] INFO  c.u.j.EncryptablePropertySourceConverter - Converting PropertySource Config resource 'class path resource [application.properties]' via location 'optional:classpath:/' [org.springframework.boot.env.OriginTrackedMapPropertySource] to EncryptableMapPropertySourceWrapper
2026-05-17 19:23:35.549 [main] INFO  c.u.j.EncryptablePropertySourceConverter - Converting PropertySource applicationInfo [org.springframework.boot.ApplicationInfoPropertySource] to EncryptableMapPropertySourceWrapper
2026-05-17 19:23:35.594 [main] INFO  c.u.j.f.DefaultLazyPropertyFilter - Property Filter custom Bean not found with name 'encryptablePropertyFilter'. Initializing Default Property Filter
2026-05-17 19:23:35.596 [main] INFO  c.u.j.r.DefaultLazyPropertyResolver - Property Resolver custom Bean not found with name 'encryptablePropertyResolver'. Initializing Default Property Resolver
2026-05-17 19:23:35.596 [main] INFO  c.u.j.d.DefaultLazyPropertyDetector - Property Detector custom Bean not found with name 'encryptablePropertyDetector'. Initializing Default Property Detector
2026-05-17 19:23:35.750 [main] INFO  o.s.b.w.e.tomcat.TomcatWebServer - Tomcat initialized with port 0 (http)
2026-05-17 19:23:35.759 [main] INFO  o.a.coyote.http11.Http11NioProtocol - Initializing ProtocolHandler ["http-nio-auto-1"]
2026-05-17 19:23:35.761 [main] INFO  o.a.catalina.core.StandardService - Starting service [Tomcat]
2026-05-17 19:23:35.761 [main] INFO  o.a.catalina.core.StandardEngine - Starting Servlet engine: [Apache Tomcat/10.1.52]
2026-05-17 19:23:35.829 [main] INFO  o.a.c.c.C.[Tomcat].[localhost].[/] - Initializing Spring embedded WebApplicationContext
2026-05-17 19:23:35.830 [main] INFO  o.s.b.w.s.c.ServletWebServerApplicationContext - Root WebApplicationContext: initialization completed in 543 ms
2026-05-17 19:23:35.899 [main] INFO  o.h.jpa.internal.util.LogHelper - HHH000204: Processing PersistenceUnitInfo [name: default]
2026-05-17 19:23:35.901 [main] INFO  o.h.c.i.RegionFactoryInitiator - HHH000026: Second-level cache disabled
2026-05-17 19:23:35.908 [main] INFO  o.s.o.j.p.SpringPersistenceUnitInfo - No LoadTimeWeaver setup: ignoring JPA class transformer
2026-05-17 19:23:35.909 [main] INFO  com.zaxxer.hikari.HikariDataSource - HikariPool-4 - Starting...
2026-05-17 19:23:35.910 [main] INFO  com.zaxxer.hikari.pool.HikariPool - HikariPool-4 - Added connection conn38: url=jdbc:h2:mem:finsight_test user=SA
2026-05-17 19:23:35.910 [main] INFO  com.zaxxer.hikari.HikariDataSource - HikariPool-4 - Start completed.
2026-05-17 19:23:35.910 [main] INFO  o.hibernate.orm.connections.pooling - HHH10001005: Database info:
	Database JDBC URL [Connecting through datasource 'HikariDataSource (HikariPool-4)']
	Database driver: undefined/unknown
	Database version: 2.3.232
	Autocommit mode: undefined/unknown
	Isolation level: undefined/unknown
	Minimum pool size: undefined/unknown
	Maximum pool size: undefined/unknown
2026-05-17 19:23:36.011 [main] INFO  o.h.e.t.j.p.i.JtaPlatformInitiator - HHH000489: No JTA platform available (set 'hibernate.transaction.jta.platform' to enable JTA platform integration)
2026-05-17 19:23:36.012 [main] DEBUG org.hibernate.SQL - 
    drop table if exists budgets cascade 
2026-05-17 19:23:36.012 [main] DEBUG org.hibernate.SQL - 
    drop table if exists categories cascade 
2026-05-17 19:23:36.013 [main] DEBUG org.hibernate.SQL - 
    drop table if exists currencies cascade 
2026-05-17 19:23:36.013 [main] DEBUG org.hibernate.SQL - 
    drop table if exists exchange_rates cascade 
2026-05-17 19:23:36.013 [main] DEBUG org.hibernate.SQL - 
    drop table if exists external_transactions cascade 
2026-05-17 19:23:36.013 [main] DEBUG org.hibernate.SQL - 
    drop table if exists idempotency_keys cascade 
2026-05-17 19:23:36.013 [main] DEBUG org.hibernate.SQL - 
    drop table if exists kafka_outbox_events cascade 
2026-05-17 19:23:36.013 [main] DEBUG org.hibernate.SQL - 
    drop table if exists notification_deliveries cascade 
2026-05-17 19:23:36.013 [main] DEBUG org.hibernate.SQL - 
    drop table if exists notification_preferences cascade 
2026-05-17 19:23:36.014 [main] DEBUG org.hibernate.SQL - 
    drop table if exists notifications cascade 
2026-05-17 19:23:36.014 [main] DEBUG org.hibernate.SQL - 
    drop table if exists reconciliation_batches cascade 
2026-05-17 19:23:36.014 [main] DEBUG org.hibernate.SQL - 
    drop table if exists reconciliation_schedule_preferences cascade 
2026-05-17 19:23:36.014 [main] DEBUG org.hibernate.SQL - 
    drop table if exists recurring_transactions cascade 
2026-05-17 19:23:36.014 [main] DEBUG org.hibernate.SQL - 
    drop table if exists transaction_audit_log cascade 
2026-05-17 19:23:36.014 [main] DEBUG org.hibernate.SQL - 
    drop table if exists transaction_matches cascade 
2026-05-17 19:23:36.014 [main] DEBUG org.hibernate.SQL - 
    drop table if exists transactions cascade 
2026-05-17 19:23:36.015 [main] DEBUG org.hibernate.SQL - 
    drop table if exists user_wallets cascade 
2026-05-17 19:23:36.015 [main] DEBUG org.hibernate.SQL - 
    drop table if exists users cascade 
2026-05-17 19:23:36.015 [main] DEBUG org.hibernate.SQL - 
    drop table if exists webhook_deliveries cascade 
2026-05-17 19:23:36.015 [main] DEBUG org.hibernate.SQL - 
    drop table if exists webhooks cascade 
2026-05-17 19:23:36.015 [main] DEBUG org.hibernate.SQL - 
    create table budgets (
        budget_month integer not null,
        budget_year integer not null,
        monthly_limit numeric(15,2) not null,
        category_id bigint not null,
        id bigint generated by default as identity,
        user_id bigint not null,
        primary key (id),
        unique (user_id, category_id, budget_month, budget_year)
    )
2026-05-17 19:23:36.016 [main] DEBUG org.hibernate.SQL - 
    create table categories (
        id bigint generated by default as identity,
        name varchar(100) not null,
        type enum ('EXPENSE','INCOME') not null,
        primary key (id),
        unique (name, type)
    )
2026-05-17 19:23:36.016 [main] DEBUG org.hibernate.SQL - 
    create table currencies (
        active boolean not null,
        code varchar(3) not null unique,
        created_at timestamp(6) not null,
        id bigint generated by default as identity,
        symbol varchar(10) not null,
        name varchar(100) not null,
        primary key (id)
    )
2026-05-17 19:23:36.016 [main] DEBUG org.hibernate.SQL - 
    create table exchange_rates (
        effective_date date not null,
        rate numeric(18,8) not null,
        from_currency_id bigint not null,
        id bigint generated by default as identity,
        to_currency_id bigint not null,
        source varchar(50) not null,
        primary key (id),
        unique (from_currency_id, to_currency_id, effective_date)
    )
2026-05-17 19:23:36.017 [main] DEBUG org.hibernate.SQL - 
    create table external_transactions (
        amount numeric(15,2) not null,
        transaction_date date not null,
        id bigint generated by default as identity,
        imported_at timestamp(6) not null,
        user_id bigint not null,
        source varchar(100) not null,
        description varchar(500),
        external_id varchar(255) not null,
        primary key (id)
    )
2026-05-17 19:23:36.017 [main] DEBUG org.hibernate.SQL - 
    create table idempotency_keys (
        status_code integer not null,
        created_at timestamp(6) not null,
        id bigint generated by default as identity,
        user_id bigint not null,
        endpoint varchar(255) not null,
        idempotency_key varchar(255) not null,
        response_body TEXT,
        primary key (id),
        unique (idempotency_key, user_id, endpoint)
    )
2026-05-17 19:23:36.017 [main] DEBUG org.hibernate.SQL - 
    create table kafka_outbox_events (
        attempts integer not null,
        created_at timestamp(6) not null,
        id bigint generated by default as identity,
        published_at timestamp(6),
        updated_at timestamp(6) not null,
        user_id bigint,
        event_id varchar(36) not null,
        event_type varchar(120) not null,
        event_key varchar(200),
        topic varchar(200) not null,
        last_error TEXT,
        payload TEXT not null,
        status enum ('FAILED','PENDING','PUBLISHED') not null,
        primary key (id)
    )
2026-05-17 19:23:36.018 [main] DEBUG org.hibernate.SQL - 
    create table notification_deliveries (
        attempt_count integer not null,
        created_at timestamp(6) not null,
        id bigint generated by default as identity,
        next_retry timestamp(6),
        notification_id bigint not null,
        sent_at timestamp(6),
        last_error varchar(500),
        channel enum ('EMAIL','IN_APP','WEBHOOK') not null,
        status enum ('FAILED','PENDING','RETRYING','SENT') not null,
        primary key (id)
    )
2026-05-17 19:23:36.018 [main] DEBUG org.hibernate.SQL - 
    create table notification_preferences (
        alert_email boolean not null,
        alert_in_app boolean not null,
        budget_alert_threshold integer not null,
        budget_alerts_enabled boolean not null,
        created_at timestamp(6) not null,
        id bigint generated by default as identity,
        updated_at timestamp(6) not null,
        user_id bigint not null unique,
        alert_frequency enum ('DAILY','REAL_TIME','WEEKLY') not null,
        primary key (id)
    )
2026-05-17 19:23:36.018 [main] DEBUG org.hibernate.SQL - 
    create table notifications (
        read boolean not null,
        created_at timestamp(6) not null,
        id bigint generated by default as identity,
        read_at timestamp(6),
        user_id bigint not null,
        message TEXT not null,
        metadata JSON,
        title varchar(255) not null,
        type enum ('ANOMALY_ALERT','BUDGET_ALERT','RECONCILIATION_ALERT','SYSTEM') not null,
        primary key (id)
    )
2026-05-17 19:23:36.018 [main] DEBUG org.hibernate.SQL - 
    create table reconciliation_batches (
        batch_date date not null,
        discrepancy_amount numeric(15,2),
        matched_transactions integer not null,
        total_transactions integer not null,
        unmatched_transactions integer not null,
        created_at timestamp(6) not null,
        id bigint generated by default as identity,
        updated_at timestamp(6) not null,
        user_id bigint not null,
        status enum ('COMPLETED','FAILED','IN_PROGRESS','PENDING') not null,
        primary key (id)
    )
2026-05-17 19:23:36.019 [main] DEBUG org.hibernate.SQL - 
    create table reconciliation_schedule_preferences (
        enabled boolean not null,
        created_at timestamp(6) not null,
        id bigint generated by default as identity,
        updated_at timestamp(6) not null,
        user_id bigint not null unique,
        primary key (id)
    )
2026-05-17 19:23:36.019 [main] DEBUG org.hibernate.SQL - 
    create table recurring_transactions (
        active boolean not null,
        amount numeric(15,2) not null,
        end_date date,
        next_occurrence date not null,
        start_date date not null,
        category_id bigint not null,
        id bigint generated by default as identity,
        user_id bigint not null,
        description varchar(500),
        amount_encrypted LONGBLOB,
        frequency enum ('DAILY','MONTHLY','WEEKLY','YEARLY') not null,
        type enum ('EXPENSE','INCOME') not null,
        primary key (id)
    )
2026-05-17 19:23:36.020 [main] DEBUG org.hibernate.SQL - 
    create table transaction_audit_log (
        new_amount numeric(15,2),
        old_amount numeric(15,2),
        id bigint generated by default as identity,
        performed_at timestamp(6) not null,
        transaction_id bigint,
        user_id bigint not null,
        new_type varchar(10),
        old_type varchar(10),
        new_category varchar(100),
        old_category varchar(100),
        new_description varchar(500),
        old_description varchar(500),
        performed_by varchar(255) not null,
        action enum ('CREATE','DELETE','UPDATE') not null,
        primary key (id)
    )
2026-05-17 19:23:36.021 [main] DEBUG org.hibernate.SQL - 
    create table transaction_matches (
        external_amount numeric(15,2) not null,
        internal_amount numeric(15,2) not null,
        match_confidence numeric(5,2),
        variance_amount numeric(15,2),
        created_at timestamp(6) not null,
        id bigint generated by default as identity,
        internal_transaction_id bigint not null,
        matched_at timestamp(6),
        reconciliation_batch_id bigint not null,
        notes varchar(500),
        external_transaction_id varchar(255),
        match_status enum ('EXACT_MATCH','NO_MATCH','PARTIAL_MATCH') not null,
        primary key (id)
    )
2026-05-17 19:23:36.021 [main] DEBUG org.hibernate.SQL - 
    create table transactions (
        amount numeric(15,2) not null,
        date date not null,
        category_id bigint not null,
        created_at timestamp(6) not null,
        id bigint generated by default as identity,
        user_id bigint not null,
        description varchar(500),
        amount_encrypted LONGBLOB,
        description_encrypted LONGBLOB,
        type enum ('EXPENSE','INCOME') not null,
        primary key (id)
    )
2026-05-17 19:23:36.021 [main] DEBUG org.hibernate.SQL - 
    create table user_wallets (
        balance numeric(20,8) not null,
        primary_wallet boolean not null,
        created_at timestamp(6) not null,
        currency_id bigint not null,
        id bigint generated by default as identity,
        updated_at timestamp(6) not null,
        user_id bigint not null,
        wallet_name varchar(100),
        primary key (id)
    )
2026-05-17 19:23:36.022 [main] DEBUG org.hibernate.SQL - 
    create table users (
        is_deleted BOOLEAN DEFAULT FALSE not null,
        created_at timestamp(6) not null,
        deletion_requested_at timestamp(6),
        hard_delete_scheduled_at timestamp(6),
        id bigint generated by default as identity,
        last_login timestamp(6),
        name varchar(100) not null,
        email varchar(150) not null unique,
        deletion_reason varchar(255),
        password varchar(255) not null,
        role enum ('ADMIN','USER') not null,
        primary key (id)
    )
2026-05-17 19:23:36.022 [main] DEBUG org.hibernate.SQL - 
    create table webhook_deliveries (
        attempt_count integer not null,
        response_status_code integer,
        created_at timestamp(6) not null,
        delivered_at timestamp(6),
        id bigint generated by default as identity,
        next_retry timestamp(6),
        webhook_id bigint not null,
        event_type varchar(100) not null,
        payload JSON not null,
        response_body TEXT,
        status enum ('DELIVERED','FAILED','PENDING') not null,
        primary key (id)
    )
2026-05-17 19:23:36.022 [main] DEBUG org.hibernate.SQL - 
    create table webhooks (
        active boolean not null,
        retry_count integer not null,
        created_at timestamp(6) not null,
        id bigint generated by default as identity,
        updated_at timestamp(6) not null,
        user_id bigint not null,
        secret varchar(256) not null,
        url varchar(500) not null,
        event_types varchar(1000) not null,
        primary key (id)
    )
2026-05-17 19:23:36.023 [main] DEBUG org.hibernate.SQL - 
    create index idx_external_user_date 
       on external_transactions (user_id, transaction_date)
2026-05-17 19:23:36.023 [main] DEBUG org.hibernate.SQL - 
    create index idx_external_source 
       on external_transactions (source)
2026-05-17 19:23:36.023 [main] DEBUG org.hibernate.SQL - 
    create index idx_outbox_status_created 
       on kafka_outbox_events (status, created_at)
2026-05-17 19:23:36.023 [main] DEBUG org.hibernate.SQL - 
    create index idx_delivery_status 
       on notification_deliveries (status)
2026-05-17 19:23:36.023 [main] DEBUG org.hibernate.SQL - 
    create index idx_delivery_next_retry 
       on notification_deliveries (next_retry)
2026-05-17 19:23:36.023 [main] DEBUG org.hibernate.SQL - 
    create index idx_notification_user_read 
       on notifications (user_id, read)
2026-05-17 19:23:36.023 [main] DEBUG org.hibernate.SQL - 
    create index idx_notification_created 
       on notifications (created_at)
2026-05-17 19:23:36.023 [main] DEBUG org.hibernate.SQL - 
    create index idx_reconciliation_user_date 
       on reconciliation_batches (user_id, batch_date)
2026-05-17 19:23:36.023 [main] DEBUG org.hibernate.SQL - 
    create index idx_reconciliation_status 
       on reconciliation_batches (status)
2026-05-17 19:23:36.023 [main] DEBUG org.hibernate.SQL - 
    create index idx_audit_transaction 
       on transaction_audit_log (transaction_id)
2026-05-17 19:23:36.024 [main] DEBUG org.hibernate.SQL - 
    create index idx_audit_user 
       on transaction_audit_log (user_id)
2026-05-17 19:23:36.024 [main] DEBUG org.hibernate.SQL - 
    create index idx_audit_performed_at 
       on transaction_audit_log (performed_at)
2026-05-17 19:23:36.024 [main] DEBUG org.hibernate.SQL - 
    create index idx_match_batch 
       on transaction_matches (reconciliation_batch_id)
2026-05-17 19:23:36.024 [main] DEBUG org.hibernate.SQL - 
    create index idx_match_status 
       on transaction_matches (match_status)
2026-05-17 19:23:36.024 [main] DEBUG org.hibernate.SQL - 
    create index idx_transaction_user_date 
       on transactions (user_id, date)
2026-05-17 19:23:36.024 [main] DEBUG org.hibernate.SQL - 
    create index idx_transaction_user_category 
       on transactions (user_id, category_id)
2026-05-17 19:23:36.024 [main] DEBUG org.hibernate.SQL - 
    create index idx_webhook_delivery_status 
       on webhook_deliveries (status)
2026-05-17 19:23:36.024 [main] DEBUG org.hibernate.SQL - 
    create index idx_webhook_delivery_next_retry 
       on webhook_deliveries (next_retry)
2026-05-17 19:23:36.024 [main] DEBUG org.hibernate.SQL - 
    alter table if exists budgets 
       add constraint FKn7qib00712y8dwelmqfwis6ka 
       foreign key (category_id) 
       references categories
2026-05-17 19:23:36.025 [main] DEBUG org.hibernate.SQL - 
    alter table if exists budgets 
       add constraint FKln0tm5tgf3f9q3sp9sa5m8m7b 
       foreign key (user_id) 
       references users
2026-05-17 19:23:36.025 [main] DEBUG org.hibernate.SQL - 
    alter table if exists exchange_rates 
       add constraint FKhkch9xmcqrklukbwkv5q3jf7p 
       foreign key (from_currency_id) 
       references currencies
2026-05-17 19:23:36.025 [main] DEBUG org.hibernate.SQL - 
    alter table if exists exchange_rates 
       add constraint FK7mxjkyobm460mictds6935plq 
       foreign key (to_currency_id) 
       references currencies
2026-05-17 19:23:36.026 [main] DEBUG org.hibernate.SQL - 
    alter table if exists external_transactions 
       add constraint FKblyu19aj4gct89w9k2thkbs0w 
       foreign key (user_id) 
       references users
2026-05-17 19:23:36.026 [main] DEBUG org.hibernate.SQL - 
    alter table if exists notification_deliveries 
       add constraint FK7wuwttjtl6k3gh24n8erl562y 
       foreign key (notification_id) 
       references notifications
2026-05-17 19:23:36.026 [main] DEBUG org.hibernate.SQL - 
    alter table if exists notification_preferences 
       add constraint FKt9qjvmcl36i14utm5uptyqg84 
       foreign key (user_id) 
       references users
2026-05-17 19:23:36.026 [main] DEBUG org.hibernate.SQL - 
    alter table if exists notifications 
       add constraint FK9y21adhxn0ayjhfocscqox7bh 
       foreign key (user_id) 
       references users
2026-05-17 19:23:36.027 [main] DEBUG org.hibernate.SQL - 
    alter table if exists reconciliation_batches 
       add constraint FKqpn4xc962on3h06asnl3dl0cn 
       foreign key (user_id) 
       references users
2026-05-17 19:23:36.027 [main] DEBUG org.hibernate.SQL - 
    alter table if exists reconciliation_schedule_preferences 
       add constraint FKmna4ggwc2242yv7r4bjjomhmu 
       foreign key (user_id) 
       references users
2026-05-17 19:23:36.027 [main] DEBUG org.hibernate.SQL - 
    alter table if exists recurring_transactions 
       add constraint FKf1byxnna01ws6w75pqc652kvj 
       foreign key (category_id) 
       references categories
2026-05-17 19:23:36.027 [main] DEBUG org.hibernate.SQL - 
    alter table if exists recurring_transactions 
       add constraint FK59dmexrjod697u8j37s0nhyhd 
       foreign key (user_id) 
       references users
2026-05-17 19:23:36.027 [main] DEBUG org.hibernate.SQL - 
    alter table if exists transaction_matches 
       add constraint FKlmnynefki8v8nk505ld75lpig 
       foreign key (internal_transaction_id) 
       references transactions
2026-05-17 19:23:36.028 [main] DEBUG org.hibernate.SQL - 
    alter table if exists transaction_matches 
       add constraint FKldg3x4d01dn2wiwf3yaxyrqi6 
       foreign key (reconciliation_batch_id) 
       references reconciliation_batches
2026-05-17 19:23:36.028 [main] DEBUG org.hibernate.SQL - 
    alter table if exists transactions 
       add constraint FKsqqi7sneo04kast0o138h19mv 
       foreign key (category_id) 
       references categories
2026-05-17 19:23:36.028 [main] DEBUG org.hibernate.SQL - 
    alter table if exists transactions 
       add constraint FKqwv7rmvc8va8rep7piikrojds 
       foreign key (user_id) 
       references users
2026-05-17 19:23:36.028 [main] DEBUG org.hibernate.SQL - 
    alter table if exists user_wallets 
       add constraint FKj46a6ljs7oe7cj2rd42o001rp 
       foreign key (currency_id) 
       references currencies
2026-05-17 19:23:36.029 [main] DEBUG org.hibernate.SQL - 
    alter table if exists user_wallets 
       add constraint FK423n8ap6gdudl8fcab7ugv3qt 
       foreign key (user_id) 
       references users
2026-05-17 19:23:36.029 [main] DEBUG org.hibernate.SQL - 
    alter table if exists webhook_deliveries 
       add constraint FKmlt1l0yp2hoejx1be6qw10u5n 
       foreign key (webhook_id) 
       references webhooks
2026-05-17 19:23:36.029 [main] DEBUG org.hibernate.SQL - 
    alter table if exists webhooks 
       add constraint FKa6h59mek9bcdkqgmnt7lc06ip 
       foreign key (user_id) 
       references users
2026-05-17 19:23:36.030 [main] INFO  o.s.o.j.LocalContainerEntityManagerFactoryBean - Initialized JPA EntityManagerFactory for persistence unit 'default'
2026-05-17 19:23:36.284 [main] INFO  o.s.b.web.servlet.RegistrationBean - Filter auditLogFilterRegistration was not registered (disabled)
2026-05-17 19:23:36.284 [main] INFO  o.s.b.web.servlet.RegistrationBean - Filter idempotencyFilterRegistration was not registered (disabled)
2026-05-17 19:23:36.304 [main] DEBUG c.f.security.JwtAuthenticationFilter - Filter 'jwtAuthenticationFilter' configured for use
2026-05-17 19:23:36.304 [main] DEBUG c.f.security.RateLimitingFilter - Filter 'rateLimitingFilter' configured for use
2026-05-17 19:23:36.502 [main] INFO  o.s.s.c.a.a.c.InitializeUserDetailsBeanManagerConfigurer$InitializeUserDetailsManagerConfigurer - Global AuthenticationManager configured with UserDetailsService bean with name customUserDetailsService
2026-05-17 19:23:37.297 [main] INFO  o.s.b.a.e.web.EndpointLinksResolver - Exposing 5 endpoints beneath base path '/actuator'
2026-05-17 19:23:37.356 [main] DEBUG o.s.s.web.DefaultSecurityFilterChain - Will secure any request with filters: DisableEncodeUrlFilter, WebAsyncManagerIntegrationFilter, SecurityContextHolderFilter, HeaderWriterFilter, CorsFilter, LogoutFilter, RateLimitingFilter, JwtAuthenticationFilter, AuditLogFilter, IdempotencyFilter, RequestCacheAwareFilter, SecurityContextHolderAwareRequestFilter, AnonymousAuthenticationFilter, SessionManagementFilter, ExceptionTranslationFilter, AuthorizationFilter
2026-05-17 19:23:37.774 [main] INFO  o.a.c.c.C.[Tomcat].[localhost].[/] - Initializing Spring TestDispatcherServlet ''
2026-05-17 19:23:37.774 [main] INFO  o.s.t.w.s.TestDispatcherServlet - Initializing Servlet ''
2026-05-17 19:23:37.774 [main] INFO  o.s.t.w.s.TestDispatcherServlet - Completed initialization in 0 ms
2026-05-17 19:23:37.811 [main] INFO  o.a.coyote.http11.Http11NioProtocol - Starting ProtocolHandler ["http-nio-auto-1"]
2026-05-17 19:23:37.832 [main] INFO  o.s.b.w.e.tomcat.TomcatWebServer - Tomcat started on port 59416 (http) with context path '/'
2026-05-17 19:23:37.833 [main] INFO  c.u.j.c.RefreshScopeRefreshedEventListener - Refreshing cached encryptable property sources on ServletWebServerInitializedEvent
2026-05-17 19:23:37.833 [main] INFO  c.u.j.c.CachingDelegateEncryptablePropertySource - Property Source Annotations refreshed
2026-05-17 19:23:37.833 [main] INFO  c.u.j.c.CachingDelegateEncryptablePropertySource - Property Source test refreshed
2026-05-17 19:23:37.833 [main] INFO  c.u.j.c.CachingDelegateEncryptablePropertySource - Property Source Inlined Test Properties refreshed
2026-05-17 19:23:37.833 [main] INFO  c.u.j.c.CachingDelegateEncryptablePropertySource - Property Source active-test-profiles refreshed
2026-05-17 19:23:37.833 [main] INFO  c.u.j.c.CachingDelegateEncryptablePropertySource - Property Source systemProperties refreshed
2026-05-17 19:23:37.833 [main] INFO  c.u.j.c.CachingDelegateEncryptablePropertySource - Property Source systemEnvironment refreshed
2026-05-17 19:23:37.833 [main] INFO  c.u.j.c.CachingDelegateEncryptablePropertySource - Property Source random refreshed
2026-05-17 19:23:37.833 [main] INFO  c.u.j.c.CachingDelegateEncryptablePropertySource - Property Source Config resource 'class path resource [application-test.properties]' via location 'optional:classpath:/' refreshed
2026-05-17 19:23:37.833 [main] INFO  c.u.j.c.CachingDelegateEncryptablePropertySource - Property Source Config resource 'class path resource [application.properties]' via location 'optional:classpath:/' refreshed
2026-05-17 19:23:37.833 [main] INFO  c.u.j.c.CachingDelegateEncryptablePropertySource - Property Source applicationInfo refreshed
2026-05-17 19:23:37.833 [main] INFO  c.u.j.EncryptablePropertySourceConverter - Skipping PropertySource configurationProperties [class org.springframework.boot.context.properties.source.ConfigurationPropertySourcesPropertySource
2026-05-17 19:23:37.833 [main] INFO  c.u.j.EncryptablePropertySourceConverter - Skipping PropertySource servletConfigInitParams [class org.springframework.core.env.PropertySource$StubPropertySource
2026-05-17 19:23:37.833 [main] INFO  c.u.j.EncryptablePropertySourceConverter - Converting PropertySource servletContextInitParams [org.springframework.web.context.support.ServletContextPropertySource] to EncryptableEnumerablePropertySourceWrapper
2026-05-17 19:23:37.833 [main] INFO  c.u.j.EncryptablePropertySourceConverter - Converting PropertySource Management Server [org.springframework.boot.actuate.autoconfigure.web.server.ManagementContextAutoConfiguration$LocalManagementPortPropertySource] to EncryptableEnumerablePropertySourceWrapper
2026-05-17 19:23:37.841 [main] INFO  c.f.c.ReconciliationIntegrationTest - Started ReconciliationIntegrationTest in 2.582 seconds (process running for 23.009)
2026-05-17 19:23:37.856 [main] DEBUG org.hibernate.SQL - 
    select
        tm1_0.id,
        tm1_0.created_at,
        tm1_0.external_amount,
        tm1_0.external_transaction_id,
        tm1_0.internal_amount,
        tm1_0.internal_transaction_id,
        tm1_0.match_confidence,
        tm1_0.match_status,
        tm1_0.matched_at,
        tm1_0.notes,
        tm1_0.reconciliation_batch_id,
        tm1_0.variance_amount 
    from
        transaction_matches tm1_0
2026-05-17 19:23:37.859 [main] DEBUG org.hibernate.SQL - 
    select
        et1_0.id,
        et1_0.amount,
        et1_0.description,
        et1_0.external_id,
        et1_0.imported_at,
        et1_0.source,
        et1_0.transaction_date,
        et1_0.user_id 
    from
        external_transactions et1_0
2026-05-17 19:23:37.860 [main] DEBUG org.hibernate.SQL - 
    select
        rb1_0.id,
        rb1_0.batch_date,
        rb1_0.created_at,
        rb1_0.discrepancy_amount,
        rb1_0.matched_transactions,
        rb1_0.status,
        rb1_0.total_transactions,
        rb1_0.unmatched_transactions,
        rb1_0.updated_at,
        rb1_0.user_id 
    from
        reconciliation_batches rb1_0
2026-05-17 19:23:37.861 [main] DEBUG org.hibernate.SQL - 
    select
        t1_0.id,
        t1_0.amount,
        t1_0.amount_encrypted,
        t1_0.category_id,
        t1_0.created_at,
        t1_0.date,
        t1_0.description,
        t1_0.description_encrypted,
        t1_0.type,
        t1_0.user_id 
    from
        transactions t1_0
2026-05-17 19:23:37.862 [main] DEBUG org.hibernate.SQL - 
    select
        c1_0.id,
        c1_0.name,
        c1_0.type 
    from
        categories c1_0
2026-05-17 19:23:37.864 [main] DEBUG org.hibernate.SQL - 
    select
        u1_0.id,
        u1_0.created_at,
        u1_0.deletion_reason,
        u1_0.deletion_requested_at,
        u1_0.email,
        u1_0.hard_delete_scheduled_at,
        u1_0.is_deleted,
        u1_0.last_login,
        u1_0.name,
        u1_0.password,
        u1_0.role 
    from
        users u1_0
2026-05-17 19:23:37.868 [main] DEBUG org.hibernate.SQL - 
    insert 
    into
        users
        (created_at, deletion_reason, deletion_requested_at, email, hard_delete_scheduled_at, is_deleted, last_login, name, password, role, id) 
    values
        (?, ?, ?, ?, ?, ?, ?, ?, ?, ?, default)
2026-05-17 19:23:37.873 [main] DEBUG org.hibernate.SQL - 
    insert 
    into
        categories
        (name, type, id) 
    values
        (?, ?, default)
2026-05-17 19:23:37.874 [main] DEBUG org.hibernate.SQL - 
    insert 
    into
        transactions
        (amount, amount_encrypted, category_id, created_at, date, description, description_encrypted, type, user_id, id) 
    values
        (?, ?, ?, ?, ?, ?, ?, ?, ?, default)
2026-05-17 19:23:37.879 [main] DEBUG org.hibernate.SQL - 
    select
        u1_0.id,
        u1_0.created_at,
        u1_0.deletion_reason,
        u1_0.deletion_requested_at,
        u1_0.email,
        u1_0.hard_delete_scheduled_at,
        u1_0.is_deleted,
        u1_0.last_login,
        u1_0.name,
        u1_0.password,
        u1_0.role 
    from
        users u1_0 
    where
        u1_0.id=?
2026-05-17 19:23:37.880 [main] DEBUG org.hibernate.SQL - 
    insert 
    into
        reconciliation_batches
        (batch_date, created_at, discrepancy_amount, matched_transactions, status, total_transactions, unmatched_transactions, updated_at, user_id, id) 
    values
        (?, ?, ?, ?, ?, ?, ?, ?, ?, default)
2026-05-17 19:23:37.881 [main] INFO  c.f.service.ReconciliationService - Initialized reconciliation batch for user 1 on date 2026-05-17
2026-05-17 19:23:37.920 [main] DEBUG org.hibernate.SQL - 
    select
        u1_0.id,
        u1_0.created_at,
        u1_0.deletion_reason,
        u1_0.deletion_requested_at,
        u1_0.email,
        u1_0.hard_delete_scheduled_at,
        u1_0.is_deleted,
        u1_0.last_login,
        u1_0.name,
        u1_0.password,
        u1_0.role 
    from
        users u1_0 
    where
        u1_0.id=?
2026-05-17 19:23:37.923 [main] DEBUG org.hibernate.SQL - 
    select
        et1_0.id,
        et1_0.amount,
        et1_0.description,
        et1_0.external_id,
        et1_0.imported_at,
        et1_0.source,
        et1_0.transaction_date,
        et1_0.user_id 
    from
        external_transactions et1_0 
    left join
        users u1_0 
            on u1_0.id=et1_0.user_id 
    where
        et1_0.external_id=? 
        and et1_0.source=? 
        and u1_0.id=?
2026-05-17 19:23:37.924 [main] DEBUG org.hibernate.SQL - 
    insert 
    into
        external_transactions
        (amount, description, external_id, imported_at, source, transaction_date, user_id, id) 
    values
        (?, ?, ?, ?, ?, ?, ?, default)
2026-05-17 19:23:37.924 [main] INFO  c.f.service.ReconciliationService - Imported 1 external transactions for user 1
2026-05-17 19:23:37.928 [main] DEBUG org.hibernate.SQL - 
    select
        rb1_0.id,
        rb1_0.batch_date,
        rb1_0.created_at,
        rb1_0.discrepancy_amount,
        rb1_0.matched_transactions,
        rb1_0.status,
        rb1_0.total_transactions,
        rb1_0.unmatched_transactions,
        rb1_0.updated_at,
        rb1_0.user_id 
    from
        reconciliation_batches rb1_0 
    left join
        users u1_0 
            on u1_0.id=rb1_0.user_id 
    where
        u1_0.id=? 
        and rb1_0.batch_date=?
2026-05-17 19:23:37.929 [main] DEBUG org.hibernate.SQL - 
    select
        t1_0.id,
        t1_0.amount,
        t1_0.amount_encrypted,
        t1_0.category_id,
        t1_0.created_at,
        t1_0.date,
        t1_0.description,
        t1_0.description_encrypted,
        t1_0.type,
        t1_0.user_id 
    from
        transactions t1_0 
    left join
        users u1_0 
            on u1_0.id=t1_0.user_id 
    where
        u1_0.id=? 
        and t1_0.date=?
2026-05-17 19:23:37.931 [main] DEBUG org.hibernate.SQL - 
    select
        et1_0.id,
        et1_0.amount,
        et1_0.description,
        et1_0.external_id,
        et1_0.imported_at,
        et1_0.source,
        et1_0.transaction_date,
        et1_0.user_id 
    from
        external_transactions et1_0 
    left join
        users u1_0 
            on u1_0.id=et1_0.user_id 
    where
        u1_0.id=? 
        and et1_0.transaction_date=? 
    order by
        et1_0.transaction_date desc
2026-05-17 19:23:37.933 [main] DEBUG org.hibernate.SQL - 
    insert 
    into
        transaction_matches
        (created_at, external_amount, external_transaction_id, internal_amount, internal_transaction_id, match_confidence, match_status, matched_at, notes, reconciliation_batch_id, variance_amount, id) 
    values
        (?, ?, ?, ?, ?, ?, ?, ?, ?, ?, ?, default)
2026-05-17 19:23:37.933 [main] INFO  c.f.service.ReconciliationService - Completed reconciliation for user 1 on date 2026-05-17. Matched: 1/1
2026-05-17 19:23:37.933 [main] DEBUG org.hibernate.SQL - 
    update
        reconciliation_batches 
    set
        batch_date=?,
        discrepancy_amount=?,
        matched_transactions=?,
        status=?,
        total_transactions=?,
        unmatched_transactions=?,
        updated_at=?,
        user_id=? 
    where
        id=?
2026-05-17 19:23:37.935 [main] DEBUG org.hibernate.SQL - 
    select
        rb1_0.id,
        rb1_0.batch_date,
        rb1_0.created_at,
        rb1_0.discrepancy_amount,
        rb1_0.matched_transactions,
        rb1_0.status,
        rb1_0.total_transactions,
        rb1_0.unmatched_transactions,
        rb1_0.updated_at,
        rb1_0.user_id 
    from
        reconciliation_batches rb1_0 
    where
        rb1_0.id=?
2026-05-17 19:23:37.937 [main] DEBUG org.hibernate.SQL - 
    select
        tm1_0.id,
        tm1_0.created_at,
        tm1_0.external_amount,
        tm1_0.external_transaction_id,
        tm1_0.internal_amount,
        tm1_0.internal_transaction_id,
        tm1_0.match_confidence,
        tm1_0.match_status,
        tm1_0.matched_at,
        tm1_0.notes,
        tm1_0.reconciliation_batch_id,
        tm1_0.variance_amount 
    from
        transaction_matches tm1_0 
    left join
        reconciliation_batches rb1_0 
            on rb1_0.id=tm1_0.reconciliation_batch_id 
    where
        rb1_0.id=?
2026-05-17 19:23:37.950 [main] DEBUG org.hibernate.SQL - 
    select
        rb1_0.id,
        rb1_0.batch_date,
        rb1_0.created_at,
        rb1_0.discrepancy_amount,
        rb1_0.matched_transactions,
        rb1_0.status,
        rb1_0.total_transactions,
        rb1_0.unmatched_transactions,
        rb1_0.updated_at,
        rb1_0.user_id 
    from
        reconciliation_batches rb1_0 
    where
        rb1_0.id=?
2026-05-17 19:23:37.951 [main] DEBUG org.hibernate.SQL - 
    select
        tm1_0.id,
        tm1_0.created_at,
        tm1_0.external_amount,
        tm1_0.external_transaction_id,
        tm1_0.internal_amount,
        tm1_0.internal_transaction_id,
        tm1_0.match_confidence,
        tm1_0.match_status,
        tm1_0.matched_at,
        tm1_0.notes,
        tm1_0.reconciliation_batch_id,
        tm1_0.variance_amount 
    from
        transaction_matches tm1_0 
    left join
        reconciliation_batches rb1_0 
            on rb1_0.id=tm1_0.reconciliation_batch_id 
    where
        rb1_0.id=?
[INFO] Tests run: 1, Failures: 0, Errors: 0, Skipped: 0, Time elapsed: 2.703 s -- in com.finsight.controller.ReconciliationIntegrationTest
[INFO] Running com.finsight.service.ExportServiceTest
[INFO] Tests run: 5, Failures: 0, Errors: 0, Skipped: 0, Time elapsed: 0.098 s -- in com.finsight.service.ExportServiceTest
[INFO] Running com.finsight.service.CategoryServiceTest
[INFO] Tests run: 5, Failures: 0, Errors: 0, Skipped: 0, Time elapsed: 0.053 s -- in com.finsight.service.CategoryServiceTest
[INFO] Running com.finsight.service.RecurringTransactionServiceTest
2026-05-17 19:23:38.235 [main] INFO  c.f.s.RecurringTransactionService - Created recurring transaction for user=1 amount=15000 category=Rent
2026-05-17 19:23:38.237 [main] INFO  c.f.s.RecurringTransactionService - Created recurring transaction for user=1 amount=15000 category=Rent
[INFO] Tests run: 9, Failures: 0, Errors: 0, Skipped: 0, Time elapsed: 0.134 s -- in com.finsight.service.RecurringTransactionServiceTest
[INFO] Running com.finsight.service.TransactionServiceTest
[INFO] Tests run: 5, Failures: 0, Errors: 0, Skipped: 0, Time elapsed: 0.046 s -- in com.finsight.service.TransactionServiceTest
[INFO] Running com.finsight.service.AnalyticsServiceTest
[INFO] Tests run: 12, Failures: 0, Errors: 0, Skipped: 0, Time elapsed: 0.016 s -- in com.finsight.service.AnalyticsServiceTest
[INFO] Running com.finsight.service.BudgetServiceTest
[INFO] Tests run: 5, Failures: 0, Errors: 0, Skipped: 0, Time elapsed: 0.054 s -- in com.finsight.service.BudgetServiceTest
[INFO] 
[INFO] Results:
[INFO] 
[INFO] Tests run: 93, Failures: 0, Errors: 0, Skipped: 0
[INFO] 
[INFO] ------------------------------------------------------------------------
[INFO] BUILD SUCCESS
[INFO] ------------------------------------------------------------------------
[INFO] Total time:  25.170 s
[INFO] Finished at: 2026-05-17T19:23:38+05:30
[INFO] ------------------------------------------------------------------------
